Component: ARM Compiler 5.06 update 5 (build 528) Tool: armlink [4d35e2]

==============================================================================

Section Cross References

    heap_2.o(i.pvPortMalloc) refers to tasks.o(i.vTaskSuspendAll) for vTaskSuspendAll
    heap_2.o(i.pvPortMalloc) refers to tasks.o(i.xTaskResumeAll) for xTaskResumeAll
    heap_2.o(i.pvPortMalloc) refers to heap_2.o(.data) for .data
    heap_2.o(i.pvPortMalloc) refers to heap_2.o(.bss) for .bss
    heap_2.o(i.vPortFree) refers to tasks.o(i.vTaskSuspendAll) for vTaskSuspendAll
    heap_2.o(i.vPortFree) refers to tasks.o(i.xTaskResumeAll) for xTaskResumeAll
    heap_2.o(i.vPortFree) refers to heap_2.o(.data) for .data
    heap_2.o(i.xPortGetFreeHeapSize) refers to heap_2.o(.data) for .data
    led_task.o(i.LEDTask) refers to tasks.o(i.xTaskGetTickCount) for xTaskGetTickCount
    led_task.o(i.LEDTask) refers to queue.o(i.xQueueGenericReceive) for xQueueGenericReceive
    led_task.o(i.LEDTask) refers to rgb.o(i.RGBColorSet) for RGBColorSet
    led_task.o(i.LEDTask) refers to rgb.o(i.RGBEnable) for RGBEnable
    led_task.o(i.LEDTask) refers to rgb.o(i.RGBDisable) for RGBDisable
    led_task.o(i.LEDTask) refers to tasks.o(i.vTaskDelayUntil) for vTaskDelayUntil
    led_task.o(i.LEDTask) refers to led_task.o(.data) for .data
    led_task.o(i.LEDTask) refers to led_task.o(.bss) for .bss
    led_task.o(i.LEDTaskInit) refers to rgb.o(i.RGBInit) for RGBInit
    led_task.o(i.LEDTaskInit) refers to rgb.o(i.RGBIntensitySet) for RGBIntensitySet
    led_task.o(i.LEDTaskInit) refers to queue.o(i.xQueueGenericCreate) for xQueueGenericCreate
    led_task.o(i.LEDTaskInit) refers to tasks.o(i.xTaskGenericCreate) for xTaskGenericCreate
    led_task.o(i.LEDTaskInit) refers to led_task.o(.data) for .data
    led_task.o(i.LEDTaskInit) refers to led_task.o(i.LEDTask) for LEDTask
    port.o(.emb_text) refers to tasks.o(i.vTaskSwitchContext) for vTaskSwitchContext
    port.o(.emb_text) refers to tasks.o(.data) for pxCurrentTCB
    port.o(i.pxPortInitialiseStack) refers to port.o(i.prvTaskExitError) for prvTaskExitError
    port.o(i.vPortEnterCritical) refers to port.o(.data) for .data
    port.o(i.vPortExitCritical) refers to port.o(.data) for .data
    port.o(i.xPortStartScheduler) refers to port.o(i.vPortSetupTimerInterrupt) for vPortSetupTimerInterrupt
    port.o(i.xPortStartScheduler) refers to port.o(.emb_text) for __asm___6_port_c_39a90d8d__prvEnableVFP
    port.o(i.xPortStartScheduler) refers to port.o(.data) for .data
    port.o(i.xPortSysTickHandler) refers to tasks.o(i.xTaskIncrementTick) for xTaskIncrementTick
    queue.o(i.prvCopyDataFromQueue) refers to memcpya.o(.text) for __aeabi_memcpy
    queue.o(i.prvCopyDataToQueue) refers to memcpya.o(.text) for __aeabi_memcpy
    queue.o(i.prvCopyDataToQueue) refers to tasks.o(i.xTaskPriorityDisinherit) for xTaskPriorityDisinherit
    queue.o(i.prvUnlockQueue) refers to port.o(i.vPortEnterCritical) for vPortEnterCritical
    queue.o(i.prvUnlockQueue) refers to tasks.o(i.xTaskRemoveFromEventList) for xTaskRemoveFromEventList
    queue.o(i.prvUnlockQueue) refers to tasks.o(i.vTaskMissedYield) for vTaskMissedYield
    queue.o(i.prvUnlockQueue) refers to port.o(i.vPortExitCritical) for vPortExitCritical
    queue.o(i.uxQueueMessagesWaiting) refers to port.o(i.vPortEnterCritical) for vPortEnterCritical
    queue.o(i.uxQueueMessagesWaiting) refers to port.o(i.vPortExitCritical) for vPortExitCritical
    queue.o(i.uxQueueSpacesAvailable) refers to port.o(i.vPortEnterCritical) for vPortEnterCritical
    queue.o(i.uxQueueSpacesAvailable) refers to port.o(i.vPortExitCritical) for vPortExitCritical
    queue.o(i.vQueueAddToRegistry) refers to queue.o(.bss) for .bss
    queue.o(i.vQueueDelete) refers to queue.o(i.vQueueUnregisterQueue) for vQueueUnregisterQueue
    queue.o(i.vQueueDelete) refers to heap_2.o(i.vPortFree) for vPortFree
    queue.o(i.vQueueUnregisterQueue) refers to queue.o(.bss) for .bss
    queue.o(i.xQueueCreateMutex) refers to heap_2.o(i.pvPortMalloc) for pvPortMalloc
    queue.o(i.xQueueCreateMutex) refers to list.o(i.vListInitialise) for vListInitialise
    queue.o(i.xQueueCreateMutex) refers to queue.o(i.xQueueGenericSend) for xQueueGenericSend
    queue.o(i.xQueueGenericCreate) refers to heap_2.o(i.pvPortMalloc) for pvPortMalloc
    queue.o(i.xQueueGenericCreate) refers to queue.o(i.xQueueGenericReset) for xQueueGenericReset
    queue.o(i.xQueueGenericReceive) refers to port.o(i.vPortEnterCritical) for vPortEnterCritical
    queue.o(i.xQueueGenericReceive) refers to queue.o(i.prvCopyDataFromQueue) for prvCopyDataFromQueue
    queue.o(i.xQueueGenericReceive) refers to tasks.o(i.xTaskRemoveFromEventList) for xTaskRemoveFromEventList
    queue.o(i.xQueueGenericReceive) refers to port.o(i.vPortExitCritical) for vPortExitCritical
    queue.o(i.xQueueGenericReceive) refers to tasks.o(i.pvTaskIncrementMutexHeldCount) for pvTaskIncrementMutexHeldCount
[...]
    tasks.o(i.vTaskDelete) refers to tasks.o(.bss) for .bss
    tasks.o(i.vTaskEndScheduler) refers to port.o(i.vPortEndScheduler) for vPortEndScheduler
    tasks.o(i.vTaskEndScheduler) refers to tasks.o(.data) for .data
    tasks.o(i.vTaskMissedYield) refers to tasks.o(.data) for .data
    tasks.o(i.vTaskNotifyGiveFromISR) refers to list.o(i.vListInsertEnd) for vListInsertEnd
    tasks.o(i.vTaskNotifyGiveFromISR) refers to list.o(i.uxListRemove) for uxListRemove
    tasks.o(i.vTaskNotifyGiveFromISR) refers to tasks.o(.data) for .data
    tasks.o(i.vTaskNotifyGiveFromISR) refers to tasks.o(.bss) for .bss
    tasks.o(i.vTaskPlaceOnEventList) refers to list.o(i.vListInsert) for vListInsert
    tasks.o(i.vTaskPlaceOnEventList) refers to list.o(i.uxListRemove) for uxListRemove
    tasks.o(i.vTaskPlaceOnEventList) refers to tasks.o(i.prvAddCurrentTaskToDelayedList) for prvAddCurrentTaskToDelayedList
    tasks.o(i.vTaskPlaceOnEventList) refers to list.o(i.vListInsertEnd) for vListInsertEnd
    tasks.o(i.vTaskPlaceOnEventList) refers to tasks.o(.data) for .data
    tasks.o(i.vTaskPlaceOnEventList) refers to tasks.o(.bss) for .bss
    tasks.o(i.vTaskPlaceOnUnorderedEventList) refers to list.o(i.vListInsertEnd) for vListInsertEnd
    tasks.o(i.vTaskPlaceOnUnorderedEventList) refers to list.o(i.uxListRemove) for uxListRemove
    tasks.o(i.vTaskPlaceOnUnorderedEventList) refers to tasks.o(i.prvAddCurrentTaskToDelayedList) for prvAddCurrentTaskToDelayedList
    tasks.o(i.vTaskPlaceOnUnorderedEventList) refers to tasks.o(.data) for .data
    tasks.o(i.vTaskPlaceOnUnorderedEventList) refers to tasks.o(.bss) for .bss
    tasks.o(i.vTaskPriorityInherit) refers to list.o(i.uxListRemove) for uxListRemove
    tasks.o(i.vTaskPriorityInherit) refers to list.o(i.vListInsertEnd) for vListInsertEnd
    tasks.o(i.vTaskPriorityInherit) refers to tasks.o(.data) for .data
    tasks.o(i.vTaskPriorityInherit) refers to tasks.o(.bss) for .bss
    tasks.o(i.vTaskPrioritySet) refers to port.o(i.vPortEnterCritical) for vPortEnterCritical
    tasks.o(i.vTaskPrioritySet) refers to list.o(i.uxListRemove) for uxListRemove
    tasks.o(i.vTaskPrioritySet) refers to list.o(i.vListInsertEnd) for vListInsertEnd
    tasks.o(i.vTaskPrioritySet) refers to port.o(i.vPortExitCritical) for vPortExitCritical
    tasks.o(i.vTaskPrioritySet) refers to tasks.o(.data) for .data
    tasks.o(i.vTaskPrioritySet) refers to tasks.o(.bss) for .bss
    tasks.o(i.vTaskResume) refers to port.o(i.vPortEnterCritical) for vPortEnterCritical
    tasks.o(i.vTaskResume) refers to tasks.o(i.prvTaskIsTaskSuspended) for prvTaskIsTaskSuspended
    tasks.o(i.vTaskResume) refers to list.o(i.uxListRemove) for uxListRemove
    tasks.o(i.vTaskResume) refers to list.o(i.vListInsertEnd) for vListInsertEnd
    tasks.o(i.vTaskResume) refers to port.o(i.vPortExitCritical) for vPortExitCritical
    tasks.o(i.vTaskResume) refers to tasks.o(.data) for .data
    tasks.o(i.vTaskResume) refers to tasks.o(.bss) for .bss
    tasks.o(i.vTaskSetTimeOutState) refers to tasks.o(.data) for .data
    tasks.o(i.vTaskStartScheduler) refers to tasks.o(i.xTaskGenericCreate) for xTaskGenericCreate
    tasks.o(i.vTaskStartScheduler) refers to port.o(i.xPortStartScheduler) for xPortStartScheduler
    tasks.o(i.vTaskStartScheduler) refers to tasks.o(i.prvIdleTask) for prvIdleTask
    tasks.o(i.vTaskStartScheduler) refers to tasks.o(.data) for .data
    tasks.o(i.vTaskSuspend) refers to port.o(i.vPortEnterCritical) for vPortEnterCritical
    tasks.o(i.vTaskSuspend) refers to list.o(i.uxListRemove) for uxListRemove
    tasks.o(i.vTaskSuspend) refers to list.o(i.vListInsertEnd) for vListInsertEnd
    tasks.o(i.vTaskSuspend) refers to port.o(i.vPortExitCritical) for vPortExitCritical
    tasks.o(i.vTaskSuspend) refers to tasks.o(i.vTaskSwitchContext) for vTaskSwitchContext
    tasks.o(i.vTaskSuspend) refers to tasks.o(i.prvResetNextTaskUnblockTime) for prvResetNextTaskUnblockTime
    tasks.o(i.vTaskSuspend) refers to tasks.o(.data) for .data
    tasks.o(i.vTaskSuspend) refers to tasks.o(.bss) for .bss
    tasks.o(i.vTaskSuspendAll) refers to tasks.o(.data) for .data
    tasks.o(i.vTaskSwitchContext) refers to freertos_demo.o(i.vApplicationStackOverflowHook) for vApplicationStackOverflowHook
    tasks.o(i.vTaskSwitchContext) refers to tasks.o(.data) for .data
    tasks.o(i.vTaskSwitchContext) refers to tasks.o(.bss) for .bss
    tasks.o(i.xTaskCheckForTimeOut) refers to port.o(i.vPortEnterCritical) for vPortEnterCritical
    tasks.o(i.xTaskCheckForTimeOut) refers to tasks.o(i.vTaskSetTimeOutState) for vTaskSetTimeOutState
    tasks.o(i.xTaskCheckForTimeOut) refers to port.o(i.vPortExitCritical) for vPortExitCritical
    tasks.o(i.xTaskCheckForTimeOut) refers to tasks.o(.data) for .data
    tasks.o(i.xTaskGenericCreate) refers to heap_2.o(i.pvPortMalloc) for pvPortMalloc
    tasks.o(i.xTaskGenericCreate) refers to memseta.o(.text) for __aeabi_memset
    tasks.o(i.xTaskGenericCreate) refers to heap_2.o(i.vPortFree) for vPortFree
    tasks.o(i.xTaskGenericCreate) refers to list.o(i.vListInitialiseItem) for vListInitialiseItem
    tasks.o(i.xTaskGenericCreate) refers to port.o(i.pxPortInitialiseStack) for pxPortInitialiseStack
    tasks.o(i.xTaskGenericCreate) refers to port.o(i.vPortEnterCritical) for vPortEnterCritical
    tasks.o(i.xTaskGenericCreate) refers to list.o(i.vListInitialise) for vListInitialise
    tasks.o(i.xTaskGenericCreate) refers to list.o(i.vListInsertEnd) for vListInsertEnd
    tasks.o(i.xTaskGenericCreate) refers to port.o(i.vPortExitCritical) for vPortExitCritical
    tasks.o(i.xTaskGenericCreate) refers to tasks.o(.data) for .data
    tasks.o(i.xTaskGenericCreate) refers to tasks.o(.bss) for .bss
    tasks.o(i.xTaskGenericNotify) refers to port.o(i.vPortEnterCritical) for vPortEnterCritical
    tasks.o(i.xTaskGenericNotify) refers to list.o(i.uxListRemove) for uxListRemove
    tasks.o(i.xTaskGenericNotify) refers to list.o(i.vListInsertEnd) for vListInsertEnd
    tasks.o(i.xTaskGenericNotify) refers to port.o(i.vPortExitCritical) for vPortExitCritical
    tasks.o(i.xTaskGenericNotify) refers to tasks.o(.data) for .data
    tasks.o(i.xTaskGenericNotify) refers to tasks.o(.bss) for .bss
    tasks.o(i.xTaskGenericNotifyFromISR) refers to list.o(i.vListInsertEnd) for vListInsertEnd
    tasks.o(i.xTaskGenericNotifyFromISR) refers to list.o(i.uxListRemove) for uxListRemove
    tasks.o(i.xTaskGenericNotifyFromISR) refers to tasks.o(.data) for .data
    tasks.o(i.xTaskGenericNotifyFromISR) refers to tasks.o(.bss) for .bss
    tasks.o(i.xTaskGetCurrentTaskHandle) refers to tasks.o(.data) for .data
    tasks.o(i.xTaskGetTickCount) refers to tasks.o(.data) for .data
    tasks.o(i.xTaskGetTickCountFromISR) refers to tasks.o(.data) for .data
    tasks.o(i.xTaskIncrementTick) refers to tasks.o(i.prvResetNextTaskUnblockTime) for prvResetNextTaskUnblockTime
    tasks.o(i.xTaskIncrementTick) refers to list.o(i.uxListRemove) for uxListRemove
    tasks.o(i.xTaskIncrementTick) refers to list.o(i.vListInsertEnd) for vListInsertEnd
    tasks.o(i.xTaskIncrementTick) refers to tasks.o(.data) for .data
    tasks.o(i.xTaskIncrementTick) refers to tasks.o(.bss) for .bss
    tasks.o(i.xTaskNotifyStateClear) refers to port.o(i.vPortEnterCritical) for vPortEnterCritical
    tasks.o(i.xTaskNotifyStateClear) refers to port.o(i.vPortExitCritical) for vPortExitCritical
    tasks.o(i.xTaskNotifyStateClear) refers to tasks.o(.data) for .data
    tasks.o(i.xTaskNotifyWait) refers to port.o(i.vPortEnterCritical) for vPortEnterCritical
    tasks.o(i.xTaskNotifyWait) refers to list.o(i.uxListRemove) for uxListRemove
    tasks.o(i.xTaskNotifyWait) refers to tasks.o(i.prvAddCurrentTaskToDelayedList) for prvAddCurrentTaskToDelayedList
    tasks.o(i.xTaskNotifyWait) refers to port.o(i.vPortExitCritical) for vPortExitCritical
    tasks.o(i.xTaskNotifyWait) refers to list.o(i.vListInsertEnd) for vListInsertEnd
    tasks.o(i.xTaskNotifyWait) refers to tasks.o(.data) for .data
    tasks.o(i.xTaskNotifyWait) refers to tasks.o(.bss) for .bss
    tasks.o(i.xTaskPriorityDisinherit) refers to list.o(i.uxListRemove) for uxListRemove
    tasks.o(i.xTaskPriorityDisinherit) refers to list.o(i.vListInsertEnd) for vListInsertEnd
    tasks.o(i.xTaskPriorityDisinherit) refers to tasks.o(.bss) for .bss
    tasks.o(i.xTaskPriorityDisinherit) refers to tasks.o(.data) for .data
    tasks.o(i.xTaskRemoveFromEventList) refers to list.o(i.uxListRemove) for uxListRemove
    tasks.o(i.xTaskRemoveFromEventList) refers to list.o(i.vListInsertEnd) for vListInsertEnd
    tasks.o(i.xTaskRemoveFromEventList) refers to tasks.o(.data) for .data
    tasks.o(i.xTaskRemoveFromEventList) refers to tasks.o(.bss) for .bss
    tasks.o(i.xTaskRemoveFromUnorderedEventList) refers to list.o(i.uxListRemove) for uxListRemove
    tasks.o(i.xTaskRemoveFromUnorderedEventList) refers to list.o(i.vListInsertEnd) for vListInsertEnd
    tasks.o(i.xTaskRemoveFromUnorderedEventList) refers to tasks.o(.data) for .data
    tasks.o(i.xTaskRemoveFromUnorderedEventList) refers to tasks.o(.bss) for .bss
    tasks.o(i.xTaskResumeAll) refers to port.o(i.vPortEnterCritical) for vPortEnterCritical
    tasks.o(i.xTaskResumeAll) refers to list.o(i.uxListRemove) for uxListRemove
    tasks.o(i.xTaskResumeAll) refers to list.o(i.vListInsertEnd) for vListInsertEnd
    tasks.o(i.xTaskResumeAll) refers to tasks.o(i.xTaskIncrementTick) for xTaskIncrementTick
    tasks.o(i.xTaskResumeAll) refers to port.o(i.vPortExitCritical) for vPortExitCritical
    tasks.o(i.xTaskResumeAll) refers to tasks.o(.data) for .data
    tasks.o(i.xTaskResumeAll) refers to tasks.o(.bss) for .bss
    tasks.o(i.xTaskResumeFromISR) refers to tasks.o(i.prvTaskIsTaskSuspended) for prvTaskIsTaskSuspended
    tasks.o(i.xTaskResumeFromISR) refers to list.o(i.uxListRemove) for uxListRemove
    tasks.o(i.xTaskResumeFromISR) refers to list.o(i.vListInsertEnd) for vListInsertEnd
    tasks.o(i.xTaskResumeFromISR) refers to tasks.o(.data) for .data
    tasks.o(i.xTaskResumeFromISR) refers to tasks.o(.bss) for .bss
    uartstdio.o(i.UARTStdioConfig) refers to queue.o(i.xQueueCreateMutex) for xQueueCreateMutex
    uartstdio.o(i.UARTStdioConfig) refers to uartstdio.o(.constdata) for .constdata
    uartstdio.o(i.UARTStdioConfig) refers to uartstdio.o(.data) for .data
    uartstdio.o(i.UARTgetc) refers to uartstdio.o(.data) for .data
    uartstdio.o(i.UARTgets) refers to uartstdio.o(i.UARTwrite) for UARTwrite
    uartstdio.o(i.UARTgets) refers to uartstdio.o(.data) for .data
    uartstdio.o(i.UARTprintf) refers to queue.o(i.xQueueGenericReceive) for xQueueGenericReceive
    uartstdio.o(i.UARTprintf) refers to uartstdio.o(i.UARTvprintf) for UARTvprintf
    uartstdio.o(i.UARTprintf) refers to queue.o(i.xQueueGenericSend) for xQueueGenericSend
    uartstdio.o(i.UARTprintf) refers to uartstdio.o(.data) for .data
    uartstdio.o(i.UARTvprintf) refers to uartstdio.o(i.UARTwrite) for UARTwrite
    uartstdio.o(i.UARTvprintf) refers to uartstdio.o(.constdata) for .constdata
    uartstdio.o(i.UARTwrite) refers to uartstdio.o(.data) for .data
    uartstdio.o(.constdata) refers to uartstdio.o(.conststring) for .conststring
    ustdlib.o(i.ulocaltime) refers to ustdlib.o(.constdata) for .constdata
    ustdlib.o(i.umktime) refers to ustdlib.o(i.ulocaltime) for ulocaltime
    ustdlib.o(i.umktime) refers to ustdlib.o(i.ucmptime) for ucmptime
    ustdlib.o(i.urand) refers to ustdlib.o(.data) for .data
    ustdlib.o(i.usnprintf) refers to ustdlib.o(i.uvsnprintf) for uvsnprintf
    ustdlib.o(i.usprintf) refers to ustdlib.o(i.uvsnprintf) for uvsnprintf
    ustdlib.o(i.usrand) refers to ustdlib.o(.data) for .data
    ustdlib.o(i.ustrcasecmp) refers to ustdlib.o(i.ustrncasecmp) for ustrncasecmp
    ustdlib.o(i.ustrcmp) refers to ustdlib.o(i.ustrncmp) for ustrncmp
    ustdlib.o(i.ustrstr) refers to ustdlib.o(i.ustrlen) for ustrlen
    ustdlib.o(i.ustrstr) refers to ustdlib.o(i.ustrncmp) for ustrncmp
    ustdlib.o(i.ustrtof) refers to ustdlib.o(.constdata) for .constdata
    ustdlib.o(i.uvsnprintf) refers to ustdlib.o(i.ustrncpy) for ustrncpy
    ustdlib.o(i.uvsnprintf) refers to ustdlib.o(.constdata) for .constdata
    ustdlib.o(.constdata) refers to ustdlib.o(.conststring) for .conststring
    freertos_demo.o(i.ConfigureUART) refers to uart.o(i.UARTClockSourceSet) for UARTClockSourceSet
    freertos_demo.o(i.ConfigureUART) refers to uartstdio.o(i.UARTStdioConfig) for UARTStdioConfig
    freertos_demo.o(i.main) refers to freertos_demo.o(i.ConfigureUART) for ConfigureUART
    freertos_demo.o(i.main) refers to lcd.o(i.LCD_INIT) for LCD_INIT
    freertos_demo.o(i.main) refers to uartstdio.o(i.UARTprintf) for UARTprintf
    freertos_demo.o(i.main) refers to android_listen.o(i.ListenTaskInit) for ListenTaskInit
    freertos_demo.o(i.main) refers to states_tasks.o(i.statesTasksInit) for statesTasksInit
    freertos_demo.o(i.main) refers to tasks.o(i.vTaskStartScheduler) for vTaskStartScheduler
    switch_task.o(i.SwitchTaskInit) refers to buttons.o(i.ButtonsInit) for ButtonsInit
    switch_task.o(i.SwitchTaskInit) refers to lcd.o(i.LCD_print_string) for LCD_print_string
    switch_task.o(i.SwitchTaskInit) refers to switch_task.o(.data) for .data
    switch_task.o(i.SwitchTaskInit) refers to android_listen.o(.data) for androidINT
    buttons.o(i.ButtonsInit) refers to gpio.o(i.GPIOPinTypeGPIOOutput) for GPIOPinTypeGPIOOutput
    buttons.o(i.ButtonsInit) refers to gpio.o(i.GPIOPinTypeGPIOInput) for GPIOPinTypeGPIOInput
    buttons.o(i.ButtonsInit) refers to gpio.o(i.GPIOIntDisable) for GPIOIntDisable
    buttons.o(i.ButtonsInit) refers to gpio.o(i.GPIOIntTypeSet) for GPIOIntTypeSet
    buttons.o(i.ButtonsInit) refers to gpio.o(i.GPIOIntEnable) for GPIOIntEnable
    buttons.o(i.ButtonsInit) refers to gpio.o(i.GPIOIntRegister) for GPIOIntRegister
    buttons.o(i.ButtonsInit) refers to gpio.o(i.GPIOPinWrite) for GPIOPinWrite
    buttons.o(i.ButtonsInit) refers to buttons.o(i.onButtonInt) for onButtonInt
    buttons.o(i.ButtonsInit) refers to buttons.o(.data) for .data
    buttons.o(i.onButtonInt) refers to gpio.o(i.GPIOIntStatus) for GPIOIntStatus
    buttons.o(i.onButtonInt) refers to gpio.o(i.GPIOIntClear) for GPIOIntClear
    buttons.o(i.onButtonInt) refers to queue.o(i.xQueueGiveFromISR) for xQueueGiveFromISR
    buttons.o(i.onButtonInt) refers to buttons.o(.data) for .data
    buttons.o(i.onButtonInt) refers to states_tasks.o(.data) for xCentralButtonDownSemaphore
    lcd.o(i.LCD_INIT) refers to gpio.o(i.GPIOPinTypeGPIOOutput) for GPIOPinTypeGPIOOutput
    lcd.o(i.LCD_INIT) refers to lcd.o(i.Delay_ms) for Delay_ms
    lcd.o(i.LCD_INIT) refers to lcd.o(i.LCD_command) for LCD_command
    lcd.o(i.LCD_INIT) refers to lcd.o(i.LCD_print_string) for LCD_print_string
    lcd.o(i.LCD_clear) refers to lcd.o(i.LCD_command) for LCD_command
    lcd.o(i.LCD_command) refers to lcd.o(i.Delay_ms) for Delay_ms
    lcd.o(i.LCD_data) refers to lcd.o(i.Delay_ms) for Delay_ms
    lcd.o(i.LCD_print_string) refers to lcd.o(i.LCD_command) for LCD_command
    lcd.o(i.LCD_print_string) refers to lcd.o(i.LCD_data) for LCD_data
    android_listen.o(i.ListenTask) refers to uartstdio.o(i.UARTgetc) for UARTgetc
    android_listen.o(i.ListenTask) refers to android_listen.o(i.UnblockSwitchTask) for UnblockSwitchTask
    android_listen.o(i.ListenTask) refers to android_listen.o(.data) for .data
    android_listen.o(i.ListenTask) refers to buttons.o(.data) for INT_PIN_NUM
    android_listen.o(i.ListenTaskInit) refers to tasks.o(i.xTaskGenericCreate) for xTaskGenericCreate
    android_listen.o(i.ListenTaskInit) refers to android_listen.o(i.ListenTask) for ListenTask
    android_listen.o(i.UnblockSwitchTask) refers to queue.o(i.xQueueGiveFromISR) for xQueueGiveFromISR
    android_listen.o(i.UnblockSwitchTask) refers to switch_task.o(.data) for xButtonPressedSemaphore
    states_tasks.o(i.CentManualUpTask) refers to queue.o(i.xQueueGenericReceive) for xQueueGenericReceive
    states_tasks.o(i.CentManualUpTask) refers to states_tasks.o(i.CentralBtnUpRelease) for CentralBtnUpRelease
    states_tasks.o(i.CentManualUpTask) refers to lcd.o(i.Delay_ms) for Delay_ms
    states_tasks.o(i.CentManualUpTask) refers to states_tasks.o(i.CentralBtnUpPress) for CentralBtnUpPress
    states_tasks.o(i.CentManualUpTask) refers to states_tasks.o(.data) for .data
    states_tasks.o(i.CentManualUpTask) refers to buttons.o(.data) for bCentralBtnDebounceReady
    states_tasks.o(i.CentralBtnUpPress) refers to uartstdio.o(i.UARTprintf) for UARTprintf
    states_tasks.o(i.CentralBtnUpPress) refers to states_tasks.o(i.RedLEDOn) for RedLEDOn
    states_tasks.o(i.CentralBtnUpPress) refers to states_tasks.o(i.Force_Window_Up) for Force_Window_Up
    states_tasks.o(i.CentralBtnUpPress) refers to lcd.o(i.LCD_print_string) for LCD_print_string
    states_tasks.o(i.CentralBtnUpRelease) refers to uartstdio.o(i.UARTprintf) for UARTprintf
    states_tasks.o(i.CentralBtnUpRelease) refers to states_tasks.o(i.RedLEDOff) for RedLEDOff
    states_tasks.o(i.CentralBtnUpRelease) refers to states_tasks.o(i.Force_Window_Stop) for Force_Window_Stop
    states_tasks.o(i.CentralBtnUpRelease) refers to lcd.o(i.LCD_print_string) for LCD_print_string
    states_tasks.o(i.Force_Window_Stop) refers to gpio.o(i.GPIOPinWrite) for GPIOPinWrite
    states_tasks.o(i.Force_Window_Up) refers to gpio.o(i.GPIOPinWrite) for GPIOPinWrite
    states_tasks.o(i.RedLEDOff) refers to gpio.o(i.GPIOPinWrite) for GPIOPinWrite
    states_tasks.o(i.RedLEDOn) refers to gpio.o(i.GPIOPinWrite) for GPIOPinWrite
    states_tasks.o(i.semaphoresInit) refers to queue.o(i.xQueueCreateMutex) for xQueueCreateMutex
    states_tasks.o(i.semaphoresInit) refers to states_tasks.o(.data) for .data
    states_tasks.o(i.statesTasksInit) refers to tasks.o(i.xTaskGenericCreate) for xTaskGenericCreate
    states_tasks.o(i.statesTasksInit) refers to buttons.o(i.ButtonsInit) for ButtonsInit
    states_tasks.o(i.statesTasksInit) refers to states_tasks.o(i.semaphoresInit) for semaphoresInit
    states_tasks.o(i.statesTasksInit) refers to states_tasks.o(i.CentManualUpTask) for CentManualUpTask
    gpio.o(i.GPIOIntRegister) refers to gpio.o(i._GPIOIntNumberGet) for _GPIOIntNumberGet
    gpio.o(i.GPIOIntRegister) refers to interrupt.o(i.IntRegister) for IntRegister
    gpio.o(i.GPIOIntRegister) refers to interrupt.o(i.IntEnable) for IntEnable
    gpio.o(i.GPIOIntRegisterPin) refers to gpio.o(i._GPIOIntNumberGet) for _GPIOIntNumberGet
    gpio.o(i.GPIOIntRegisterPin) refers to interrupt.o(i.IntRegister) for IntRegister
    gpio.o(i.GPIOIntRegisterPin) refers to interrupt.o(i.IntEnable) for IntEnable
    gpio.o(i.GPIOIntUnregister) refers to gpio.o(i._GPIOIntNumberGet) for _GPIOIntNumberGet
    gpio.o(i.GPIOIntUnregister) refers to interrupt.o(i.IntDisable) for IntDisable
    gpio.o(i.GPIOIntUnregister) refers to interrupt.o(i.IntUnregister) for IntUnregister
    gpio.o(i.GPIOIntUnregisterPin) refers to gpio.o(i._GPIOIntNumberGet) for _GPIOIntNumberGet
    gpio.o(i.GPIOIntUnregisterPin) refers to interrupt.o(i.IntDisable) for IntDisable
    gpio.o(i.GPIOIntUnregisterPin) refers to interrupt.o(i.IntUnregister) for IntUnregister
    gpio.o(i.GPIOPinConfigure) refers to gpio.o(.constdata) for .constdata
    gpio.o(i.GPIOPinTypeADC) refers to gpio.o(i.GPIODirModeSet) for GPIODirModeSet
    gpio.o(i.GPIOPinTypeADC) refers to gpio.o(i.GPIOPadConfigSet) for GPIOPadConfigSet
    gpio.o(i.GPIOPinTypeCAN) refers to gpio.o(i.GPIODirModeSet) for GPIODirModeSet
    gpio.o(i.GPIOPinTypeCAN) refers to gpio.o(i.GPIOPadConfigSet) for GPIOPadConfigSet
    gpio.o(i.GPIOPinTypeComparator) refers to gpio.o(i.GPIODirModeSet) for GPIODirModeSet
    gpio.o(i.GPIOPinTypeComparator) refers to gpio.o(i.GPIOPadConfigSet) for GPIOPadConfigSet
    gpio.o(i.GPIOPinTypeComparatorOutput) refers to gpio.o(i.GPIODirModeSet) for GPIODirModeSet
    gpio.o(i.GPIOPinTypeComparatorOutput) refers to gpio.o(i.GPIOPadConfigSet) for GPIOPadConfigSet
    gpio.o(i.GPIOPinTypeDIVSCLK) refers to gpio.o(i.GPIODirModeSet) for GPIODirModeSet
    gpio.o(i.GPIOPinTypeDIVSCLK) refers to gpio.o(i.GPIOPadConfigSet) for GPIOPadConfigSet
    gpio.o(i.GPIOPinTypeEPI) refers to gpio.o(i.GPIODirModeSet) for GPIODirModeSet
    gpio.o(i.GPIOPinTypeEPI) refers to gpio.o(i.GPIOPadConfigSet) for GPIOPadConfigSet
    gpio.o(i.GPIOPinTypeEthernetLED) refers to gpio.o(i.GPIODirModeSet) for GPIODirModeSet
    gpio.o(i.GPIOPinTypeEthernetLED) refers to gpio.o(i.GPIOPadConfigSet) for GPIOPadConfigSet
    gpio.o(i.GPIOPinTypeEthernetMII) refers to gpio.o(i.GPIODirModeSet) for GPIODirModeSet
    gpio.o(i.GPIOPinTypeEthernetMII) refers to gpio.o(i.GPIOPadConfigSet) for GPIOPadConfigSet
    gpio.o(i.GPIOPinTypeGPIOInput) refers to gpio.o(i.GPIODirModeSet) for GPIODirModeSet
    gpio.o(i.GPIOPinTypeGPIOInput) refers to gpio.o(i.GPIOPadConfigSet) for GPIOPadConfigSet
    gpio.o(i.GPIOPinTypeGPIOOutput) refers to gpio.o(i.GPIOPadConfigSet) for GPIOPadConfigSet
    gpio.o(i.GPIOPinTypeGPIOOutput) refers to gpio.o(i.GPIODirModeSet) for GPIODirModeSet
    gpio.o(i.GPIOPinTypeGPIOOutputOD) refers to gpio.o(i.GPIOPadConfigSet) for GPIOPadConfigSet
    gpio.o(i.GPIOPinTypeGPIOOutputOD) refers to gpio.o(i.GPIODirModeSet) for GPIODirModeSet
    gpio.o(i.GPIOPinTypeHibernateRTCCLK) refers to gpio.o(i.GPIODirModeSet) for GPIODirModeSet
    gpio.o(i.GPIOPinTypeHibernateRTCCLK) refers to gpio.o(i.GPIOPadConfigSet) for GPIOPadConfigSet
    gpio.o(i.GPIOPinTypeI2C) refers to gpio.o(i.GPIODirModeSet) for GPIODirModeSet
    gpio.o(i.GPIOPinTypeI2C) refers to gpio.o(i.GPIOPadConfigSet) for GPIOPadConfigSet
    gpio.o(i.GPIOPinTypeI2CSCL) refers to gpio.o(i.GPIODirModeSet) for GPIODirModeSet
    gpio.o(i.GPIOPinTypeI2CSCL) refers to gpio.o(i.GPIOPadConfigSet) for GPIOPadConfigSet
    gpio.o(i.GPIOPinTypeLCD) refers to gpio.o(i.GPIODirModeSet) for GPIODirModeSet
    gpio.o(i.GPIOPinTypeLCD) refers to gpio.o(i.GPIOPadConfigSet) for GPIOPadConfigSet
    gpio.o(i.GPIOPinTypeOneWire) refers to gpio.o(i.GPIODirModeSet) for GPIODirModeSet
    gpio.o(i.GPIOPinTypeOneWire) refers to gpio.o(i.GPIOPadConfigSet) for GPIOPadConfigSet
    gpio.o(i.GPIOPinTypePWM) refers to gpio.o(i.GPIODirModeSet) for GPIODirModeSet
    gpio.o(i.GPIOPinTypePWM) refers to gpio.o(i.GPIOPadConfigSet) for GPIOPadConfigSet
    gpio.o(i.GPIOPinTypeQEI) refers to gpio.o(i.GPIODirModeSet) for GPIODirModeSet
    gpio.o(i.GPIOPinTypeQEI) refers to gpio.o(i.GPIOPadConfigSet) for GPIOPadConfigSet
    gpio.o(i.GPIOPinTypeSSI) refers to gpio.o(i.GPIODirModeSet) for GPIODirModeSet
    gpio.o(i.GPIOPinTypeSSI) refers to gpio.o(i.GPIOPadConfigSet) for GPIOPadConfigSet
    gpio.o(i.GPIOPinTypeTimer) refers to gpio.o(i.GPIODirModeSet) for GPIODirModeSet
    gpio.o(i.GPIOPinTypeTimer) refers to gpio.o(i.GPIOPadConfigSet) for GPIOPadConfigSet
    gpio.o(i.GPIOPinTypeTrace) refers to gpio.o(i.GPIODirModeSet) for GPIODirModeSet
    gpio.o(i.GPIOPinTypeTrace) refers to gpio.o(i.GPIOPadConfigSet) for GPIOPadConfigSet
    gpio.o(i.GPIOPinTypeUART) refers to gpio.o(i.GPIODirModeSet) for GPIODirModeSet
    gpio.o(i.GPIOPinTypeUART) refers to gpio.o(i.GPIOPadConfigSet) for GPIOPadConfigSet
    gpio.o(i.GPIOPinTypeUSBAnalog) refers to gpio.o(i.GPIODirModeSet) for GPIODirModeSet
    gpio.o(i.GPIOPinTypeUSBAnalog) refers to gpio.o(i.GPIOPadConfigSet) for GPIOPadConfigSet
    gpio.o(i.GPIOPinTypeUSBDigital) refers to gpio.o(i.GPIODirModeSet) for GPIODirModeSet
    gpio.o(i.GPIOPinTypeUSBDigital) refers to gpio.o(i.GPIOPadConfigSet) for GPIOPadConfigSet
    gpio.o(i.GPIOPinTypeWakeHigh) refers to gpio.o(i.GPIODirModeSet) for GPIODirModeSet
    gpio.o(i.GPIOPinTypeWakeHigh) refers to gpio.o(i.GPIOPadConfigSet) for GPIOPadConfigSet
    gpio.o(i.GPIOPinTypeWakeLow) refers to gpio.o(i.GPIODirModeSet) for GPIODirModeSet
    gpio.o(i.GPIOPinTypeWakeLow) refers to gpio.o(i.GPIOPadConfigSet) for GPIOPadConfigSet
    gpio.o(i._GPIOIntNumberGet) refers to gpio.o(.constdata) for .constdata
    sysctl.o(i.SysCtlClockFreqSet) refers to sysctl.o(.constdata) for .constdata
    sysctl.o(i.SysCtlClockGet) refers to sysctl.o(.constdata) for .constdata
    sysctl.o(i.SysCtlClockSet) refers to sysctl.o(.emb_text) for SysCtlDelay
    sysctl.o(i.SysCtlDeepSleep) refers to cpu.o(.emb_text) for CPUwfi
    sysctl.o(i.SysCtlIntRegister) refers to interrupt.o(i.IntRegister) for IntRegister
    sysctl.o(i.SysCtlIntRegister) refers to interrupt.o(i.IntEnable) for IntEnable
    sysctl.o(i.SysCtlIntUnregister) refers to interrupt.o(i.IntDisable) for IntDisable
    sysctl.o(i.SysCtlIntUnregister) refers to interrupt.o(i.IntUnregister) for IntUnregister
    sysctl.o(i.SysCtlSleep) refers to cpu.o(.emb_text) for CPUwfi
    sysctl.o(i.SysCtlVCOGet) refers to sysctl.o(.constdata) for .constdata
    uart.o(i.UARTIntRegister) refers to interrupt.o(i.IntRegister) for IntRegister
    uart.o(i.UARTIntRegister) refers to interrupt.o(i.IntEnable) for IntEnable
    uart.o(i.UARTIntRegister) refers to uart.o(.constdata) for .constdata
    uart.o(i.UARTIntUnregister) refers to interrupt.o(i.IntDisable) for IntDisable
    uart.o(i.UARTIntUnregister) refers to interrupt.o(i.IntUnregister) for IntUnregister
    uart.o(i.UARTIntUnregister) refers to uart.o(.constdata) for .constdata
    interrupt.o(i.IntDisable) refers to interrupt.o(.constdata) for .constdata
    interrupt.o(i.IntEnable) refers to interrupt.o(.constdata) for .constdata
    interrupt.o(i.IntIsEnabled) refers to interrupt.o(.constdata) for .constdata
    interrupt.o(i.IntMasterDisable) refers to cpu.o(.emb_text) for CPUcpsid
    interrupt.o(i.IntMasterEnable) refers to cpu.o(.emb_text) for CPUcpsie
    interrupt.o(i.IntPendClear) refers to interrupt.o(.constdata) for .constdata
    interrupt.o(i.IntPendSet) refers to interrupt.o(.constdata) for .constdata
    interrupt.o(i.IntPriorityGet) refers to interrupt.o(.constdata) for .constdata
    interrupt.o(i.IntPriorityGroupingGet) refers to interrupt.o(.constdata) for .constdata
    interrupt.o(i.IntPriorityGroupingSet) refers to interrupt.o(.constdata) for .constdata
    interrupt.o(i.IntPriorityMaskGet) refers to cpu.o(.emb_text) for CPUbasepriGet
    interrupt.o(i.IntPriorityMaskSet) refers to cpu.o(.emb_text) for CPUbasepriSet
    interrupt.o(i.IntPrioritySet) refers to interrupt.o(.constdata) for .constdata
    interrupt.o(i.IntRegister) refers to interrupt.o(vtable) for vtable
    interrupt.o(i.IntUnregister) refers to interrupt.o(i._IntDefaultHandler) for _IntDefaultHandler
    interrupt.o(i.IntUnregister) refers to interrupt.o(vtable) for vtable
    entry.o(.ARM.Collect$$$$00000000) refers (Special) to entry10a.o(.ARM.Collect$$$$0000000D) for __rt_final_cpp
    entry.o(.ARM.Collect$$$$00000000) refers (Special) to entry11a.o(.ARM.Collect$$$$0000000F) for __rt_final_exit
    entry.o(.ARM.Collect$$$$00000000) refers (Special) to entry7b.o(.ARM.Collect$$$$00000008) for _main_clock
    entry.o(.ARM.Collect$$$$00000000) refers (Special) to entry8b.o(.ARM.Collect$$$$0000000A) for _main_cpp_init
    entry.o(.ARM.Collect$$$$00000000) refers (Special) to entry9a.o(.ARM.Collect$$$$0000000B) for _main_init
    entry.o(.ARM.Collect$$$$00000000) refers (Special) to entry5.o(.ARM.Collect$$$$00000004) for _main_scatterload
    entry.o(.ARM.Collect$$$$00000000) refers (Special) to entry2.o(.ARM.Collect$$$$00000001) for _main_stk
    ffixul.o(.text) refers (Special) to iusefp.o(.text) for __I$use$fp
    ffixul.o(.text) refers to llshl.o(.text) for __aeabi_llsl
    entry2.o(.ARM.Collect$$$$00000001) refers to entry2.o(.ARM.Collect$$$$00002712) for __lit__00000000
    entry2.o(.ARM.Collect$$$$00002712) refers to startup_rvmdk.o(STACK) for __initial_sp
    entry2.o(__vectab_stack_and_reset_area) refers to startup_rvmdk.o(STACK) for __initial_sp
    entry2.o(__vectab_stack_and_reset_area) refers to entry.o(.ARM.Collect$$$$00000000) for __main
    entry5.o(.ARM.Collect$$$$00000004) refers to init.o(.text) for __scatterload
    entry9a.o(.ARM.Collect$$$$0000000B) refers to freertos_demo.o(i.main) for main
    entry9b.o(.ARM.Collect$$$$0000000C) refers to freertos_demo.o(i.main) for main
    init.o(.text) refers to entry5.o(.ARM.Collect$$$$00000004) for __main_after_scatterload


==============================================================================

Removing Unused input sections from the image.

    Removing heap_2.o(i.vPortInitialiseBlocks), (2 bytes).
    Removing heap_2.o(i.xPortGetFreeHeapSize), (12 bytes).
    Removing led_task.o(i.LEDTask), (92 bytes).
    Removing led_task.o(i.LEDTaskInit), (84 bytes).
    Removing led_task.o(.bss), (12 bytes).
    Removing led_task.o(.data), (8 bytes).
    Removing port.o(i.vPortEndScheduler), (2 bytes).
    Removing queue.o(i.ucQueueGetQueueType), (6 bytes).
    Removing queue.o(i.uxQueueGetQueueNumber), (4 bytes).
    Removing queue.o(i.uxQueueMessagesWaiting), (18 bytes).
    Removing queue.o(i.uxQueueMessagesWaitingFromISR), (4 bytes).
    Removing queue.o(i.uxQueueSpacesAvailable), (22 bytes).
    Removing queue.o(i.vQueueAddToRegistry), (36 bytes).
    Removing queue.o(i.vQueueDelete), (18 bytes).
    Removing queue.o(i.vQueueSetQueueNumber), (4 bytes).
    Removing queue.o(i.vQueueUnregisterQueue), (36 bytes).
    Removing queue.o(i.xQueueGenericCreate), (72 bytes).
    Removing queue.o(i.xQueueGenericReset), (112 bytes).
    Removing queue.o(i.xQueueGenericSendFromISR), (96 bytes).
    Removing queue.o(i.xQueueGiveMutexRecursive), (42 bytes).
    Removing queue.o(i.xQueueIsQueueEmptyFromISR), (12 bytes).
    Removing queue.o(i.xQueueIsQueueFullFromISR), (16 bytes).
    Removing queue.o(i.xQueuePeekFromISR), (44 bytes).
    Removing queue.o(i.xQueueReceiveFromISR), (88 bytes).
    Removing queue.o(i.xQueueTakeMutexRecursive), (50 bytes).
    Removing queue.o(.bss), (80 bytes).
    Removing rgb.o(i.RGBBlinkIntHandler), (56 bytes).
    Removing rgb.o(i.RGBBlinkRateSet), (120 bytes).
    Removing rgb.o(i.RGBColorGet), (24 bytes).
    Removing rgb.o(i.RGBColorSet), (144 bytes).
    Removing rgb.o(i.RGBDisable), (92 bytes).
    Removing rgb.o(i.RGBEnable), (172 bytes).
    Removing rgb.o(i.RGBInit), (208 bytes).
    Removing rgb.o(i.RGBIntensitySet), (20 bytes).
    Removing rgb.o(i.RGBSet), (30 bytes).
    Removing rgb.o(.bss), (12 bytes).
    Removing rgb.o(.data), (8 bytes).
    Removing startup_rvmdk.o(HEAP), (0 bytes).
    Removing startup_rvmdk.o(.text), (0 bytes).
    Removing tasks.o(i.prvListTaskWithinSingleList), (126 bytes).
    Removing tasks.o(i.prvTaskCheckFreeStackSpace), (20 bytes).
    Removing tasks.o(i.prvTaskIsTaskSuspended), (32 bytes).
    Removing tasks.o(i.ulTaskNotifyTake), (156 bytes).
    Removing tasks.o(i.uxTaskGetNumberOfTasks), (12 bytes).
    Removing tasks.o(i.uxTaskGetStackHighWaterMark), (16 bytes).
    Removing tasks.o(i.uxTaskGetSystemState), (152 bytes).
    Removing tasks.o(i.uxTaskGetTaskNumber), (8 bytes).
    Removing tasks.o(i.uxTaskPriorityGet), (28 bytes).
    Removing tasks.o(i.uxTaskPriorityGetFromISR), (36 bytes).
    Removing tasks.o(i.uxTaskResetEventItemValue), (24 bytes).
    Removing tasks.o(i.vTaskDelay), (84 bytes).
    Removing tasks.o(i.vTaskDelayUntil), (112 bytes).
    Removing tasks.o(i.vTaskDelete), (144 bytes).
    Removing tasks.o(i.vTaskEndScheduler), (28 bytes).
    Removing tasks.o(i.vTaskNotifyGiveFromISR), (132 bytes).
    Removing tasks.o(i.vTaskPlaceOnUnorderedEventList), (88 bytes).
    Removing tasks.o(i.vTaskPrioritySet), (180 bytes).
    Removing tasks.o(i.vTaskResume), (112 bytes).
    Removing tasks.o(i.vTaskSetTaskNumber), (8 bytes).
    Removing tasks.o(i.vTaskSuspend), (160 bytes).
    Removing tasks.o(i.xTaskGenericNotify), (164 bytes).
    Removing tasks.o(i.xTaskGenericNotifyFromISR), (184 bytes).
    Removing tasks.o(i.xTaskGetCurrentTaskHandle), (12 bytes).
    Removing tasks.o(i.xTaskGetTickCount), (12 bytes).
    Removing tasks.o(i.xTaskGetTickCountFromISR), (12 bytes).
    Removing tasks.o(i.xTaskNotifyStateClear), (48 bytes).
    Removing tasks.o(i.xTaskNotifyWait), (184 bytes).
    Removing tasks.o(i.xTaskRemoveFromUnorderedEventList), (80 bytes).
    Removing tasks.o(i.xTaskResumeFromISR), (120 bytes).
    Removing uartstdio.o(i.UARTgets), (132 bytes).
    Removing ustdlib.o(i.ucmptime), (82 bytes).
    Removing ustdlib.o(i.ulocaltime), (164 bytes).
    Removing ustdlib.o(i.umktime), (58 bytes).
    Removing ustdlib.o(i.urand), (28 bytes).
    Removing ustdlib.o(i.usnprintf), (18 bytes).
    Removing ustdlib.o(i.usprintf), (22 bytes).
    Removing ustdlib.o(i.usrand), (12 bytes).
    Removing ustdlib.o(i.ustrcasecmp), (8 bytes).
    Removing ustdlib.o(i.ustrcmp), (8 bytes).
    Removing ustdlib.o(i.ustrlen), (16 bytes).
    Removing ustdlib.o(i.ustrncasecmp), (70 bytes).
    Removing ustdlib.o(i.ustrncmp), (46 bytes).
    Removing ustdlib.o(i.ustrncpy), (36 bytes).
    Removing ustdlib.o(i.ustrstr), (42 bytes).
    Removing ustdlib.o(i.ustrtof), (316 bytes).
    Removing ustdlib.o(i.ustrtoul), (158 bytes).
    Removing ustdlib.o(i.uvsnprintf), (592 bytes).
    Removing ustdlib.o(.constdata), (76 bytes).
    Removing ustdlib.o(.conststring), (17 bytes).
    Removing ustdlib.o(.data), (4 bytes).
    Removing switch_task.o(i.SwitchTaskInit), (52 bytes).
    Removing switch_task.o(.data), (2 bytes).
    Removing lcd.o(i.LCD_clear), (6 bytes).
    Removing gpio.o(i.GPIOADCTriggerDisable), (14 bytes).
    Removing gpio.o(i.GPIOADCTriggerEnable), (12 bytes).
    Removing gpio.o(i.GPIODMATriggerDisable), (14 bytes).
    Removing gpio.o(i.GPIODMATriggerEnable), (12 bytes).
    Removing gpio.o(i.GPIODirModeGet), (34 bytes).
    Removing gpio.o(i.GPIOIntRegisterPin), (30 bytes).
    Removing gpio.o(i.GPIOIntTypeGet), (68 bytes).
    Removing gpio.o(i.GPIOIntUnregister), (22 bytes).
    Removing gpio.o(i.GPIOIntUnregisterPin), (26 bytes).
    Removing gpio.o(i.GPIOPadConfigGet), (204 bytes).
    Removing gpio.o(i.GPIOPinConfigure), (68 bytes).
    Removing gpio.o(i.GPIOPinRead), (6 bytes).
    Removing gpio.o(i.GPIOPinTypeADC), (28 bytes).
    Removing gpio.o(i.GPIOPinTypeCAN), (28 bytes).
    Removing gpio.o(i.GPIOPinTypeComparator), (28 bytes).
    Removing gpio.o(i.GPIOPinTypeComparatorOutput), (28 bytes).
    Removing gpio.o(i.GPIOPinTypeDIVSCLK), (28 bytes).
    Removing gpio.o(i.GPIOPinTypeEPI), (28 bytes).
    Removing gpio.o(i.GPIOPinTypeEthernetLED), (28 bytes).
    Removing gpio.o(i.GPIOPinTypeEthernetMII), (28 bytes).
    Removing gpio.o(i.GPIOPinTypeGPIOOutputOD), (28 bytes).
    Removing gpio.o(i.GPIOPinTypeHibernateRTCCLK), (28 bytes).
    Removing gpio.o(i.GPIOPinTypeI2C), (28 bytes).
    Removing gpio.o(i.GPIOPinTypeI2CSCL), (28 bytes).
    Removing gpio.o(i.GPIOPinTypeLCD), (28 bytes).
    Removing gpio.o(i.GPIOPinTypeOneWire), (28 bytes).
    Removing gpio.o(i.GPIOPinTypePWM), (28 bytes).
    Removing gpio.o(i.GPIOPinTypeQEI), (28 bytes).
    Removing gpio.o(i.GPIOPinTypeSSI), (28 bytes).
    Removing gpio.o(i.GPIOPinTypeTimer), (28 bytes).
    Removing gpio.o(i.GPIOPinTypeTrace), (28 bytes).
    Removing gpio.o(i.GPIOPinTypeUART), (28 bytes).
    Removing gpio.o(i.GPIOPinTypeUSBAnalog), (28 bytes).
    Removing gpio.o(i.GPIOPinTypeUSBDigital), (28 bytes).
    Removing gpio.o(i.GPIOPinTypeWakeHigh), (30 bytes).
    Removing gpio.o(i.GPIOPinTypeWakeLow), (30 bytes).
    Removing gpio.o(i.GPIOPinWakeStatus), (6 bytes).
    Removing sysctl.o(.emb_text), (6 bytes).
    Removing sysctl.o(i.SysCtlAltClkConfig), (12 bytes).
    Removing sysctl.o(i.SysCtlClockFreqSet), (740 bytes).
    Removing sysctl.o(i.SysCtlClockGet), (340 bytes).
    Removing sysctl.o(i.SysCtlClockOutConfig), (20 bytes).
    Removing sysctl.o(i.SysCtlClockSet), (288 bytes).
    Removing sysctl.o(i.SysCtlDeepSleep), (32 bytes).
    Removing sysctl.o(i.SysCtlDeepSleepClockConfigSet), (112 bytes).
    Removing sysctl.o(i.SysCtlDeepSleepClockSet), (12 bytes).
    Removing sysctl.o(i.SysCtlDeepSleepPowerSet), (12 bytes).
    Removing sysctl.o(i.SysCtlFlashSectorSizeGet), (56 bytes).
    Removing sysctl.o(i.SysCtlFlashSizeGet), (56 bytes).
    Removing sysctl.o(i.SysCtlGPIOAHBDisable), (28 bytes).
    Removing sysctl.o(i.SysCtlGPIOAHBEnable), (24 bytes).
    Removing sysctl.o(i.SysCtlIntClear), (12 bytes).
    Removing sysctl.o(i.SysCtlIntDisable), (16 bytes).
    Removing sysctl.o(i.SysCtlIntEnable), (16 bytes).
    Removing sysctl.o(i.SysCtlIntRegister), (20 bytes).
    Removing sysctl.o(i.SysCtlIntStatus), (16 bytes).
    Removing sysctl.o(i.SysCtlIntUnregister), (18 bytes).
    Removing sysctl.o(i.SysCtlLDODeepSleepGet), (12 bytes).
    Removing sysctl.o(i.SysCtlLDODeepSleepSet), (12 bytes).
    Removing sysctl.o(i.SysCtlLDOSleepGet), (12 bytes).
    Removing sysctl.o(i.SysCtlLDOSleepSet), (12 bytes).
    Removing sysctl.o(i.SysCtlMOSCConfigSet), (12 bytes).
    Removing sysctl.o(i.SysCtlNMIClear), (16 bytes).
    Removing sysctl.o(i.SysCtlNMIStatus), (12 bytes).
    Removing sysctl.o(i.SysCtlPIOSCCalibrate), (76 bytes).
    Removing sysctl.o(i.SysCtlPWMClockGet), (24 bytes).
    Removing sysctl.o(i.SysCtlPWMClockSet), (20 bytes).
    Removing sysctl.o(i.SysCtlPeripheralClockGating), (68 bytes).
    Removing sysctl.o(i.SysCtlPeripheralDeepSleepDisable), (40 bytes).
    Removing sysctl.o(i.SysCtlPeripheralDeepSleepEnable), (40 bytes).
    Removing sysctl.o(i.SysCtlPeripheralDisable), (40 bytes).
    Removing sysctl.o(i.SysCtlPeripheralEnable), (40 bytes).
    Removing sysctl.o(i.SysCtlPeripheralPowerOff), (40 bytes).
    Removing sysctl.o(i.SysCtlPeripheralPowerOn), (40 bytes).
    Removing sysctl.o(i.SysCtlPeripheralPresent), (44 bytes).
    Removing sysctl.o(i.SysCtlPeripheralReady), (44 bytes).
    Removing sysctl.o(i.SysCtlPeripheralReset), (60 bytes).
    Removing sysctl.o(i.SysCtlPeripheralSleepDisable), (40 bytes).
    Removing sysctl.o(i.SysCtlPeripheralSleepEnable), (40 bytes).
    Removing sysctl.o(i.SysCtlReset), (16 bytes).
    Removing sysctl.o(i.SysCtlResetBehaviorGet), (12 bytes).
    Removing sysctl.o(i.SysCtlResetBehaviorSet), (12 bytes).
    Removing sysctl.o(i.SysCtlResetCauseClear), (16 bytes).
    Removing sysctl.o(i.SysCtlResetCauseGet), (12 bytes).
    Removing sysctl.o(i.SysCtlSRAMSizeGet), (16 bytes).
    Removing sysctl.o(i.SysCtlSleep), (4 bytes).
    Removing sysctl.o(i.SysCtlSleepPowerSet), (12 bytes).
    Removing sysctl.o(i.SysCtlUSBPLLDisable), (16 bytes).
    Removing sysctl.o(i.SysCtlUSBPLLEnable), (16 bytes).
    Removing sysctl.o(i.SysCtlVCOGet), (120 bytes).
    Removing sysctl.o(i.SysCtlVoltageEventClear), (16 bytes).
    Removing sysctl.o(i.SysCtlVoltageEventConfig), (12 bytes).
    Removing sysctl.o(i.SysCtlVoltageEventStatus), (12 bytes).
    Removing sysctl.o(.constdata), (596 bytes).
    Removing uart.o(i.UART9BitAddrSend), (38 bytes).
    Removing uart.o(i.UART9BitAddrSet), (10 bytes).
    Removing uart.o(i.UART9BitDisable), (14 bytes).
    Removing uart.o(i.UART9BitEnable), (14 bytes).
    Removing uart.o(i.UARTBreakCtl), (18 bytes).
    Removing uart.o(i.UARTBusy), (8 bytes).
    Removing uart.o(i.UARTCharGet), (12 bytes).
    Removing uart.o(i.UARTCharGetNonBlocking), (16 bytes).
    Removing uart.o(i.UARTCharPut), (12 bytes).
    Removing uart.o(i.UARTCharPutNonBlocking), (16 bytes).
    Removing uart.o(i.UARTCharsAvail), (10 bytes).
    Removing uart.o(i.UARTClockSourceGet), (6 bytes).
    Removing uart.o(i.UARTConfigGetExpClk), (46 bytes).
    Removing uart.o(i.UARTConfigSetExpClk), (110 bytes).
    Removing uart.o(i.UARTDMADisable), (10 bytes).
    Removing uart.o(i.UARTDMAEnable), (8 bytes).
    Removing uart.o(i.UARTDisable), (30 bytes).
    Removing uart.o(i.UARTDisableSIR), (10 bytes).
    Removing uart.o(i.UARTEnable), (20 bytes).
    Removing uart.o(i.UARTEnableSIR), (18 bytes).
    Removing uart.o(i.UARTFIFODisable), (10 bytes).
    Removing uart.o(i.UARTFIFOEnable), (10 bytes).
    Removing uart.o(i.UARTFIFOLevelGet), (16 bytes).
    Removing uart.o(i.UARTFIFOLevelSet), (6 bytes).
    Removing uart.o(i.UARTFlowControlGet), (8 bytes).
    Removing uart.o(i.UARTFlowControlSet), (12 bytes).
    Removing uart.o(i.UARTIntClear), (4 bytes).
    Removing uart.o(i.UARTIntDisable), (10 bytes).
    Removing uart.o(i.UARTIntEnable), (8 bytes).
    Removing uart.o(i.UARTIntRegister), (88 bytes).
    Removing uart.o(i.UARTIntStatus), (10 bytes).
    Removing uart.o(i.UARTIntUnregister), (88 bytes).
    Removing uart.o(i.UARTLoopbackEnable), (10 bytes).
    Removing uart.o(i.UARTModemControlClear), (14 bytes).
    Removing uart.o(i.UARTModemControlGet), (8 bytes).
    Removing uart.o(i.UARTModemControlSet), (12 bytes).
    Removing uart.o(i.UARTModemStatusGet), (10 bytes).
    Removing uart.o(i.UARTParityModeGet), (8 bytes).
    Removing uart.o(i.UARTParityModeSet), (12 bytes).
    Removing uart.o(i.UARTRxErrorClear), (6 bytes).
    Removing uart.o(i.UARTRxErrorGet), (8 bytes).
    Removing uart.o(i.UARTSmartCardDisable), (10 bytes).
    Removing uart.o(i.UARTSmartCardEnable), (22 bytes).
    Removing uart.o(i.UARTSpaceAvail), (10 bytes).
    Removing uart.o(i.UARTTxIntModeGet), (8 bytes).
    Removing uart.o(i.UARTTxIntModeSet), (12 bytes).
    Removing uart.o(.constdata), (128 bytes).
    Removing cpu.o(.emb_text), (38 bytes).
    Removing interrupt.o(i.IntDisable), (100 bytes).
    Removing interrupt.o(i.IntIsEnabled), (96 bytes).
    Removing interrupt.o(i.IntMasterDisable), (14 bytes).
    Removing interrupt.o(i.IntMasterEnable), (14 bytes).
    Removing interrupt.o(i.IntPendClear), (68 bytes).
    Removing interrupt.o(i.IntPendSet), (84 bytes).
    Removing interrupt.o(i.IntPriorityGet), (28 bytes).
    Removing interrupt.o(i.IntPriorityGroupingGet), (36 bytes).
    Removing interrupt.o(i.IntPriorityGroupingSet), (28 bytes).
    Removing interrupt.o(i.IntPriorityMaskGet), (4 bytes).
    Removing interrupt.o(i.IntPriorityMaskSet), (4 bytes).
    Removing interrupt.o(i.IntPrioritySet), (40 bytes).
    Removing interrupt.o(i.IntTrigger), (12 bytes).
    Removing interrupt.o(i.IntUnregister), (20 bytes).
    Removing interrupt.o(i._IntDefaultHandler), (2 bytes).
    Removing ffixul.o(.text), (44 bytes).

251 unused section(s) (total 12563 bytes) removed from the image.

==============================================================================

Image Symbol Table

    Local Symbols

    Symbol Name                              Value     Ov Type        Size  Object(Section)

    RESET                                    0x00000000   Section      648  startup_rvmdk.o(RESET)
    ../clib/../cmprslib/zerorunl.c           0x00000000   Number         0  __dczerorl.o ABSOLUTE
    ../clib/microlib/init/entry.s            0x00000000   Number         0  entry5.o ABSOLUTE
    ../clib/microlib/init/entry.s            0x00000000   Number         0  entry11a.o ABSOLUTE
    ../clib/microlib/init/entry.s            0x00000000   Number         0  entry11b.o ABSOLUTE
    ../clib/microlib/init/entry.s            0x00000000   Number         0  entry2.o ABSOLUTE
    ../clib/microlib/init/entry.s            0x00000000   Number         0  entry7a.o ABSOLUTE
    ../clib/microlib/init/entry.s            0x00000000   Number         0  entry8a.o ABSOLUTE
    ../clib/microlib/init/entry.s            0x00000000   Number         0  entry8b.o ABSOLUTE
    ../clib/microlib/init/entry.s            0x00000000   Number         0  entry9a.o ABSOLUTE
    ../clib/microlib/init/entry.s            0x00000000   Number         0  entry9b.o ABSOLUTE
    ../clib/microlib/init/entry.s            0x00000000   Number         0  entry.o ABSOLUTE
    ../clib/microlib/init/entry.s            0x00000000   Number         0  entry10b.o ABSOLUTE
    ../clib/microlib/init/entry.s            0x00000000   Number         0  entry10a.o ABSOLUTE
    ../clib/microlib/init/entry.s            0x00000000   Number         0  entry7b.o ABSOLUTE
    ../clib/microlib/longlong.c              0x00000000   Number         0  llshl.o ABSOLUTE
    ../clib/microlib/string/memcpy.c         0x00000000   Number         0  memcpyb.o ABSOLUTE
    ../clib/microlib/string/memcpy.c         0x00000000   Number         0  memcpya.o ABSOLUTE
    ../clib/microlib/string/memset.c         0x00000000   Number         0  memseta.o ABSOLUTE
    ../clib/microlib/stubs.s                 0x00000000   Number         0  iusefp.o ABSOLUTE
    ../fplib/microlib/fpfix.c                0x00000000   Number         0  ffixul.o ABSOLUTE
    FreeRTOS\Source\list.c                   0x00000000   Number         0  list.o ABSOLUTE
    FreeRTOS\Source\portable\MemMang\heap_2.c 0x00000000   Number         0  heap_2.o ABSOLUTE
    FreeRTOS\Source\portable\RVDS\ARM_CM4F\port.c 0x00000000   Number         0  port.o ABSOLUTE
    FreeRTOS\Source\queue.c                  0x00000000   Number         0  queue.o ABSOLUTE
    FreeRTOS\Source\tasks.c                  0x00000000   Number         0  tasks.o ABSOLUTE
    FreeRTOS\\Source\\portable\\RVDS\\ARM_CM4F\\port.c 0x00000000   Number         0  port.o ABSOLUTE
    LCD.c                                    0x00000000   Number         0  lcd.o ABSOLUTE
    android_listen.c                         0x00000000   Number         0  android_listen.o ABSOLUTE
    cpu.c                                    0x00000000   Number         0  cpu.o ABSOLUTE
    cpu.c                                    0x00000000   Number         0  cpu.o ABSOLUTE
    dc.s                                     0x00000000   Number         0  dc.o ABSOLUTE
    drivers\buttons.c                        0x00000000   Number         0  buttons.o ABSOLUTE
    drivers\rgb.c                            0x00000000   Number         0  rgb.o ABSOLUTE
    freertos_demo.c                          0x00000000   Number         0  freertos_demo.o ABSOLUTE
    gpio.c                                   0x00000000   Number         0  gpio.o ABSOLUTE
    handlers.s                               0x00000000   Number         0  handlers.o ABSOLUTE
    init.s                                   0x00000000   Number         0  init.o ABSOLUTE
    interrupt.c                              0x00000000   Number         0  interrupt.o ABSOLUTE
    led_task.c                               0x00000000   Number         0  led_task.o ABSOLUTE
    startup_rvmdk.S                          0x00000000   Number         0  startup_rvmdk.o ABSOLUTE
    states_tasks.c                           0x00000000   Number         0  states_tasks.o ABSOLUTE
    switch_task.c                            0x00000000   Number         0  switch_task.o ABSOLUTE
    sysctl.c                                 0x00000000   Number         0  sysctl.o ABSOLUTE
    sysctl.c                                 0x00000000   Number         0  sysctl.o ABSOLUTE
    uart.c                                   0x00000000   Number         0  uart.o ABSOLUTE
    utils\uartstdio.c                        0x00000000   Number         0  uartstdio.o ABSOLUTE
    utils\ustdlib.c                          0x00000000   Number         0  ustdlib.o ABSOLUTE
    $v0                                      0x0000026c   Number         0  startup_rvmdk.o(RESET)
    NmiSR                                    0x00000281   Thumb Code     0  startup_rvmdk.o(RESET)
    FaultISR                                 0x00000283   Thumb Code     0  startup_rvmdk.o(RESET)
    IntDefaultHandler                        0x00000285   Thumb Code     0  startup_rvmdk.o(RESET)
    .ARM.Collect$$$$00000000                 0x00000288   Section        0  entry.o(.ARM.Collect$$$$00000000)
    .ARM.Collect$$$$00000001                 0x00000288   Section        4  entry2.o(.ARM.Collect$$$$00000001)
    .ARM.Collect$$$$00000004                 0x0000028c   Section        4  entry5.o(.ARM.Collect$$$$00000004)
    .ARM.Collect$$$$00000008                 0x00000290   Section        0  entry7b.o(.ARM.Collect$$$$00000008)
    .ARM.Collect$$$$0000000A                 0x00000290   Section        0  entry8b.o(.ARM.Collect$$$$0000000A)
    .ARM.Collect$$$$0000000B                 0x00000290   Section        8  entry9a.o(.ARM.Collect$$$$0000000B)
    .ARM.Collect$$$$0000000D                 0x00000298   Section        0  entry10a.o(.ARM.Collect$$$$0000000D)
    .ARM.Collect$$$$0000000F                 0x00000298   Section        0  entry11a.o(.ARM.Collect$$$$0000000F)
    .ARM.Collect$$$$00002712                 0x00000298   Section        4  entry2.o(.ARM.Collect$$$$00002712)
    __lit__00000000                          0x00000298   Data           4  entry2.o(.ARM.Collect$$$$00002712)
    .emb_text                                0x0000029c   Section      182  port.o(.emb_text)
    $v0                                      0x0000029c   Number         0  port.o(.emb_text)
    .text                                    0x00000352   Section        0  memcpya.o(.text)
    .text                                    0x00000376   Section        0  memseta.o(.text)
    .text                                    0x0000039c   Section       36  init.o(.text)
    .text                                    0x000003c0   Section        0  __dczerorl.o(.text)
    i.ButtonsInit                            0x000003fc   Section        0  buttons.o(i.ButtonsInit)
    i.CentManualUpTask                       0x000004c0   Section        0  states_tasks.o(i.CentManualUpTask)
    i.CentralBtnUpPress                      0x00000510   Section        0  states_tasks.o(i.CentralBtnUpPress)
    i.CentralBtnUpRelease                    0x00000554   Section        0  states_tasks.o(i.CentralBtnUpRelease)
    i.ConfigureUART                          0x00000590   Section        0  freertos_demo.o(i.ConfigureUART)
    i.Delay_ms                               0x000005ec   Section        0  lcd.o(i.Delay_ms)
    i.Force_Window_Stop                      0x00000610   Section        0  states_tasks.o(i.Force_Window_Stop)
    i.Force_Window_Up                        0x00000620   Section        0  states_tasks.o(i.Force_Window_Up)
    i.GPIODirModeSet                         0x0000064c   Section        0  gpio.o(i.GPIODirModeSet)
    i.GPIOIntClear                           0x00000674   Section        0  gpio.o(i.GPIOIntClear)
    i.GPIOIntDisable                         0x0000067a   Section        0  gpio.o(i.GPIOIntDisable)
    i.GPIOIntEnable                          0x00000688   Section        0  gpio.o(i.GPIOIntEnable)
    i.GPIOIntRegister                        0x00000694   Section        0  gpio.o(i.GPIOIntRegister)
    i.GPIOIntStatus                          0x000006ae   Section        0  gpio.o(i.GPIOIntStatus)
    i.GPIOIntTypeSet                         0x000006bc   Section        0  gpio.o(i.GPIOIntTypeSet)
    i.GPIOPadConfigSet                       0x0000070c   Section        0  gpio.o(i.GPIOPadConfigSet)
    i.GPIOPinTypeGPIOInput                   0x00000844   Section        0  gpio.o(i.GPIOPinTypeGPIOInput)
    i.GPIOPinTypeGPIOOutput                  0x00000860   Section        0  gpio.o(i.GPIOPinTypeGPIOOutput)
    i.GPIOPinWrite                           0x0000087c   Section        0  gpio.o(i.GPIOPinWrite)
    i.IntEnable                              0x00000884   Section        0  interrupt.o(i.IntEnable)
    i.IntRegister                            0x000008e8   Section        0  interrupt.o(i.IntRegister)
    i.LCD_INIT                               0x0000091c   Section        0  lcd.o(i.LCD_INIT)
    i.LCD_command                            0x000009d4   Section        0  lcd.o(i.LCD_command)
    i.LCD_data                               0x00000a08   Section        0  lcd.o(i.LCD_data)
    i.LCD_print_string                       0x00000a44   Section        0  lcd.o(i.LCD_print_string)
    i.ListenTask                             0x00000a64   Section        0  android_listen.o(i.ListenTask)
    ListenTask                               0x00000a65   Thumb Code    44  android_listen.o(i.ListenTask)
    i.ListenTaskInit                         0x00000a98   Section        0  android_listen.o(i.ListenTaskInit)
    i.RedLEDOff                              0x00000acc   Section        0  states_tasks.o(i.RedLEDOff)
    i.RedLEDOn                               0x00000adc   Section        0  states_tasks.o(i.RedLEDOn)
    i.UARTClockSourceSet                     0x00000aec   Section        0  uart.o(i.UARTClockSourceSet)
    i.UARTStdioConfig                        0x00000af4   Section        0  uartstdio.o(i.UARTStdioConfig)
    i.UARTgetc                               0x00000b58   Section        0  uartstdio.o(i.UARTgetc)
    i.UARTprintf                             0x00000b70   Section        0  uartstdio.o(i.UARTprintf)
    i.UARTvprintf                            0x00000ba0   Section        0  uartstdio.o(i.UARTvprintf)
    i.UARTwrite                              0x00000d54   Section        0  uartstdio.o(i.UARTwrite)
    i.UnblockSwitchTask                      0x00000d90   Section        0  android_listen.o(i.UnblockSwitchTask)
    i._GPIOIntNumberGet                      0x00000dc0   Section        0  gpio.o(i._GPIOIntNumberGet)
    _GPIOIntNumberGet                        0x00000dc1   Thumb Code    62  gpio.o(i._GPIOIntNumberGet)
    i.__scatterload_copy                     0x00000e10   Section       14  handlers.o(i.__scatterload_copy)
    i.__scatterload_null                     0x00000e1e   Section        2  handlers.o(i.__scatterload_null)
    i.__scatterload_zeroinit                 0x00000e20   Section       14  handlers.o(i.__scatterload_zeroinit)
    i.main                                   0x00000e30   Section        0  freertos_demo.o(i.main)
    i.onButtonInt                            0x00000e8c   Section        0  buttons.o(i.onButtonInt)
    i.prvAddCurrentTaskToDelayedList         0x00000f04   Section        0  tasks.o(i.prvAddCurrentTaskToDelayedList)
    prvAddCurrentTaskToDelayedList           0x00000f05   Thumb Code    48  tasks.o(i.prvAddCurrentTaskToDelayedList)
    i.prvCheckTasksWaitingTermination        0x00000f38   Section        0  tasks.o(i.prvCheckTasksWaitingTermination)
    prvCheckTasksWaitingTermination          0x00000f39   Thumb Code    80  tasks.o(i.prvCheckTasksWaitingTermination)
    i.prvCopyDataFromQueue                   0x00000f90   Section        0  queue.o(i.prvCopyDataFromQueue)
    prvCopyDataFromQueue                     0x00000f91   Thumb Code    38  queue.o(i.prvCopyDataFromQueue)
    i.prvCopyDataToQueue                     0x00000fb6   Section        0  queue.o(i.prvCopyDataToQueue)
    prvCopyDataToQueue                       0x00000fb7   Thumb Code   110  queue.o(i.prvCopyDataToQueue)
    i.prvIdleTask                            0x00001024   Section        0  tasks.o(i.prvIdleTask)
    prvIdleTask                              0x00001025   Thumb Code     6  tasks.o(i.prvIdleTask)
    i.prvResetNextTaskUnblockTime            0x0000102c   Section        0  tasks.o(i.prvResetNextTaskUnblockTime)
    prvResetNextTaskUnblockTime              0x0000102d   Thumb Code    26  tasks.o(i.prvResetNextTaskUnblockTime)
    i.prvTaskExitError                       0x0000104c   Section        0  port.o(i.prvTaskExitError)
    prvTaskExitError                         0x0000104d   Thumb Code    16  port.o(i.prvTaskExitError)
    i.prvUnlockQueue                         0x0000105c   Section        0  queue.o(i.prvUnlockQueue)
    prvUnlockQueue                           0x0000105d   Thumb Code   100  queue.o(i.prvUnlockQueue)
    i.pvPortMalloc                           0x000010c0   Section        0  heap_2.o(i.pvPortMalloc)
    i.pvTaskIncrementMutexHeldCount          0x00001174   Section        0  tasks.o(i.pvTaskIncrementMutexHeldCount)
    i.pxPortInitialiseStack                  0x0000118c   Section        0  port.o(i.pxPortInitialiseStack)
    i.semaphoresInit                         0x000011b4   Section        0  states_tasks.o(i.semaphoresInit)
    i.statesTasksInit                        0x000011d4   Section        0  states_tasks.o(i.statesTasksInit)
    i.uxListRemove                           0x00001218   Section        0  list.o(i.uxListRemove)
    i.vApplicationStackOverflowHook          0x0000123c   Section        0  freertos_demo.o(i.vApplicationStackOverflowHook)
    i.vListInitialise                        0x0000123e   Section        0  list.o(i.vListInitialise)
    i.vListInitialiseItem                    0x00001254   Section        0  list.o(i.vListInitialiseItem)
    i.vListInsert                            0x0000125a   Section        0  list.o(i.vListInsert)
    i.vListInsertEnd                         0x0000128a   Section        0  list.o(i.vListInsertEnd)
    i.vPortEnterCritical                     0x000012a4   Section        0  port.o(i.vPortEnterCritical)
    i.vPortExitCritical                      0x000012c0   Section        0  port.o(i.vPortExitCritical)
    i.vPortFree                              0x000012d4   Section        0  heap_2.o(i.vPortFree)
    i.vPortSetupTimerInterrupt               0x00001310   Section        0  port.o(i.vPortSetupTimerInterrupt)
    i.vTaskMissedYield                       0x00001320   Section        0  tasks.o(i.vTaskMissedYield)
    i.vTaskPlaceOnEventList                  0x0000132c   Section        0  tasks.o(i.vTaskPlaceOnEventList)
    i.vTaskPriorityInherit                   0x0000137c   Section        0  tasks.o(i.vTaskPriorityInherit)
    i.vTaskSetTimeOutState                   0x00001400   Section        0  tasks.o(i.vTaskSetTimeOutState)
    i.vTaskStartScheduler                    0x00001410   Section        0  tasks.o(i.vTaskStartScheduler)
    i.vTaskSuspendAll                        0x00001464   Section        0  tasks.o(i.vTaskSuspendAll)
    i.vTaskSwitchContext                     0x00001474   Section        0  tasks.o(i.vTaskSwitchContext)
    i.xPortStartScheduler                    0x000014e4   Section        0  port.o(i.xPortStartScheduler)
    i.xPortSysTickHandler                    0x00001524   Section        0  port.o(i.xPortSysTickHandler)
    i.xQueueCreateMutex                      0x00001550   Section        0  queue.o(i.xQueueCreateMutex)
    i.xQueueGenericReceive                   0x0000159c   Section        0  queue.o(i.xQueueGenericReceive)
    i.xQueueGenericSend                      0x000016c8   Section        0  queue.o(i.xQueueGenericSend)
    i.xQueueGiveFromISR                      0x000017c8   Section        0  queue.o(i.xQueueGiveFromISR)
    i.xTaskCheckForTimeOut                   0x00001820   Section        0  tasks.o(i.xTaskCheckForTimeOut)
    i.xTaskGenericCreate                     0x00001868   Section        0  tasks.o(i.xTaskGenericCreate)
    i.xTaskIncrementTick                     0x000019f0   Section        0  tasks.o(i.xTaskIncrementTick)
    i.xTaskPriorityDisinherit                0x00001aa4   Section        0  tasks.o(i.xTaskPriorityDisinherit)
    i.xTaskRemoveFromEventList               0x00001b14   Section        0  tasks.o(i.xTaskRemoveFromEventList)
    i.xTaskResumeAll                         0x00001b78   Section        0  tasks.o(i.xTaskResumeAll)
    .constdata                               0x00001c28   Section       28  uartstdio.o(.constdata)
    g_pcHex                                  0x00001c28   Data           4  uartstdio.o(.constdata)
    g_ui32UARTBase                           0x00001c2c   Data          12  uartstdio.o(.constdata)
    g_ui32UARTPeriph                         0x00001c38   Data          12  uartstdio.o(.constdata)
    .constdata                               0x00001c44   Section      552  gpio.o(.constdata)
    g_ppui32GPIOIntMapBlizzard               0x00001c44   Data         192  gpio.o(.constdata)
    g_ppui32GPIOIntMapSnowflake              0x00001d04   Data         216  gpio.o(.constdata)
    g_pui32GPIOBaseAddrs                     0x00001ddc   Data         144  gpio.o(.constdata)
    .constdata                               0x00001e6c   Section      268  interrupt.o(.constdata)
    g_pui32Priority                          0x00001e6c   Data          32  interrupt.o(.constdata)
    g_pui32Regs                              0x00001e8c   Data         156  interrupt.o(.constdata)
    g_pui32EnRegs                            0x00001f28   Data          20  interrupt.o(.constdata)
    g_pui32Dii16Regs                         0x00001f3c   Data          20  interrupt.o(.constdata)
    g_pui32PendRegs                          0x00001f50   Data          20  interrupt.o(.constdata)
    g_pui32UnpendRegs                        0x00001f64   Data          20  interrupt.o(.constdata)
    .conststring                             0x00001f78   Section       17  uartstdio.o(.conststring)
    .data                                    0x20000000   Section       24  heap_2.o(.data)
    xFreeBytesRemaining                      0x20000000   Data           4  heap_2.o(.data)
    xHeapHasBeenInitialised                  0x20000004   Data           4  heap_2.o(.data)
    xStart                                   0x20000008   Data           8  heap_2.o(.data)
    xEnd                                     0x20000010   Data           8  heap_2.o(.data)
    .data                                    0x20000018   Section        4  port.o(.data)
    uxCriticalNesting                        0x20000018   Data           4  port.o(.data)
    .data                                    0x2000001c   Section       56  tasks.o(.data)
    uxTasksDeleted                           0x20000020   Data           4  tasks.o(.data)
    uxCurrentNumberOfTasks                   0x20000024   Data           4  tasks.o(.data)
    xTickCount                               0x20000028   Data           4  tasks.o(.data)
    uxTopReadyPriority                       0x2000002c   Data           4  tasks.o(.data)
    xSchedulerRunning                        0x20000030   Data           4  tasks.o(.data)
    uxPendedTicks                            0x20000034   Data           4  tasks.o(.data)
    xYieldPending                            0x20000038   Data           4  tasks.o(.data)
    xNumOfOverflows                          0x2000003c   Data           4  tasks.o(.data)
    uxTaskNumber                             0x20000040   Data           4  tasks.o(.data)
    xNextTaskUnblockTime                     0x20000044   Data           4  tasks.o(.data)
    uxSchedulerSuspended                     0x20000048   Data           4  tasks.o(.data)
    pxDelayedTaskList                        0x2000004c   Data           4  tasks.o(.data)
    pxOverflowDelayedTaskList                0x20000050   Data           4  tasks.o(.data)
    .data                                    0x20000054   Section       12  uartstdio.o(.data)
    bLastWasCR                               0x20000054   Data           1  uartstdio.o(.data)
    g_ui32Base                               0x20000058   Data           4  uartstdio.o(.data)
    .data                                    0x20000060   Section        4  switch_task.o(.data)
    .data                                    0x20000064   Section        2  buttons.o(.data)
    .data                                    0x20000066   Section        1  android_listen.o(.data)
    .data                                    0x20000068   Section       12  states_tasks.o(.data)
    vtable                                   0x20000400   Section      620  interrupt.o(vtable)
    g_pfnRAMVectors                          0x20000400   Data         620  interrupt.o(vtable)
    .bss                                     0x2000066c   Section    30000  heap_2.o(.bss)
    ucHeap                                   0x2000066c   Data       30000  heap_2.o(.bss)
    .bss                                     0x20007b9c   Section      420  tasks.o(.bss)
    pxReadyTasksLists                        0x20007b9c   Data         320  tasks.o(.bss)
    xDelayedTaskList1                        0x20007cdc   Data          20  tasks.o(.bss)
    xDelayedTaskList2                        0x20007cf0   Data          20  tasks.o(.bss)
    xPendingReadyList                        0x20007d04   Data          20  tasks.o(.bss)
    xTasksWaitingTermination                 0x20007d18   Data          20  tasks.o(.bss)
    xSuspendedTaskList                       0x20007d2c   Data          20  tasks.o(.bss)
    STACK                                    0x20007d40   Section      512  startup_rvmdk.o(STACK)
    StackMem                                 0x20007d40   Data           0  startup_rvmdk.o(STACK)

    Global Symbols

    Symbol Name                              Value     Ov Type        Size  Object(Section)

    BuildAttributes$$THM_ISAv4$E$P$D$K$B$S$7EM$VFPi3$EXTD16$VFPS$VFMA$PE$A:L22UL41UL21$X:L11$S22US41US21$IEEE1$IW$USESV6$~STKCKD$USESV7$~SHL$OTIME$ROPI$EBA8$MICROLIB$REQ8$PRES8$EABIv2 0x00000000   Number         0  anon$$obj.o ABSOLUTE
    __ARM_use_no_argv                        0x00000000   Number         0  freertos_demo.o ABSOLUTE
    __Vectors                                0x00000000   Data           0  startup_rvmdk.o(RESET)
    __cpp_initialize__aeabi_                  - Undefined Weak Reference
    __cxa_finalize                            - Undefined Weak Reference
    _clock_init                               - Undefined Weak Reference
    _microlib_exit                            - Undefined Weak Reference
    Reset_Handler                            0x0000026d   Thumb Code     0  startup_rvmdk.o(RESET)
    __main                                   0x00000289   Thumb Code     0  entry.o(.ARM.Collect$$$$00000000)
    _main_stk                                0x00000289   Thumb Code     0  entry2.o(.ARM.Collect$$$$00000001)
    _main_scatterload                        0x0000028d   Thumb Code     0  entry5.o(.ARM.Collect$$$$00000004)
    __main_after_scatterload                 0x00000291   Thumb Code     0  entry5.o(.ARM.Collect$$$$00000004)
    _main_clock                              0x00000291   Thumb Code     0  entry7b.o(.ARM.Collect$$$$00000008)
    _main_cpp_init                           0x00000291   Thumb Code     0  entry8b.o(.ARM.Collect$$$$0000000A)
    _main_init                               0x00000291   Thumb Code     0  entry9a.o(.ARM.Collect$$$$0000000B)
    __rt_final_cpp                           0x00000299   Thumb Code     0  entry10a.o(.ARM.Collect$$$$0000000D)
    __rt_final_exit                          0x00000299   Thumb Code     0  entry11a.o(.ARM.Collect$$$$0000000F)
    vPortSVCHandler                          0x0000029d   Thumb Code    28  port.o(.emb_text)
    __asm___6_port_c_39a90d8d__prvStartFirstTask 0x000002bd   Thumb Code    28  port.o(.emb_text)
    __asm___6_port_c_39a90d8d__prvEnableVFP  0x000002dd   Thumb Code    16  port.o(.emb_text)
    xPortPendSVHandler                       0x000002f1   Thumb Code    88  port.o(.emb_text)
    vPortGetIPSR                             0x0000034d   Thumb Code     6  port.o(.emb_text)
    __aeabi_memcpy                           0x00000353   Thumb Code    36  memcpya.o(.text)
    __aeabi_memcpy4                          0x00000353   Thumb Code     0  memcpya.o(.text)
    __aeabi_memcpy8                          0x00000353   Thumb Code     0  memcpya.o(.text)
    __aeabi_memset                           0x00000377   Thumb Code    14  memseta.o(.text)
    __aeabi_memset4                          0x00000377   Thumb Code     0  memseta.o(.text)
    __aeabi_memset8                          0x00000377   Thumb Code     0  memseta.o(.text)
    __aeabi_memclr                           0x00000385   Thumb Code     4  memseta.o(.text)
    __aeabi_memclr4                          0x00000385   Thumb Code     0  memseta.o(.text)
    __aeabi_memclr8                          0x00000385   Thumb Code     0  memseta.o(.text)
    _memset$wrapper                          0x00000389   Thumb Code    18  memseta.o(.text)
    __scatterload                            0x0000039d   Thumb Code    28  init.o(.text)
    __scatterload_rt2                        0x0000039d   Thumb Code     0  init.o(.text)
    __decompress                             0x000003c1   Thumb Code     0  __dczerorl.o(.text)
    __decompress0                            0x000003c1   Thumb Code    58  __dczerorl.o(.text)
    ButtonsInit                              0x000003fd   Thumb Code   164  buttons.o(i.ButtonsInit)
    CentManualUpTask                         0x000004c1   Thumb Code    70  states_tasks.o(i.CentManualUpTask)
    CentralBtnUpPress                        0x00000511   Thumb Code    26  states_tasks.o(i.CentralBtnUpPress)
    CentralBtnUpRelease                      0x00000555   Thumb Code    26  states_tasks.o(i.CentralBtnUpRelease)
    ConfigureUART                            0x00000591   Thumb Code    76  freertos_demo.o(i.ConfigureUART)
    Delay_ms                                 0x000005ed   Thumb Code    36  lcd.o(i.Delay_ms)
    Force_Window_Stop                        0x00000611   Thumb Code    10  states_tasks.o(i.Force_Window_Stop)
    Force_Window_Up                          0x00000621   Thumb Code    38  states_tasks.o(i.Force_Window_Up)
    GPIODirModeSet                           0x0000064d   Thumb Code    40  gpio.o(i.GPIODirModeSet)
    GPIOIntClear                             0x00000675   Thumb Code     6  gpio.o(i.GPIOIntClear)
    GPIOIntDisable                           0x0000067b   Thumb Code    14  gpio.o(i.GPIOIntDisable)
    GPIOIntEnable                            0x00000689   Thumb Code    12  gpio.o(i.GPIOIntEnable)
    GPIOIntRegister                          0x00000695   Thumb Code    26  gpio.o(i.GPIOIntRegister)
    GPIOIntStatus                            0x000006af   Thumb Code    14  gpio.o(i.GPIOIntStatus)
    GPIOIntTypeSet                           0x000006bd   Thumb Code    80  gpio.o(i.GPIOIntTypeSet)
    GPIOPadConfigSet                         0x0000070d   Thumb Code   312  gpio.o(i.GPIOPadConfigSet)
    GPIOPinTypeGPIOInput                     0x00000845   Thumb Code    28  gpio.o(i.GPIOPinTypeGPIOInput)
    GPIOPinTypeGPIOOutput                    0x00000861   Thumb Code    28  gpio.o(i.GPIOPinTypeGPIOOutput)
    GPIOPinWrite                             0x0000087d   Thumb Code     6  gpio.o(i.GPIOPinWrite)
    IntEnable                                0x00000885   Thumb Code    92  interrupt.o(i.IntEnable)
    IntRegister                              0x000008e9   Thumb Code    44  interrupt.o(i.IntRegister)
    LCD_INIT                                 0x0000091d   Thumb Code   164  lcd.o(i.LCD_INIT)
    LCD_command                              0x000009d5   Thumb Code    46  lcd.o(i.LCD_command)
    LCD_data                                 0x00000a09   Thumb Code    54  lcd.o(i.LCD_data)
    LCD_print_string                         0x00000a45   Thumb Code    30  lcd.o(i.LCD_print_string)
    ListenTaskInit                           0x00000a99   Thumb Code    40  android_listen.o(i.ListenTaskInit)
    RedLEDOff                                0x00000acd   Thumb Code    10  states_tasks.o(i.RedLEDOff)
    RedLEDOn                                 0x00000add   Thumb Code    10  states_tasks.o(i.RedLEDOn)
    UARTClockSourceSet                       0x00000aed   Thumb Code     6  uart.o(i.UARTClockSourceSet)
    UARTStdioConfig                          0x00000af5   Thumb Code    90  uartstdio.o(i.UARTStdioConfig)
    UARTgetc                                 0x00000b59   Thumb Code    20  uartstdio.o(i.UARTgetc)
    UARTprintf                               0x00000b71   Thumb Code    44  uartstdio.o(i.UARTprintf)
    UARTvprintf                              0x00000ba1   Thumb Code   420  uartstdio.o(i.UARTvprintf)
    UARTwrite                                0x00000d55   Thumb Code    56  uartstdio.o(i.UARTwrite)
    UnblockSwitchTask                        0x00000d91   Thumb Code    40  android_listen.o(i.UnblockSwitchTask)
    __scatterload_copy                       0x00000e11   Thumb Code    14  handlers.o(i.__scatterload_copy)
    __scatterload_null                       0x00000e1f   Thumb Code     2  handlers.o(i.__scatterload_null)
    __scatterload_zeroinit                   0x00000e21   Thumb Code    14  handlers.o(i.__scatterload_zeroinit)
    main                                     0x00000e31   Thumb Code    48  freertos_demo.o(i.main)
    onButtonInt                              0x00000e8d   Thumb Code    98  buttons.o(i.onButtonInt)
    pvPortMalloc                             0x000010c1   Thumb Code   172  heap_2.o(i.pvPortMalloc)
    pvTaskIncrementMutexHeldCount            0x00001175   Thumb Code    18  tasks.o(i.pvTaskIncrementMutexHeldCount)
    pxPortInitialiseStack                    0x0000118d   Thumb Code    36  port.o(i.pxPortInitialiseStack)
    semaphoresInit                           0x000011b5   Thumb Code    26  states_tasks.o(i.semaphoresInit)
    statesTasksInit                          0x000011d5   Thumb Code    48  states_tasks.o(i.statesTasksInit)
    uxListRemove                             0x00001219   Thumb Code    36  list.o(i.uxListRemove)
    vApplicationStackOverflowHook            0x0000123d   Thumb Code     2  freertos_demo.o(i.vApplicationStackOverflowHook)
    vListInitialise                          0x0000123f   Thumb Code    22  list.o(i.vListInitialise)
    vListInitialiseItem                      0x00001255   Thumb Code     6  list.o(i.vListInitialiseItem)
    vListInsert                              0x0000125b   Thumb Code    48  list.o(i.vListInsert)
    vListInsertEnd                           0x0000128b   Thumb Code    24  list.o(i.vListInsertEnd)
    vPortEnterCritical                       0x000012a5   Thumb Code    24  port.o(i.vPortEnterCritical)
    vPortExitCritical                        0x000012c1   Thumb Code    16  port.o(i.vPortExitCritical)
    vPortFree                                0x000012d5   Thumb Code    56  heap_2.o(i.vPortFree)
    vPortSetupTimerInterrupt                 0x00001311   Thumb Code    16  port.o(i.vPortSetupTimerInterrupt)
    vTaskMissedYield                         0x00001321   Thumb Code     8  tasks.o(i.vTaskMissedYield)
    vTaskPlaceOnEventList                    0x0000132d   Thumb Code    70  tasks.o(i.vTaskPlaceOnEventList)
    vTaskPriorityInherit                     0x0000137d   Thumb Code   124  tasks.o(i.vTaskPriorityInherit)
    vTaskSetTimeOutState                     0x00001401   Thumb Code    12  tasks.o(i.vTaskSetTimeOutState)
    vTaskStartScheduler                      0x00001411   Thumb Code    66  tasks.o(i.vTaskStartScheduler)
    vTaskSuspendAll                          0x00001465   Thumb Code    10  tasks.o(i.vTaskSuspendAll)
    vTaskSwitchContext                       0x00001475   Thumb Code   104  tasks.o(i.vTaskSwitchContext)
    xPortStartScheduler                      0x000014e5   Thumb Code    52  port.o(i.xPortStartScheduler)
    xPortSysTickHandler                      0x00001525   Thumb Code    38  port.o(i.xPortSysTickHandler)
    xQueueCreateMutex                        0x00001551   Thumb Code    74  queue.o(i.xQueueCreateMutex)
    xQueueGenericReceive                     0x0000159d   Thumb Code   296  queue.o(i.xQueueGenericReceive)
    xQueueGenericSend                        0x000016c9   Thumb Code   252  queue.o(i.xQueueGenericSend)
    xQueueGiveFromISR                        0x000017c9   Thumb Code    86  queue.o(i.xQueueGiveFromISR)
    xTaskCheckForTimeOut                     0x00001821   Thumb Code    66  tasks.o(i.xTaskCheckForTimeOut)
    xTaskGenericCreate                       0x00001869   Thumb Code   376  tasks.o(i.xTaskGenericCreate)
    xTaskIncrementTick                       0x000019f1   Thumb Code   172  tasks.o(i.xTaskIncrementTick)
    xTaskPriorityDisinherit                  0x00001aa5   Thumb Code   102  tasks.o(i.xTaskPriorityDisinherit)
    xTaskRemoveFromEventList                 0x00001b15   Thumb Code    88  tasks.o(i.xTaskRemoveFromEventList)
    xTaskResumeAll                           0x00001b79   Thumb Code   164  tasks.o(i.xTaskResumeAll)
    Region$$Table$$Base                      0x00001f8c   Number         0  anon$$obj.o(Region$$Table)
    Region$$Table$$Limit                     0x00001fac   Number         0  anon$$obj.o(Region$$Table)
    pxCurrentTCB                             0x2000001c   Data           4  tasks.o(.data)
    g_pUARTSemaphore                         0x2000005c   Data           4  uartstdio.o(.data)
    xButtonPressedSemaphore                  0x20000060   Data           4  switch_task.o(.data)
    INT_PIN_NUM                              0x20000064   Data           1  buttons.o(.data)
    bCentralBtnDebounceReady                 0x20000065   Data           1  buttons.o(.data)
    androidINT                               0x20000066   Data           1  android_listen.o(.data)
    centralBtnUpPressed                      0x20000068   Data           1  states_tasks.o(.data)
    xCentralButtonUpSemaphore                0x2000006c   Data           4  states_tasks.o(.data)
    xCentralButtonDownSemaphore              0x20000070   Data           4  states_tasks.o(.data)
    __initial_sp                             0x20007f40   Data           0  startup_rvmdk.o(STACK)



==============================================================================

Memory Map of the image

  Image Entry point : 0x0000026d

  Load Region LR_IROM (Base: 0x00000000, Size: 0x00002618, Max: 0x00040000, ABSOLUTE, COMPRESSED[0x00001fc4])

    Execution Region ER_IROM (Exec base: 0x00000000, Load base: 0x00000000, Size: 0x00001fac, Max: 0x00040000, ABSOLUTE)

    Exec Addr    Load Addr    Size         Type   Attr      Idx    E Section Name        Object

    0x00000000   0x00000000   0x00000288   Code   RO          513  * RESET               startup_rvmdk.o
    0x00000288   0x00000288   0x00000000   Code   RO         2323  * .ARM.Collect$$$$00000000  mc_w.l(entry.o)
    0x00000288   0x00000288   0x00000004   Code   RO         2334    .ARM.Collect$$$$00000001  mc_w.l(entry2.o)
    0x0000028c   0x0000028c   0x00000004   Code   RO         2337    .ARM.Collect$$$$00000004  mc_w.l(entry5.o)
    0x00000290   0x00000290   0x00000000   Code   RO         2339    .ARM.Collect$$$$00000008  mc_w.l(entry7b.o)
    0x00000290   0x00000290   0x00000000   Code   RO         2341    .ARM.Collect$$$$0000000A  mc_w.l(entry8b.o)
    0x00000290   0x00000290   0x00000008   Code   RO         2342    .ARM.Collect$$$$0000000B  mc_w.l(entry9a.o)
    0x00000298   0x00000298   0x00000000   Code   RO         2344    .ARM.Collect$$$$0000000D  mc_w.l(entry10a.o)
    0x00000298   0x00000298   0x00000000   Code   RO         2346    .ARM.Collect$$$$0000000F  mc_w.l(entry11a.o)
    0x00000298   0x00000298   0x00000004   Code   RO         2335    .ARM.Collect$$$$00002712  mc_w.l(entry2.o)
    0x0000029c   0x0000029c   0x000000b6   Code   RO          175    .emb_text           port.o
    0x00000352   0x00000352   0x00000024   Code   RO         2326    .text               mc_w.l(memcpya.o)
    0x00000376   0x00000376   0x00000024   Code   RO         2328    .text               mc_w.l(memseta.o)
    0x0000039a   0x0000039a   0x00000002   PAD
    0x0000039c   0x0000039c   0x00000024   Code   RO         2351    .text               mc_w.l(init.o)
    0x000003c0   0x000003c0   0x0000003a   Code   RO         2361    .text               mc_w.l(__dczerorl.o)
    0x000003fa   0x000003fa   0x00000002   PAD
    0x000003fc   0x000003fc   0x000000c4   Code   RO         1052    i.ButtonsInit       buttons.o
    0x000004c0   0x000004c0   0x00000050   Code   RO         1163    i.CentManualUpTask  states_tasks.o
    0x00000510   0x00000510   0x00000044   Code   RO         1164    i.CentralBtnUpPress  states_tasks.o
    0x00000554   0x00000554   0x0000003c   Code   RO         1165    i.CentralBtnUpRelease  states_tasks.o
    0x00000590   0x00000590   0x0000005c   Code   RO          988    i.ConfigureUART     freertos_demo.o
    0x000005ec   0x000005ec   0x00000024   Code   RO         1087    i.Delay_ms          lcd.o
    0x00000610   0x00000610   0x00000010   Code   RO         1166    i.Force_Window_Stop  states_tasks.o
    0x00000620   0x00000620   0x0000002c   Code   RO         1167    i.Force_Window_Up   states_tasks.o
    0x0000064c   0x0000064c   0x00000028   Code   RO         1228    i.GPIODirModeSet    driverlib.lib(gpio.o)
    0x00000674   0x00000674   0x00000006   Code   RO         1229    i.GPIOIntClear      driverlib.lib(gpio.o)
    0x0000067a   0x0000067a   0x0000000e   Code   RO         1230    i.GPIOIntDisable    driverlib.lib(gpio.o)
    0x00000688   0x00000688   0x0000000c   Code   RO         1231    i.GPIOIntEnable     driverlib.lib(gpio.o)
    0x00000694   0x00000694   0x0000001a   Code   RO         1232    i.GPIOIntRegister   driverlib.lib(gpio.o)
    0x000006ae   0x000006ae   0x0000000e   Code   RO         1234    i.GPIOIntStatus     driverlib.lib(gpio.o)
    0x000006bc   0x000006bc   0x00000050   Code   RO         1236    i.GPIOIntTypeSet    driverlib.lib(gpio.o)
    0x0000070c   0x0000070c   0x00000138   Code   RO         1240    i.GPIOPadConfigSet  driverlib.lib(gpio.o)
    0x00000844   0x00000844   0x0000001c   Code   RO         1251    i.GPIOPinTypeGPIOInput  driverlib.lib(gpio.o)
    0x00000860   0x00000860   0x0000001c   Code   RO         1252    i.GPIOPinTypeGPIOOutput  driverlib.lib(gpio.o)
    0x0000087c   0x0000087c   0x00000006   Code   RO         1270    i.GPIOPinWrite      driverlib.lib(gpio.o)
    0x00000882   0x00000882   0x00000002   PAD
    0x00000884   0x00000884   0x00000064   Code   RO         2214    i.IntEnable         driverlib.lib(interrupt.o)
    0x000008e8   0x000008e8   0x00000034   Code   RO         2226    i.IntRegister       driverlib.lib(interrupt.o)
    0x0000091c   0x0000091c   0x000000b8   Code   RO         1088    i.LCD_INIT          lcd.o
    0x000009d4   0x000009d4   0x00000034   Code   RO         1090    i.LCD_command       lcd.o
    0x00000a08   0x00000a08   0x0000003c   Code   RO         1091    i.LCD_data          lcd.o
    0x00000a44   0x00000a44   0x0000001e   Code   RO         1092    i.LCD_print_string  lcd.o
    0x00000a62   0x00000a62   0x00000002   PAD
    0x00000a64   0x00000a64   0x00000034   Code   RO         1129    i.ListenTask        android_listen.o
    0x00000a98   0x00000a98   0x00000034   Code   RO         1130    i.ListenTaskInit    android_listen.o
    0x00000acc   0x00000acc   0x00000010   Code   RO         1168    i.RedLEDOff         states_tasks.o
    0x00000adc   0x00000adc   0x00000010   Code   RO         1169    i.RedLEDOn          states_tasks.o
    0x00000aec   0x00000aec   0x00000006   Code   RO         1920    i.UARTClockSourceSet  driverlib.lib(uart.o)
    0x00000af2   0x00000af2   0x00000002   PAD
    0x00000af4   0x00000af4   0x00000064   Code   RO          813    i.UARTStdioConfig   uartstdio.o
    0x00000b58   0x00000b58   0x00000018   Code   RO          814    i.UARTgetc          uartstdio.o
    0x00000b70   0x00000b70   0x00000030   Code   RO          816    i.UARTprintf        uartstdio.o
    0x00000ba0   0x00000ba0   0x000001b4   Code   RO          817    i.UARTvprintf       uartstdio.o
    0x00000d54   0x00000d54   0x0000003c   Code   RO          818    i.UARTwrite         uartstdio.o
    0x00000d90   0x00000d90   0x00000030   Code   RO         1131    i.UnblockSwitchTask  android_listen.o
    0x00000dc0   0x00000dc0   0x00000050   Code   RO         1271    i._GPIOIntNumberGet  driverlib.lib(gpio.o)
    0x00000e10   0x00000e10   0x0000000e   Code   RO         2355    i.__scatterload_copy  mc_w.l(handlers.o)
    0x00000e1e   0x00000e1e   0x00000002   Code   RO         2356    i.__scatterload_null  mc_w.l(handlers.o)
    0x00000e20   0x00000e20   0x0000000e   Code   RO         2357    i.__scatterload_zeroinit  mc_w.l(handlers.o)
    0x00000e2e   0x00000e2e   0x00000002   PAD
    0x00000e30   0x00000e30   0x0000005c   Code   RO          989    i.main              freertos_demo.o
    0x00000e8c   0x00000e8c   0x00000078   Code   RO         1053    i.onButtonInt       buttons.o
    0x00000f04   0x00000f04   0x00000034   Code   RO          517    i.prvAddCurrentTaskToDelayedList  tasks.o
    0x00000f38   0x00000f38   0x00000058   Code   RO          518    i.prvCheckTasksWaitingTermination  tasks.o
    0x00000f90   0x00000f90   0x00000026   Code   RO          244    i.prvCopyDataFromQueue  queue.o
    0x00000fb6   0x00000fb6   0x0000006e   Code   RO          245    i.prvCopyDataToQueue  queue.o
    0x00001024   0x00001024   0x00000006   Code   RO          519    i.prvIdleTask       tasks.o
    0x0000102a   0x0000102a   0x00000002   PAD
    0x0000102c   0x0000102c   0x00000020   Code   RO          521    i.prvResetNextTaskUnblockTime  tasks.o
    0x0000104c   0x0000104c   0x00000010   Code   RO          176    i.prvTaskExitError  port.o
    0x0000105c   0x0000105c   0x00000064   Code   RO          246    i.prvUnlockQueue    queue.o
    0x000010c0   0x000010c0   0x000000b4   Code   RO            1    i.pvPortMalloc      heap_2.o
    0x00001174   0x00001174   0x00000018   Code   RO          524    i.pvTaskIncrementMutexHeldCount  tasks.o
    0x0000118c   0x0000118c   0x00000028   Code   RO          177    i.pxPortInitialiseStack  port.o
    0x000011b4   0x000011b4   0x00000020   Code   RO         1170    i.semaphoresInit    states_tasks.o
    0x000011d4   0x000011d4   0x00000044   Code   RO         1171    i.statesTasksInit   states_tasks.o
    0x00001218   0x00001218   0x00000024   Code   RO          139    i.uxListRemove      list.o
    0x0000123c   0x0000123c   0x00000002   Code   RO          990    i.vApplicationStackOverflowHook  freertos_demo.o
    0x0000123e   0x0000123e   0x00000016   Code   RO          140    i.vListInitialise   list.o
    0x00001254   0x00001254   0x00000006   Code   RO          141    i.vListInitialiseItem  list.o
    0x0000125a   0x0000125a   0x00000030   Code   RO          142    i.vListInsert       list.o
    0x0000128a   0x0000128a   0x00000018   Code   RO          143    i.vListInsertEnd    list.o
    0x000012a2   0x000012a2   0x00000002   PAD
    0x000012a4   0x000012a4   0x0000001c   Code   RO          179    i.vPortEnterCritical  port.o
    0x000012c0   0x000012c0   0x00000014   Code   RO          180    i.vPortExitCritical  port.o
    0x000012d4   0x000012d4   0x0000003c   Code   RO            2    i.vPortFree         heap_2.o
    0x00001310   0x00001310   0x00000010   Code   RO          181    i.vPortSetupTimerInterrupt  port.o
    0x00001320   0x00001320   0x0000000c   Code   RO          537    i.vTaskMissedYield  tasks.o
    0x0000132c   0x0000132c   0x00000050   Code   RO          539    i.vTaskPlaceOnEventList  tasks.o
    0x0000137c   0x0000137c   0x00000084   Code   RO          541    i.vTaskPriorityInherit  tasks.o
    0x00001400   0x00001400   0x00000010   Code   RO          545    i.vTaskSetTimeOutState  tasks.o
    0x00001410   0x00001410   0x00000054   Code   RO          546    i.vTaskStartScheduler  tasks.o
    0x00001464   0x00001464   0x00000010   Code   RO          548    i.vTaskSuspendAll   tasks.o
    0x00001474   0x00001474   0x00000070   Code   RO          549    i.vTaskSwitchContext  tasks.o
    0x000014e4   0x000014e4   0x00000040   Code   RO          182    i.xPortStartScheduler  port.o
    0x00001524   0x00001524   0x0000002c   Code   RO          183    i.xPortSysTickHandler  port.o
    0x00001550   0x00001550   0x0000004a   Code   RO          256    i.xQueueCreateMutex  queue.o
    0x0000159a   0x0000159a   0x00000002   PAD
    0x0000159c   0x0000159c   0x0000012c   Code   RO          258    i.xQueueGenericReceive  queue.o
    0x000016c8   0x000016c8   0x00000100   Code   RO          260    i.xQueueGenericSend  queue.o
    0x000017c8   0x000017c8   0x00000056   Code   RO          262    i.xQueueGiveFromISR  queue.o
    0x0000181e   0x0000181e   0x00000002   PAD
    0x00001820   0x00001820   0x00000048   Code   RO          550    i.xTaskCheckForTimeOut  tasks.o
    0x00001868   0x00001868   0x00000188   Code   RO          551    i.xTaskGenericCreate  tasks.o
    0x000019f0   0x000019f0   0x000000b4   Code   RO          557    i.xTaskIncrementTick  tasks.o
    0x00001aa4   0x00001aa4   0x00000070   Code   RO          560    i.xTaskPriorityDisinherit  tasks.o
    0x00001b14   0x00001b14   0x00000064   Code   RO          561    i.xTaskRemoveFromEventList  tasks.o
    0x00001b78   0x00001b78   0x000000b0   Code   RO          563    i.xTaskResumeAll    tasks.o
    0x00001c28   0x00001c28   0x0000001c   Data   RO          819    .constdata          uartstdio.o
    0x00001c44   0x00001c44   0x00000228   Data   RO         1272    .constdata          driverlib.lib(gpio.o)
    0x00001e6c   0x00001e6c   0x0000010c   Data   RO         2230    .constdata          driverlib.lib(interrupt.o)
    0x00001f78   0x00001f78   0x00000011   Data   RO          820    .conststring        uartstdio.o
    0x00001f89   0x00001f89   0x00000003   PAD
    0x00001f8c   0x00001f8c   0x00000020   Data   RO         2353    Region$$Table       anon$$obj.o


    Execution Region RW_IRAM (Exec base: 0x20000000, Load base: 0x00001fac, Size: 0x00007f40, Max: 0x00008000, ABSOLUTE, COMPRESSED[0x00000018])

    Exec Addr    Load Addr    Size         Type   Attr      Idx    E Section Name        Object

    0x20000000   COMPRESSED   0x00000018   Data   RW            6    .data               heap_2.o
    0x20000018   COMPRESSED   0x00000004   Data   RW          184    .data               port.o
    0x2000001c   COMPRESSED   0x00000038   Data   RW          566    .data               tasks.o
    0x20000054   COMPRESSED   0x0000000c   Data   RW          821    .data               uartstdio.o
    0x20000060   COMPRESSED   0x00000004   Data   RW         1030    .data               switch_task.o
    0x20000064   COMPRESSED   0x00000002   Data   RW         1054    .data               buttons.o
    0x20000066   COMPRESSED   0x00000001   Data   RW         1132    .data               android_listen.o
    0x20000067   COMPRESSED   0x00000001   PAD
    0x20000068   COMPRESSED   0x0000000c   Data   RW         1172    .data               states_tasks.o
    0x20000074   COMPRESSED   0x0000038c   PAD
    0x20000400   COMPRESSED   0x0000026c   Data   RW         2231    vtable              driverlib.lib(interrupt.o)
    0x2000066c        -       0x00007530   Zero   RW            5    .bss                heap_2.o
    0x20007b9c        -       0x000001a4   Zero   RW          565    .bss                tasks.o
    0x20007d40        -       0x00000200   Zero   RW          511    STACK               startup_rvmdk.o


==============================================================================

Image component sizes


      Code (inc. data)   RO Data    RW Data    ZI Data      Debug   Object Name

       152         28          0          1          0       2634   android_listen.o
       316         54          0          2          0       1503   buttons.o
       186         60          0          0          0       2199   freertos_demo.o
       240         12          0         24      30000      19475   heap_2.o
       362         32          0          0          0       3560   lcd.o
         0          0          0          0          0       5844   led_task.o
       136          0          0          0          0       3226   list.o
       410         46          0          4          0      15372   port.o
       964          8          0          0          0      16463   queue.o
       648        622          0          0        512        248   startup_rvmdk.o
       400        136          0         12          0       5501   states_tasks.o
         0          0          0          4          0        370   switch_task.o
      1686        146          0         56        420      16826   tasks.o
       668         38         45         12          0       5750   uartstdio.o

    ----------------------------------------------------------------------
      6178       1182         80       1024      30932      98971   Object Totals
         0          0         32          0          0          0   (incl. Generated)
        10          0          3        909          0          0   (incl. Padding)

    ----------------------------------------------------------------------

      Code (inc. data)   RO Data    RW Data    ZI Data      Debug   Library Member Name

       646         18        552          0          0      10805   gpio.o
       152         16        268        620          0       2150   interrupt.o
         6          0          0          0          0        497   uart.o
        58          0          0          0          0          0   __dczerorl.o
         0          0          0          0          0          0   entry.o
         0          0          0          0          0          0   entry10a.o
         0          0          0          0          0          0   entry11a.o
         8          4          0          0          0          0   entry2.o
         4          0          0          0          0          0   entry5.o
         0          0          0          0          0          0   entry7b.o
         0          0          0          0          0          0   entry8b.o
         8          4          0          0          0          0   entry9a.o
        30          0          0          0          0          0   handlers.o
        36          8          0          0          0         68   init.o
        36          0          0          0          0         68   memcpya.o
        36          0          0          0          0        108   memseta.o

    ----------------------------------------------------------------------
      1030         50        820        620          0      13696   Library Totals
        10          0          0          0          0          0   (incl. Padding)

    ----------------------------------------------------------------------

      Code (inc. data)   RO Data    RW Data    ZI Data      Debug   Library Name

       804         34        820        620          0      13452   driverlib.lib
       216         16          0          0          0        244   mc_w.l

    ----------------------------------------------------------------------
      1030         50        820        620          0      13696   Library Totals

    ----------------------------------------------------------------------

==============================================================================


      Code (inc. data)   RO Data    RW Data    ZI Data      Debug   

      7208       1232        900       1644      30932     105299   Grand Totals
      7208       1232        900         24      30932     105299   ELF Image Totals (compressed)
      7208       1232        900         24          0          0   ROM Totals

==============================================================================

    Total RO  Size (Code + RO Data)                 8108 (   7.92kB)
    Total RW  Size (RW Data + ZI Data)             32576 (  31.81kB)
    Total ROM Size (Code + RO Data + RW Data)       8132 (   7.94kB)

==============================================================================

