<html>
<body>
<pre>
<h1>µVision Build Log</h1>
<h2>Tool Versions:</h2>
IDE-Version: µVision V5.24.2.0
Copyright (C) 2017 ARM Ltd and ARM Germany GmbH. All rights reserved.
License Information:   ,  , LIC=----
 
Tool Versions:
Toolchain:       MDK-Lite  Version: 5.24.1
Toolchain Path:  C:\Keil_v5\ARM\ARMCC\Bin
C Compiler:      Armcc.exe V5.06 update 5 (build 528)
Assembler:       Armasm.exe V5.06 update 5 (build 528)
Linker/Locator:  ArmLink.exe V5.06 update 5 (build 528)
Library Manager: ArmAr.exe V5.06 update 5 (build 528)
Hex Converter:   FromElf.exe V5.06 update 5 (build 528)
CPU DLL:         SARMCM3.DLL V5.24.1
Dialog DLL:      DCM.DLL V1.16.0.0
Target DLL:      lmidk-agdi.dll V???
Dialog DLL:      TCM.DLL V1.32.0.0
 
<h2>Project:</h2>
C:\Users\hesha\Documents\GitHub\Power-Window-Tiva-C\Power Window.uvproj
Project File Date:  04/25/2018

<h2>Output:</h2>
*** Using Compiler 'V5.06 update 5 (build 528)', folder: 'C:\Keil_v5\ARM\ARMCC\Bin'
Rebuild target 'freertos_demo'
compiling heap_2.c...
compiling freertos_demo.c...
compiling buttons.c...
compiling led_task.c...
compiling list.c...
compiling port.c...
compiling queue.c...
compiling rgb.c...
assembling startup_rvmdk.S...
compiling switch_task.c...
compiling uartstdio.c...
compiling tasks.c...
compiling ustdlib.c...
linking...
Program Size: Code=7228 RO-data=900 RW-data=1644 ZI-data=30956  
After Build - User command #1: fromelf --bin --output .\rvmdk\Power Window.bin .\rvmdk\Power Window.axf
Error: Q0466E: An output file can only be specified if there is a single input file
Finished: 0 information, 0 warning and 1 error messages.
".\rvmdk\Power Window.axf" - 0 Error(s), 0 Warning(s).
Build Time Elapsed:  00:00:01
</pre>
</body>
</html>
