ARM Linker, 5.03 [Build 76] [MDK-ARM Lite]

==============================================================================

Section Cross References

    heap_2.o(i.pvPortMalloc) refers to tasks.o(i.vTaskSuspendAll) for vTaskSuspendAll
    heap_2.o(i.pvPortMalloc) refers to tasks.o(i.xTaskResumeAll) for xTaskResumeAll
    heap_2.o(i.pvPortMalloc) refers to heap_2.o(.data) for .data
    heap_2.o(i.pvPortMalloc) refers to heap_2.o(.bss) for .bss
    heap_2.o(i.vPortFree) refers to tasks.o(i.vTaskSuspendAll) for vTaskSuspendAll
    heap_2.o(i.vPortFree) refers to tasks.o(i.xTaskResumeAll) for xTaskResumeAll
    heap_2.o(i.vPortFree) refers to heap_2.o(.data) for .data
    heap_2.o(i.xPortGetFreeHeapSize) refers to heap_2.o(.data) for .data
    led_task.o(i.LEDTask) refers to tasks.o(i.xTaskGetTickCount) for xTaskGetTickCount
    led_task.o(i.LEDTask) refers to queue.o(i.xQueueGenericReceive) for xQueueGenericReceive
    led_task.o(i.LEDTask) refers to rgb.o(i.RGBColorSet) for RGBColorSet
    led_task.o(i.LEDTask) refers to rgb.o(i.RGBEnable) for RGBEnable
    led_task.o(i.LEDTask) refers to rgb.o(i.RGBDisable) for RGBDisable
    led_task.o(i.LEDTask) refers to tasks.o(i.vTaskDelayUntil) for vTaskDelayUntil
    led_task.o(i.LEDTask) refers to led_task.o(.data) for .data
    led_task.o(i.LEDTask) refers to led_task.o(.bss) for .bss
    led_task.o(i.LEDTaskInit) refers to rgb.o(i.RGBInit) for RGBInit
    led_task.o(i.LEDTaskInit) refers to rgb.o(i.RGBIntensitySet) for RGBIntensitySet
    led_task.o(i.LEDTaskInit) refers to queue.o(i.xQueueGenericCreate) for xQueueGenericCreate
    led_task.o(i.LEDTaskInit) refers to tasks.o(i.xTaskGenericCreate) for xTaskGenericCreate
    led_task.o(i.LEDTaskInit) refers to led_task.o(.data) for .data
    led_task.o(i.LEDTaskInit) refers to led_task.o(i.LEDTask) for LEDTask
    port.o(.emb_text) refers to tasks.o(i.vTaskSwitchContext) for vTaskSwitchContext
    port.o(.emb_text) refers to tasks.o(.data) for pxCurrentTCB
    port.o(i.pxPortInitialiseStack) refers to port.o(i.prvTaskExitError) for prvTaskExitError
    port.o(i.vPortEnterCritical) refers to port.o(.data) for .data
    port.o(i.vPortExitCritical) refers to port.o(.data) for .data
    port.o(i.xPortStartScheduler) refers to port.o(i.vPortSetupTimerInterrupt) for vPortSetupTimerInterrupt
    port.o(i.xPortStartScheduler) refers to port.o(.emb_text) for __asm___6_port_c_39a90d8d__prvEnableVFP
    port.o(i.xPortStartScheduler) refers to port.o(.data) for .data
    port.o(i.xPortSysTickHandler) refers to tasks.o(i.xTaskIncrementTick) for xTaskIncrementTick
    queue.o(i.prvCopyDataFromQueue) refers to memcpya.o(.text) for __aeabi_memcpy
    queue.o(i.prvCopyDataToQueue) refers to memcpya.o(.text) for __aeabi_memcpy
    queue.o(i.prvCopyDataToQueue) refers to tasks.o(i.xTaskPriorityDisinherit) for xTaskPriorityDisinherit
    queue.o(i.prvUnlockQueue) refers to port.o(i.vPortEnterCritical) for vPortEnterCritical
    queue.o(i.prvUnlockQueue) refers to tasks.o(i.xTaskRemoveFromEventList) for xTaskRemoveFromEventList
    queue.o(i.prvUnlockQueue) refers to tasks.o(i.vTaskMissedYield) for vTaskMissedYield
    queue.o(i.prvUnlockQueue) refers to port.o(i.vPortExitCritical) for vPortExitCritical
    queue.o(i.uxQueueMessagesWaiting) refers to port.o(i.vPortEnterCritical) for vPortEnterCritical
    queue.o(i.uxQueueMessagesWaiting) refers to port.o(i.vPortExitCritical) for vPortExitCritical
    queue.o(i.uxQueueSpacesAvailable) refers to port.o(i.vPortEnterCritical) for vPortEnterCritical
    queue.o(i.uxQueueSpacesAvailable) refers to port.o(i.vPortExitCritical) for vPortExitCritical
    queue.o(i.vQueueAddToRegistry) refers to queue.o(.bss) for .bss
    queue.o(i.vQueueDelete) refers to queue.o(i.vQueueUnregisterQueue) for vQueueUnregisterQueue
    queue.o(i.vQueueDelete) refers to heap_2.o(i.vPortFree) for vPortFree
    queue.o(i.vQueueUnregisterQueue) refers to queue.o(.bss) for .bss
    queue.o(i.xQueueCreateMutex) refers to heap_2.o(i.pvPortMalloc) for pvPortMalloc
    queue.o(i.xQueueCreateMutex) refers to list.o(i.vListInitialise) for vListInitialise
    queue.o(i.xQueueCreateMutex) refers to queue.o(i.xQueueGenericSend) for xQueueGenericSend
    queue.o(i.xQueueGenericCreate) refers to heap_2.o(i.pvPortMalloc) for pvPortMalloc
    queue.o(i.xQueueGenericCreate) refers to queue.o(i.xQueueGenericReset) for xQueueGenericReset
    queue.o(i.xQueueGenericReceive) refers to port.o(i.vPortEnterCritical) for vPortEnterCritical
    queue.o(i.xQueueGenericReceive) refers to queue.o(i.prvCopyDataFromQueue) for prvCopyDataFromQueue
    queue.o(i.xQueueGenericReceive) refers to tasks.o(i.xTaskRemoveFromEventList) for xTaskRemoveFromEventList
    queue.o(i.xQueueGenericReceive) refers to port.o(i.vPortExitCritical) for vPortExitCritical
    queue.o(i.xQueueGenericReceive) refers to tasks.o(i.pvTaskIncrementMutexHeldCount) for pvTaskIncrementMutexHeldCount
[...]
    tasks.o(i.vTaskPrioritySet) refers to port.o(i.vPortEnterCritical) for vPortEnterCritical
    tasks.o(i.vTaskPrioritySet) refers to list.o(i.uxListRemove) for uxListRemove
    tasks.o(i.vTaskPrioritySet) refers to list.o(i.vListInsertEnd) for vListInsertEnd
    tasks.o(i.vTaskPrioritySet) refers to port.o(i.vPortExitCritical) for vPortExitCritical
    tasks.o(i.vTaskPrioritySet) refers to tasks.o(.data) for .data
    tasks.o(i.vTaskPrioritySet) refers to tasks.o(.bss) for .bss
    tasks.o(i.vTaskResume) refers to port.o(i.vPortEnterCritical) for vPortEnterCritical
    tasks.o(i.vTaskResume) refers to tasks.o(i.prvTaskIsTaskSuspended) for prvTaskIsTaskSuspended
    tasks.o(i.vTaskResume) refers to list.o(i.uxListRemove) for uxListRemove
    tasks.o(i.vTaskResume) refers to list.o(i.vListInsertEnd) for vListInsertEnd
    tasks.o(i.vTaskResume) refers to port.o(i.vPortExitCritical) for vPortExitCritical
    tasks.o(i.vTaskResume) refers to tasks.o(.data) for .data
    tasks.o(i.vTaskResume) refers to tasks.o(.bss) for .bss
    tasks.o(i.vTaskSetTimeOutState) refers to tasks.o(.data) for .data
    tasks.o(i.vTaskStartScheduler) refers to tasks.o(i.xTaskGenericCreate) for xTaskGenericCreate
    tasks.o(i.vTaskStartScheduler) refers to port.o(i.xPortStartScheduler) for xPortStartScheduler
    tasks.o(i.vTaskStartScheduler) refers to tasks.o(i.prvIdleTask) for prvIdleTask
    tasks.o(i.vTaskStartScheduler) refers to tasks.o(.data) for .data
    tasks.o(i.vTaskSuspend) refers to port.o(i.vPortEnterCritical) for vPortEnterCritical
    tasks.o(i.vTaskSuspend) refers to list.o(i.uxListRemove) for uxListRemove
    tasks.o(i.vTaskSuspend) refers to list.o(i.vListInsertEnd) for vListInsertEnd
    tasks.o(i.vTaskSuspend) refers to port.o(i.vPortExitCritical) for vPortExitCritical
    tasks.o(i.vTaskSuspend) refers to tasks.o(i.vTaskSwitchContext) for vTaskSwitchContext
    tasks.o(i.vTaskSuspend) refers to tasks.o(i.prvResetNextTaskUnblockTime) for prvResetNextTaskUnblockTime
    tasks.o(i.vTaskSuspend) refers to tasks.o(.data) for .data
    tasks.o(i.vTaskSuspend) refers to tasks.o(.bss) for .bss
    tasks.o(i.vTaskSuspendAll) refers to tasks.o(.data) for .data
    tasks.o(i.vTaskSwitchContext) refers to freertos_demo.o(i.vApplicationStackOverflowHook) for vApplicationStackOverflowHook
    tasks.o(i.vTaskSwitchContext) refers to tasks.o(.data) for .data
    tasks.o(i.vTaskSwitchContext) refers to tasks.o(.bss) for .bss
    tasks.o(i.xTaskCheckForTimeOut) refers to port.o(i.vPortEnterCritical) for vPortEnterCritical
    tasks.o(i.xTaskCheckForTimeOut) refers to tasks.o(i.vTaskSetTimeOutState) for vTaskSetTimeOutState
    tasks.o(i.xTaskCheckForTimeOut) refers to port.o(i.vPortExitCritical) for vPortExitCritical
    tasks.o(i.xTaskCheckForTimeOut) refers to tasks.o(.data) for .data
    tasks.o(i.xTaskGenericCreate) refers to heap_2.o(i.pvPortMalloc) for pvPortMalloc
    tasks.o(i.xTaskGenericCreate) refers to memseta.o(.text) for __aeabi_memset
    tasks.o(i.xTaskGenericCreate) refers to heap_2.o(i.vPortFree) for vPortFree
    tasks.o(i.xTaskGenericCreate) refers to list.o(i.vListInitialiseItem) for vListInitialiseItem
    tasks.o(i.xTaskGenericCreate) refers to port.o(i.pxPortInitialiseStack) for pxPortInitialiseStack
    tasks.o(i.xTaskGenericCreate) refers to port.o(i.vPortEnterCritical) for vPortEnterCritical
    tasks.o(i.xTaskGenericCreate) refers to list.o(i.vListInitialise) for vListInitialise
    tasks.o(i.xTaskGenericCreate) refers to list.o(i.vListInsertEnd) for vListInsertEnd
    tasks.o(i.xTaskGenericCreate) refers to port.o(i.vPortExitCritical) for vPortExitCritical
    tasks.o(i.xTaskGenericCreate) refers to tasks.o(.data) for .data
    tasks.o(i.xTaskGenericCreate) refers to tasks.o(.bss) for .bss
    tasks.o(i.xTaskGenericNotify) refers to port.o(i.vPortEnterCritical) for vPortEnterCritical
    tasks.o(i.xTaskGenericNotify) refers to list.o(i.uxListRemove) for uxListRemove
    tasks.o(i.xTaskGenericNotify) refers to list.o(i.vListInsertEnd) for vListInsertEnd
    tasks.o(i.xTaskGenericNotify) refers to port.o(i.vPortExitCritical) for vPortExitCritical
    tasks.o(i.xTaskGenericNotify) refers to tasks.o(.data) for .data
    tasks.o(i.xTaskGenericNotify) refers to tasks.o(.bss) for .bss
    tasks.o(i.xTaskGenericNotifyFromISR) refers to list.o(i.vListInsertEnd) for vListInsertEnd
    tasks.o(i.xTaskGenericNotifyFromISR) refers to list.o(i.uxListRemove) for uxListRemove
    tasks.o(i.xTaskGenericNotifyFromISR) refers to tasks.o(.data) for .data
    tasks.o(i.xTaskGenericNotifyFromISR) refers to tasks.o(.bss) for .bss
    tasks.o(i.xTaskGetCurrentTaskHandle) refers to tasks.o(.data) for .data
    tasks.o(i.xTaskGetTickCount) refers to tasks.o(.data) for .data
    tasks.o(i.xTaskGetTickCountFromISR) refers to tasks.o(.data) for .data
    tasks.o(i.xTaskIncrementTick) refers to tasks.o(i.prvResetNextTaskUnblockTime) for prvResetNextTaskUnblockTime
    tasks.o(i.xTaskIncrementTick) refers to list.o(i.uxListRemove) for uxListRemove
    tasks.o(i.xTaskIncrementTick) refers to list.o(i.vListInsertEnd) for vListInsertEnd
    tasks.o(i.xTaskIncrementTick) refers to tasks.o(.data) for .data
    tasks.o(i.xTaskIncrementTick) refers to tasks.o(.bss) for .bss
    tasks.o(i.xTaskNotifyStateClear) refers to port.o(i.vPortEnterCritical) for vPortEnterCritical
    tasks.o(i.xTaskNotifyStateClear) refers to port.o(i.vPortExitCritical) for vPortExitCritical
    tasks.o(i.xTaskNotifyStateClear) refers to tasks.o(.data) for .data
    tasks.o(i.xTaskNotifyWait) refers to port.o(i.vPortEnterCritical) for vPortEnterCritical
    tasks.o(i.xTaskNotifyWait) refers to list.o(i.uxListRemove) for uxListRemove
    tasks.o(i.xTaskNotifyWait) refers to tasks.o(i.prvAddCurrentTaskToDelayedList) for prvAddCurrentTaskToDelayedList
    tasks.o(i.xTaskNotifyWait) refers to port.o(i.vPortExitCritical) for vPortExitCritical
    tasks.o(i.xTaskNotifyWait) refers to list.o(i.vListInsertEnd) for vListInsertEnd
    tasks.o(i.xTaskNotifyWait) refers to tasks.o(.data) for .data
    tasks.o(i.xTaskNotifyWait) refers to tasks.o(.bss) for .bss
    tasks.o(i.xTaskPriorityDisinherit) refers to list.o(i.uxListRemove) for uxListRemove
    tasks.o(i.xTaskPriorityDisinherit) refers to list.o(i.vListInsertEnd) for vListInsertEnd
    tasks.o(i.xTaskPriorityDisinherit) refers to tasks.o(.bss) for .bss
    tasks.o(i.xTaskPriorityDisinherit) refers to tasks.o(.data) for .data
    tasks.o(i.xTaskRemoveFromEventList) refers to list.o(i.uxListRemove) for uxListRemove
    tasks.o(i.xTaskRemoveFromEventList) refers to list.o(i.vListInsertEnd) for vListInsertEnd
    tasks.o(i.xTaskRemoveFromEventList) refers to tasks.o(.data) for .data
    tasks.o(i.xTaskRemoveFromEventList) refers to tasks.o(.bss) for .bss
    tasks.o(i.xTaskRemoveFromUnorderedEventList) refers to list.o(i.uxListRemove) for uxListRemove
    tasks.o(i.xTaskRemoveFromUnorderedEventList) refers to list.o(i.vListInsertEnd) for vListInsertEnd
    tasks.o(i.xTaskRemoveFromUnorderedEventList) refers to tasks.o(.data) for .data
    tasks.o(i.xTaskRemoveFromUnorderedEventList) refers to tasks.o(.bss) for .bss
    tasks.o(i.xTaskResumeAll) refers to port.o(i.vPortEnterCritical) for vPortEnterCritical
    tasks.o(i.xTaskResumeAll) refers to list.o(i.uxListRemove) for uxListRemove
    tasks.o(i.xTaskResumeAll) refers to list.o(i.vListInsertEnd) for vListInsertEnd
    tasks.o(i.xTaskResumeAll) refers to tasks.o(i.xTaskIncrementTick) for xTaskIncrementTick
    tasks.o(i.xTaskResumeAll) refers to port.o(i.vPortExitCritical) for vPortExitCritical
    tasks.o(i.xTaskResumeAll) refers to tasks.o(.data) for .data
    tasks.o(i.xTaskResumeAll) refers to tasks.o(.bss) for .bss
    tasks.o(i.xTaskResumeFromISR) refers to tasks.o(i.prvTaskIsTaskSuspended) for prvTaskIsTaskSuspended
    tasks.o(i.xTaskResumeFromISR) refers to list.o(i.uxListRemove) for uxListRemove
    tasks.o(i.xTaskResumeFromISR) refers to list.o(i.vListInsertEnd) for vListInsertEnd
    tasks.o(i.xTaskResumeFromISR) refers to tasks.o(.data) for .data
    tasks.o(i.xTaskResumeFromISR) refers to tasks.o(.bss) for .bss
    uartstdio.o(i.UARTStdioConfig) refers to queue.o(i.xQueueCreateMutex) for xQueueCreateMutex
    uartstdio.o(i.UARTStdioConfig) refers to uartstdio.o(.constdata) for .constdata
    uartstdio.o(i.UARTStdioConfig) refers to uartstdio.o(.data) for .data
    uartstdio.o(i.UARTgetc) refers to uartstdio.o(.data) for .data
    uartstdio.o(i.UARTgets) refers to uartstdio.o(i.UARTwrite) for UARTwrite
    uartstdio.o(i.UARTgets) refers to uartstdio.o(.data) for .data
    uartstdio.o(i.UARTprintf) refers to queue.o(i.xQueueGenericReceive) for xQueueGenericReceive
    uartstdio.o(i.UARTprintf) refers to uartstdio.o(i.UARTvprintf) for UARTvprintf
    uartstdio.o(i.UARTprintf) refers to queue.o(i.xQueueGenericSend) for xQueueGenericSend
    uartstdio.o(i.UARTprintf) refers to uartstdio.o(.data) for .data
    uartstdio.o(i.UARTvprintf) refers to uartstdio.o(i.UARTwrite) for UARTwrite
    uartstdio.o(i.UARTvprintf) refers to uartstdio.o(.constdata) for .constdata
    uartstdio.o(i.UARTwrite) refers to uartstdio.o(.data) for .data
    uartstdio.o(.constdata) refers to uartstdio.o(.conststring) for .conststring
    ustdlib.o(i.ulocaltime) refers to ustdlib.o(.constdata) for .constdata
    ustdlib.o(i.umktime) refers to ustdlib.o(i.ulocaltime) for ulocaltime
    ustdlib.o(i.umktime) refers to ustdlib.o(i.ucmptime) for ucmptime
    ustdlib.o(i.urand) refers to ustdlib.o(.data) for .data
    ustdlib.o(i.usnprintf) refers to ustdlib.o(i.uvsnprintf) for uvsnprintf
    ustdlib.o(i.usprintf) refers to ustdlib.o(i.uvsnprintf) for uvsnprintf
    ustdlib.o(i.usrand) refers to ustdlib.o(.data) for .data
    ustdlib.o(i.ustrcasecmp) refers to ustdlib.o(i.ustrncasecmp) for ustrncasecmp
    ustdlib.o(i.ustrcmp) refers to ustdlib.o(i.ustrncmp) for ustrncmp
    ustdlib.o(i.ustrstr) refers to ustdlib.o(i.ustrlen) for ustrlen
    ustdlib.o(i.ustrstr) refers to ustdlib.o(i.ustrncmp) for ustrncmp
    ustdlib.o(i.ustrtof) refers to ustdlib.o(.constdata) for .constdata
    ustdlib.o(i.uvsnprintf) refers to ustdlib.o(i.ustrncpy) for ustrncpy
    ustdlib.o(i.uvsnprintf) refers to ustdlib.o(.constdata) for .constdata
    ustdlib.o(.constdata) refers to ustdlib.o(.conststring) for .conststring
    freertos_demo.o(i.ConfigureUART) refers to uart.o(i.UARTClockSourceSet) for UARTClockSourceSet
    freertos_demo.o(i.ConfigureUART) refers to uartstdio.o(i.UARTStdioConfig) for UARTStdioConfig
    freertos_demo.o(i.main) refers to freertos_demo.o(i.ConfigureUART) for ConfigureUART
    freertos_demo.o(i.main) refers to lcd.o(i.LCD_INIT) for LCD_INIT
    freertos_demo.o(i.main) refers to uartstdio.o(i.UARTprintf) for UARTprintf
    freertos_demo.o(i.main) refers to led_task.o(i.LEDTaskInit) for LEDTaskInit
    freertos_demo.o(i.main) refers to switch_task.o(i.SwitchTaskInit) for SwitchTaskInit
    freertos_demo.o(i.main) refers to tasks.o(i.vTaskStartScheduler) for vTaskStartScheduler
    switch_task.o(i.CentralBtnDownPress) refers to uartstdio.o(i.UARTprintf) for UARTprintf
    switch_task.o(i.CentralBtnDownPress) refers to switch_task.o(i.RedLEDOn) for RedLEDOn
    switch_task.o(i.CentralBtnDownPress) refers to switch_task.o(i.Force_Window_Down) for Force_Window_Down
    switch_task.o(i.CentralBtnDownPress) refers to lcd.o(i.LCD_print_string) for LCD_print_string
    switch_task.o(i.CentralBtnDownRelease) refers to uartstdio.o(i.UARTprintf) for UARTprintf
    switch_task.o(i.CentralBtnDownRelease) refers to switch_task.o(i.RedLEDOff) for RedLEDOff
    switch_task.o(i.CentralBtnDownRelease) refers to switch_task.o(i.Force_Window_Stop) for Force_Window_Stop
    switch_task.o(i.CentralBtnDownRelease) refers to lcd.o(i.LCD_print_string) for LCD_print_string
    switch_task.o(i.CentralBtnUpPress) refers to uartstdio.o(i.UARTprintf) for UARTprintf
    switch_task.o(i.CentralBtnUpPress) refers to switch_task.o(i.RedLEDOn) for RedLEDOn
    switch_task.o(i.CentralBtnUpPress) refers to switch_task.o(i.Force_Window_Up) for Force_Window_Up
    switch_task.o(i.CentralBtnUpPress) refers to lcd.o(i.LCD_print_string) for LCD_print_string
    switch_task.o(i.CentralBtnUpPress) refers to switch_task.o(.constdata) for .constdata
    switch_task.o(i.CentralBtnUpRelease) refers to uartstdio.o(i.UARTprintf) for UARTprintf
    switch_task.o(i.CentralBtnUpRelease) refers to switch_task.o(i.RedLEDOff) for RedLEDOff
    switch_task.o(i.CentralBtnUpRelease) refers to switch_task.o(i.Force_Window_Stop) for Force_Window_Stop
    switch_task.o(i.CentralBtnUpRelease) refers to lcd.o(i.LCD_print_string) for LCD_print_string
    switch_task.o(i.CentralBtnUpRelease) refers to switch_task.o(.constdata) for .constdata
    switch_task.o(i.Force_Window_Down) refers to gpio.o(i.GPIOPinWrite) for GPIOPinWrite
    switch_task.o(i.Force_Window_Stop) refers to gpio.o(i.GPIOPinWrite) for GPIOPinWrite
    switch_task.o(i.Force_Window_Up) refers to gpio.o(i.GPIOPinWrite) for GPIOPinWrite
    switch_task.o(i.RedLEDOff) refers to gpio.o(i.GPIOPinWrite) for GPIOPinWrite
    switch_task.o(i.RedLEDOn) refers to gpio.o(i.GPIOPinWrite) for GPIOPinWrite
    switch_task.o(i.SwitchTask) refers to queue.o(i.xQueueGenericReceive) for xQueueGenericReceive
    switch_task.o(i.SwitchTask) refers to switch_task.o(i.CentralBtnDownPress) for CentralBtnDownPress
    switch_task.o(i.SwitchTask) refers to switch_task.o(i.CentralBtnDownRelease) for CentralBtnDownRelease
    switch_task.o(i.SwitchTask) refers to switch_task.o(i.CentralBtnUpPress) for CentralBtnUpPress
    switch_task.o(i.SwitchTask) refers to switch_task.o(i.CentralBtnUpRelease) for CentralBtnUpRelease
    switch_task.o(i.SwitchTask) refers to switch_task.o(i.autoDown) for autoDown
    switch_task.o(i.SwitchTask) refers to switch_task.o(i.autoUp) for autoUp
    switch_task.o(i.SwitchTask) refers to lcd.o(i.Delay_ms) for Delay_ms
    switch_task.o(i.SwitchTask) refers to switch_task.o(.data) for .data
    switch_task.o(i.SwitchTask) refers to buttons.o(.data) for INT_PIN_NUM
    switch_task.o(i.SwitchTaskInit) refers to queue.o(i.xQueueCreateMutex) for xQueueCreateMutex
    switch_task.o(i.SwitchTaskInit) refers to buttons.o(i.ButtonsInit) for ButtonsInit
    switch_task.o(i.SwitchTaskInit) refers to lcd.o(i.LCD_print_string) for LCD_print_string
    switch_task.o(i.SwitchTaskInit) refers to tasks.o(i.xTaskGenericCreate) for xTaskGenericCreate
    switch_task.o(i.SwitchTaskInit) refers to switch_task.o(.data) for .data
    switch_task.o(i.SwitchTaskInit) refers to switch_task.o(i.SwitchTask) for SwitchTask
    switch_task.o(i.autoDown) refers to uartstdio.o(i.UARTprintf) for UARTprintf
    switch_task.o(i.autoDown) refers to switch_task.o(i.RedLEDOn) for RedLEDOn
    switch_task.o(i.autoDown) refers to switch_task.o(i.Force_Window_Down) for Force_Window_Down
    switch_task.o(i.autoDown) refers to lcd.o(i.LCD_print_string) for LCD_print_string
    switch_task.o(i.autoUp) refers to uartstdio.o(i.UARTprintf) for UARTprintf
    switch_task.o(i.autoUp) refers to switch_task.o(i.RedLEDOn) for RedLEDOn
    switch_task.o(i.autoUp) refers to switch_task.o(i.Force_Window_Up) for Force_Window_Up
    switch_task.o(i.autoUp) refers to lcd.o(i.LCD_print_string) for LCD_print_string
    buttons.o(i.ButtonsInit) refers to gpio.o(i.GPIOPinTypeGPIOOutput) for GPIOPinTypeGPIOOutput
    buttons.o(i.ButtonsInit) refers to gpio.o(i.GPIOPinTypeGPIOInput) for GPIOPinTypeGPIOInput
    buttons.o(i.ButtonsInit) refers to gpio.o(i.GPIOIntDisable) for GPIOIntDisable
    buttons.o(i.ButtonsInit) refers to gpio.o(i.GPIOIntTypeSet) for GPIOIntTypeSet
    buttons.o(i.ButtonsInit) refers to gpio.o(i.GPIOIntEnable) for GPIOIntEnable
    buttons.o(i.ButtonsInit) refers to gpio.o(i.GPIOIntRegister) for GPIOIntRegister
    buttons.o(i.ButtonsInit) refers to gpio.o(i.GPIOPinWrite) for GPIOPinWrite
    buttons.o(i.ButtonsInit) refers to buttons.o(i.onButtonInt) for onButtonInt
    buttons.o(i.ButtonsInit) refers to buttons.o(.data) for .data
    buttons.o(i.onButtonInt) refers to gpio.o(i.GPIOIntStatus) for GPIOIntStatus
    buttons.o(i.onButtonInt) refers to gpio.o(i.GPIOIntClear) for GPIOIntClear
    buttons.o(i.onButtonInt) refers to queue.o(i.xQueueGiveFromISR) for xQueueGiveFromISR
    buttons.o(i.onButtonInt) refers to buttons.o(.data) for .data
    buttons.o(i.onButtonInt) refers to switch_task.o(.data) for xButtonPressedSemaphore
    lcd.o(i.LCD_INIT) refers to gpio.o(i.GPIOPinTypeGPIOOutput) for GPIOPinTypeGPIOOutput
    lcd.o(i.LCD_INIT) refers to lcd.o(i.Delay_ms) for Delay_ms
    lcd.o(i.LCD_INIT) refers to lcd.o(i.LCD_command) for LCD_command
    lcd.o(i.LCD_clear) refers to lcd.o(i.LCD_command) for LCD_command
    lcd.o(i.LCD_command) refers to lcd.o(i.Delay_ms) for Delay_ms
    lcd.o(i.LCD_data) refers to lcd.o(i.Delay_ms) for Delay_ms
    lcd.o(i.LCD_print_string) refers to lcd.o(i.LCD_command) for LCD_command
    lcd.o(i.LCD_print_string) refers to lcd.o(i.LCD_data) for LCD_data
    gpio.o(i.GPIOIntRegister) refers to gpio.o(i._GPIOIntNumberGet) for _GPIOIntNumberGet
    gpio.o(i.GPIOIntRegister) refers to interrupt.o(i.IntRegister) for IntRegister
    gpio.o(i.GPIOIntRegister) refers to interrupt.o(i.IntEnable) for IntEnable
    gpio.o(i.GPIOIntRegisterPin) refers to gpio.o(i._GPIOIntNumberGet) for _GPIOIntNumberGet
    gpio.o(i.GPIOIntRegisterPin) refers to interrupt.o(i.IntRegister) for IntRegister
    gpio.o(i.GPIOIntRegisterPin) refers to interrupt.o(i.IntEnable) for IntEnable
    gpio.o(i.GPIOIntUnregister) refers to gpio.o(i._GPIOIntNumberGet) for _GPIOIntNumberGet
    gpio.o(i.GPIOIntUnregister) refers to interrupt.o(i.IntDisable) for IntDisable
    gpio.o(i.GPIOIntUnregister) refers to interrupt.o(i.IntUnregister) for IntUnregister
    gpio.o(i.GPIOIntUnregisterPin) refers to gpio.o(i._GPIOIntNumberGet) for _GPIOIntNumberGet
    gpio.o(i.GPIOIntUnregisterPin) refers to interrupt.o(i.IntDisable) for IntDisable
    gpio.o(i.GPIOIntUnregisterPin) refers to interrupt.o(i.IntUnregister) for IntUnregister
    gpio.o(i.GPIOPinConfigure) refers to gpio.o(.constdata) for .constdata
    gpio.o(i.GPIOPinTypeADC) refers to gpio.o(i.GPIODirModeSet) for GPIODirModeSet
    gpio.o(i.GPIOPinTypeADC) refers to gpio.o(i.GPIOPadConfigSet) for GPIOPadConfigSet
    gpio.o(i.GPIOPinTypeCAN) refers to gpio.o(i.GPIODirModeSet) for GPIODirModeSet
    gpio.o(i.GPIOPinTypeCAN) refers to gpio.o(i.GPIOPadConfigSet) for GPIOPadConfigSet
    gpio.o(i.GPIOPinTypeComparator) refers to gpio.o(i.GPIODirModeSet) for GPIODirModeSet
    gpio.o(i.GPIOPinTypeComparator) refers to gpio.o(i.GPIOPadConfigSet) for GPIOPadConfigSet
    gpio.o(i.GPIOPinTypeComparatorOutput) refers to gpio.o(i.GPIODirModeSet) for GPIODirModeSet
    gpio.o(i.GPIOPinTypeComparatorOutput) refers to gpio.o(i.GPIOPadConfigSet) for GPIOPadConfigSet
    gpio.o(i.GPIOPinTypeDIVSCLK) refers to gpio.o(i.GPIODirModeSet) for GPIODirModeSet
    gpio.o(i.GPIOPinTypeDIVSCLK) refers to gpio.o(i.GPIOPadConfigSet) for GPIOPadConfigSet
    gpio.o(i.GPIOPinTypeEPI) refers to gpio.o(i.GPIODirModeSet) for GPIODirModeSet
    gpio.o(i.GPIOPinTypeEPI) refers to gpio.o(i.GPIOPadConfigSet) for GPIOPadConfigSet
    gpio.o(i.GPIOPinTypeEthernetLED) refers to gpio.o(i.GPIODirModeSet) for GPIODirModeSet
    gpio.o(i.GPIOPinTypeEthernetLED) refers to gpio.o(i.GPIOPadConfigSet) for GPIOPadConfigSet
    gpio.o(i.GPIOPinTypeEthernetMII) refers to gpio.o(i.GPIODirModeSet) for GPIODirModeSet
    gpio.o(i.GPIOPinTypeEthernetMII) refers to gpio.o(i.GPIOPadConfigSet) for GPIOPadConfigSet
    gpio.o(i.GPIOPinTypeGPIOInput) refers to gpio.o(i.GPIODirModeSet) for GPIODirModeSet
    gpio.o(i.GPIOPinTypeGPIOInput) refers to gpio.o(i.GPIOPadConfigSet) for GPIOPadConfigSet
    gpio.o(i.GPIOPinTypeGPIOOutput) refers to gpio.o(i.GPIOPadConfigSet) for GPIOPadConfigSet
    gpio.o(i.GPIOPinTypeGPIOOutput) refers to gpio.o(i.GPIODirModeSet) for GPIODirModeSet
    gpio.o(i.GPIOPinTypeGPIOOutputOD) refers to gpio.o(i.GPIOPadConfigSet) for GPIOPadConfigSet
    gpio.o(i.GPIOPinTypeGPIOOutputOD) refers to gpio.o(i.GPIODirModeSet) for GPIODirModeSet
    gpio.o(i.GPIOPinTypeHibernateRTCCLK) refers to gpio.o(i.GPIODirModeSet) for GPIODirModeSet
    gpio.o(i.GPIOPinTypeHibernateRTCCLK) refers to gpio.o(i.GPIOPadConfigSet) for GPIOPadConfigSet
    gpio.o(i.GPIOPinTypeI2C) refers to gpio.o(i.GPIODirModeSet) for GPIODirModeSet
    gpio.o(i.GPIOPinTypeI2C) refers to gpio.o(i.GPIOPadConfigSet) for GPIOPadConfigSet
    gpio.o(i.GPIOPinTypeI2CSCL) refers to gpio.o(i.GPIODirModeSet) for GPIODirModeSet
    gpio.o(i.GPIOPinTypeI2CSCL) refers to gpio.o(i.GPIOPadConfigSet) for GPIOPadConfigSet
    gpio.o(i.GPIOPinTypeLCD) refers to gpio.o(i.GPIODirModeSet) for GPIODirModeSet
    gpio.o(i.GPIOPinTypeLCD) refers to gpio.o(i.GPIOPadConfigSet) for GPIOPadConfigSet
    gpio.o(i.GPIOPinTypeOneWire) refers to gpio.o(i.GPIODirModeSet) for GPIODirModeSet
    gpio.o(i.GPIOPinTypeOneWire) refers to gpio.o(i.GPIOPadConfigSet) for GPIOPadConfigSet
    gpio.o(i.GPIOPinTypePWM) refers to gpio.o(i.GPIODirModeSet) for GPIODirModeSet
    gpio.o(i.GPIOPinTypePWM) refers to gpio.o(i.GPIOPadConfigSet) for GPIOPadConfigSet
    gpio.o(i.GPIOPinTypeQEI) refers to gpio.o(i.GPIODirModeSet) for GPIODirModeSet
    gpio.o(i.GPIOPinTypeQEI) refers to gpio.o(i.GPIOPadConfigSet) for GPIOPadConfigSet
    gpio.o(i.GPIOPinTypeSSI) refers to gpio.o(i.GPIODirModeSet) for GPIODirModeSet
    gpio.o(i.GPIOPinTypeSSI) refers to gpio.o(i.GPIOPadConfigSet) for GPIOPadConfigSet
    gpio.o(i.GPIOPinTypeTimer) refers to gpio.o(i.GPIODirModeSet) for GPIODirModeSet
    gpio.o(i.GPIOPinTypeTimer) refers to gpio.o(i.GPIOPadConfigSet) for GPIOPadConfigSet
    gpio.o(i.GPIOPinTypeTrace) refers to gpio.o(i.GPIODirModeSet) for GPIODirModeSet
    gpio.o(i.GPIOPinTypeTrace) refers to gpio.o(i.GPIOPadConfigSet) for GPIOPadConfigSet
    gpio.o(i.GPIOPinTypeUART) refers to gpio.o(i.GPIODirModeSet) for GPIODirModeSet
    gpio.o(i.GPIOPinTypeUART) refers to gpio.o(i.GPIOPadConfigSet) for GPIOPadConfigSet
    gpio.o(i.GPIOPinTypeUSBAnalog) refers to gpio.o(i.GPIODirModeSet) for GPIODirModeSet
    gpio.o(i.GPIOPinTypeUSBAnalog) refers to gpio.o(i.GPIOPadConfigSet) for GPIOPadConfigSet
    gpio.o(i.GPIOPinTypeUSBDigital) refers to gpio.o(i.GPIODirModeSet) for GPIODirModeSet
    gpio.o(i.GPIOPinTypeUSBDigital) refers to gpio.o(i.GPIOPadConfigSet) for GPIOPadConfigSet
    gpio.o(i.GPIOPinTypeWakeHigh) refers to gpio.o(i.GPIODirModeSet) for GPIODirModeSet
    gpio.o(i.GPIOPinTypeWakeHigh) refers to gpio.o(i.GPIOPadConfigSet) for GPIOPadConfigSet
    gpio.o(i.GPIOPinTypeWakeLow) refers to gpio.o(i.GPIODirModeSet) for GPIODirModeSet
    gpio.o(i.GPIOPinTypeWakeLow) refers to gpio.o(i.GPIOPadConfigSet) for GPIOPadConfigSet
    gpio.o(i._GPIOIntNumberGet) refers to gpio.o(.constdata) for .constdata
    sysctl.o(i.SysCtlClockFreqSet) refers to sysctl.o(.constdata) for .constdata
    sysctl.o(i.SysCtlClockGet) refers to sysctl.o(.constdata) for .constdata
    sysctl.o(i.SysCtlClockSet) refers to sysctl.o(.emb_text) for SysCtlDelay
    sysctl.o(i.SysCtlDeepSleep) refers to cpu.o(.emb_text) for CPUwfi
    sysctl.o(i.SysCtlIntRegister) refers to interrupt.o(i.IntRegister) for IntRegister
    sysctl.o(i.SysCtlIntRegister) refers to interrupt.o(i.IntEnable) for IntEnable
    sysctl.o(i.SysCtlIntUnregister) refers to interrupt.o(i.IntDisable) for IntDisable
    sysctl.o(i.SysCtlIntUnregister) refers to interrupt.o(i.IntUnregister) for IntUnregister
    sysctl.o(i.SysCtlSleep) refers to cpu.o(.emb_text) for CPUwfi
    sysctl.o(i.SysCtlVCOGet) refers to sysctl.o(.constdata) for .constdata
    uart.o(i.UARTIntRegister) refers to interrupt.o(i.IntRegister) for IntRegister
    uart.o(i.UARTIntRegister) refers to interrupt.o(i.IntEnable) for IntEnable
    uart.o(i.UARTIntRegister) refers to uart.o(.constdata) for .constdata
    uart.o(i.UARTIntUnregister) refers to interrupt.o(i.IntDisable) for IntDisable
    uart.o(i.UARTIntUnregister) refers to interrupt.o(i.IntUnregister) for IntUnregister
    uart.o(i.UARTIntUnregister) refers to uart.o(.constdata) for .constdata
    interrupt.o(i.IntDisable) refers to interrupt.o(.constdata) for .constdata
    interrupt.o(i.IntEnable) refers to interrupt.o(.constdata) for .constdata
    interrupt.o(i.IntIsEnabled) refers to interrupt.o(.constdata) for .constdata
    interrupt.o(i.IntMasterDisable) refers to cpu.o(.emb_text) for CPUcpsid
    interrupt.o(i.IntMasterEnable) refers to cpu.o(.emb_text) for CPUcpsie
    interrupt.o(i.IntPendClear) refers to interrupt.o(.constdata) for .constdata
    interrupt.o(i.IntPendSet) refers to interrupt.o(.constdata) for .constdata
    interrupt.o(i.IntPriorityGet) refers to interrupt.o(.constdata) for .constdata
    interrupt.o(i.IntPriorityGroupingGet) refers to interrupt.o(.constdata) for .constdata
    interrupt.o(i.IntPriorityGroupingSet) refers to interrupt.o(.constdata) for .constdata
    interrupt.o(i.IntPriorityMaskGet) refers to cpu.o(.emb_text) for CPUbasepriGet
    interrupt.o(i.IntPriorityMaskSet) refers to cpu.o(.emb_text) for CPUbasepriSet
    interrupt.o(i.IntPrioritySet) refers to interrupt.o(.constdata) for .constdata
    interrupt.o(i.IntRegister) refers to interrupt.o(vtable) for vtable
    interrupt.o(i.IntUnregister) refers to interrupt.o(i._IntDefaultHandler) for _IntDefaultHandler
    interrupt.o(i.IntUnregister) refers to interrupt.o(vtable) for vtable
    entry.o(.ARM.Collect$$$$00000000) refers (Special) to entry10a.o(.ARM.Collect$$$$0000000D) for __rt_final_cpp
    entry.o(.ARM.Collect$$$$00000000) refers (Special) to entry11a.o(.ARM.Collect$$$$0000000F) for __rt_final_exit
    entry.o(.ARM.Collect$$$$00000000) refers (Special) to entry7b.o(.ARM.Collect$$$$00000008) for _main_clock
    entry.o(.ARM.Collect$$$$00000000) refers (Special) to entry8b.o(.ARM.Collect$$$$0000000A) for _main_cpp_init
    entry.o(.ARM.Collect$$$$00000000) refers (Special) to entry9a.o(.ARM.Collect$$$$0000000B) for _main_init
    entry.o(.ARM.Collect$$$$00000000) refers (Special) to entry5.o(.ARM.Collect$$$$00000004) for _main_scatterload
    entry.o(.ARM.Collect$$$$00000000) refers (Special) to entry2.o(.ARM.Collect$$$$00000001) for _main_stk
    ffixul.o(.text) refers (Special) to iusefp.o(.text) for __I$use$fp
    ffixul.o(.text) refers to llshl.o(.text) for __aeabi_llsl
    entry2.o(.ARM.Collect$$$$00000001) refers to entry2.o(.ARM.Collect$$$$00002712) for __lit__00000000
    entry2.o(.ARM.Collect$$$$00002712) refers to startup_rvmdk.o(STACK) for __initial_sp
    entry2.o(__vectab_stack_and_reset_area) refers to startup_rvmdk.o(STACK) for __initial_sp
    entry2.o(__vectab_stack_and_reset_area) refers to entry.o(.ARM.Collect$$$$00000000) for __main
    entry5.o(.ARM.Collect$$$$00000004) refers to init.o(.text) for __scatterload
    entry9a.o(.ARM.Collect$$$$0000000B) refers to freertos_demo.o(i.main) for main
    entry9b.o(.ARM.Collect$$$$0000000C) refers to freertos_demo.o(i.main) for main
    init.o(.text) refers to entry5.o(.ARM.Collect$$$$00000004) for __main_after_scatterload


==============================================================================

Removing Unused input sections from the image.

    Removing heap_2.o(i.vPortInitialiseBlocks), (2 bytes).
    Removing heap_2.o(i.xPortGetFreeHeapSize), (12 bytes).
    Removing port.o(i.vPortEndScheduler), (2 bytes).
    Removing queue.o(i.ucQueueGetQueueType), (6 bytes).
    Removing queue.o(i.uxQueueGetQueueNumber), (4 bytes).
    Removing queue.o(i.uxQueueMessagesWaiting), (18 bytes).
    Removing queue.o(i.uxQueueMessagesWaitingFromISR), (4 bytes).
    Removing queue.o(i.uxQueueSpacesAvailable), (22 bytes).
    Removing queue.o(i.vQueueAddToRegistry), (36 bytes).
    Removing queue.o(i.vQueueDelete), (18 bytes).
    Removing queue.o(i.vQueueSetQueueNumber), (4 bytes).
    Removing queue.o(i.vQueueUnregisterQueue), (36 bytes).
    Removing queue.o(i.xQueueGenericSendFromISR), (96 bytes).
    Removing queue.o(i.xQueueGiveMutexRecursive), (42 bytes).
    Removing queue.o(i.xQueueIsQueueEmptyFromISR), (12 bytes).
    Removing queue.o(i.xQueueIsQueueFullFromISR), (16 bytes).
    Removing queue.o(i.xQueuePeekFromISR), (44 bytes).
    Removing queue.o(i.xQueueReceiveFromISR), (88 bytes).
    Removing queue.o(i.xQueueTakeMutexRecursive), (50 bytes).
    Removing queue.o(.bss), (80 bytes).
    Removing rgb.o(i.RGBBlinkIntHandler), (56 bytes).
    Removing rgb.o(i.RGBBlinkRateSet), (120 bytes).
    Removing rgb.o(i.RGBColorGet), (24 bytes).
    Removing rgb.o(i.RGBSet), (30 bytes).
    Removing startup_rvmdk.o(HEAP), (0 bytes).
    Removing startup_rvmdk.o(.text), (0 bytes).
    Removing tasks.o(i.prvListTaskWithinSingleList), (126 bytes).
    Removing tasks.o(i.prvTaskCheckFreeStackSpace), (20 bytes).
    Removing tasks.o(i.prvTaskIsTaskSuspended), (32 bytes).
    Removing tasks.o(i.ulTaskNotifyTake), (156 bytes).
    Removing tasks.o(i.uxTaskGetNumberOfTasks), (12 bytes).
    Removing tasks.o(i.uxTaskGetStackHighWaterMark), (16 bytes).
    Removing tasks.o(i.uxTaskGetSystemState), (152 bytes).
    Removing tasks.o(i.uxTaskGetTaskNumber), (8 bytes).
    Removing tasks.o(i.uxTaskPriorityGet), (28 bytes).
    Removing tasks.o(i.uxTaskPriorityGetFromISR), (36 bytes).
    Removing tasks.o(i.uxTaskResetEventItemValue), (24 bytes).
    Removing tasks.o(i.vTaskDelay), (84 bytes).
    Removing tasks.o(i.vTaskDelete), (144 bytes).
    Removing tasks.o(i.vTaskEndScheduler), (28 bytes).
    Removing tasks.o(i.vTaskNotifyGiveFromISR), (132 bytes).
    Removing tasks.o(i.vTaskPlaceOnUnorderedEventList), (88 bytes).
    Removing tasks.o(i.vTaskPrioritySet), (180 bytes).
    Removing tasks.o(i.vTaskResume), (112 bytes).
    Removing tasks.o(i.vTaskSetTaskNumber), (8 bytes).
    Removing tasks.o(i.vTaskSuspend), (160 bytes).
    Removing tasks.o(i.xTaskGenericNotify), (164 bytes).
    Removing tasks.o(i.xTaskGenericNotifyFromISR), (184 bytes).
    Removing tasks.o(i.xTaskGetCurrentTaskHandle), (12 bytes).
    Removing tasks.o(i.xTaskGetTickCountFromISR), (12 bytes).
    Removing tasks.o(i.xTaskNotifyStateClear), (48 bytes).
    Removing tasks.o(i.xTaskNotifyWait), (184 bytes).
    Removing tasks.o(i.xTaskRemoveFromUnorderedEventList), (80 bytes).
    Removing tasks.o(i.xTaskResumeFromISR), (120 bytes).
    Removing uartstdio.o(i.UARTgetc), (24 bytes).
    Removing uartstdio.o(i.UARTgets), (132 bytes).
    Removing ustdlib.o(i.ucmptime), (82 bytes).
    Removing ustdlib.o(i.ulocaltime), (168 bytes).
    Removing ustdlib.o(i.umktime), (58 bytes).
    Removing ustdlib.o(i.urand), (28 bytes).
    Removing ustdlib.o(i.usnprintf), (18 bytes).
    Removing ustdlib.o(i.usprintf), (22 bytes).
    Removing ustdlib.o(i.usrand), (12 bytes).
    Removing ustdlib.o(i.ustrcasecmp), (8 bytes).
    Removing ustdlib.o(i.ustrcmp), (8 bytes).
    Removing ustdlib.o(i.ustrlen), (16 bytes).
    Removing ustdlib.o(i.ustrncasecmp), (70 bytes).
    Removing ustdlib.o(i.ustrncmp), (46 bytes).
    Removing ustdlib.o(i.ustrncpy), (34 bytes).
    Removing ustdlib.o(i.ustrstr), (42 bytes).
    Removing ustdlib.o(i.ustrtof), (320 bytes).
    Removing ustdlib.o(i.ustrtoul), (154 bytes).
    Removing ustdlib.o(i.uvsnprintf), (592 bytes).
    Removing ustdlib.o(.constdata), (76 bytes).
    Removing ustdlib.o(.conststring), (17 bytes).
    Removing ustdlib.o(.data), (4 bytes).
    Removing lcd.o(i.LCD_clear), (6 bytes).
    Removing gpio.o(i.GPIOADCTriggerDisable), (14 bytes).
    Removing gpio.o(i.GPIOADCTriggerEnable), (12 bytes).
    Removing gpio.o(i.GPIODMATriggerDisable), (14 bytes).
    Removing gpio.o(i.GPIODMATriggerEnable), (12 bytes).
    Removing gpio.o(i.GPIODirModeGet), (34 bytes).
    Removing gpio.o(i.GPIOIntRegisterPin), (30 bytes).
    Removing gpio.o(i.GPIOIntTypeGet), (68 bytes).
    Removing gpio.o(i.GPIOIntUnregister), (22 bytes).
    Removing gpio.o(i.GPIOIntUnregisterPin), (26 bytes).
    Removing gpio.o(i.GPIOPadConfigGet), (204 bytes).
    Removing gpio.o(i.GPIOPinConfigure), (68 bytes).
    Removing gpio.o(i.GPIOPinRead), (6 bytes).
    Removing gpio.o(i.GPIOPinTypeADC), (28 bytes).
    Removing gpio.o(i.GPIOPinTypeCAN), (28 bytes).
    Removing gpio.o(i.GPIOPinTypeComparator), (28 bytes).
    Removing gpio.o(i.GPIOPinTypeComparatorOutput), (28 bytes).
    Removing gpio.o(i.GPIOPinTypeDIVSCLK), (28 bytes).
    Removing gpio.o(i.GPIOPinTypeEPI), (28 bytes).
    Removing gpio.o(i.GPIOPinTypeEthernetLED), (28 bytes).
    Removing gpio.o(i.GPIOPinTypeEthernetMII), (28 bytes).
    Removing gpio.o(i.GPIOPinTypeGPIOOutputOD), (28 bytes).
    Removing gpio.o(i.GPIOPinTypeHibernateRTCCLK), (28 bytes).
    Removing gpio.o(i.GPIOPinTypeI2C), (28 bytes).
    Removing gpio.o(i.GPIOPinTypeI2CSCL), (28 bytes).
    Removing gpio.o(i.GPIOPinTypeLCD), (28 bytes).
    Removing gpio.o(i.GPIOPinTypeOneWire), (28 bytes).
    Removing gpio.o(i.GPIOPinTypePWM), (28 bytes).
    Removing gpio.o(i.GPIOPinTypeQEI), (28 bytes).
    Removing gpio.o(i.GPIOPinTypeSSI), (28 bytes).
    Removing gpio.o(i.GPIOPinTypeTimer), (28 bytes).
    Removing gpio.o(i.GPIOPinTypeTrace), (28 bytes).
    Removing gpio.o(i.GPIOPinTypeUART), (28 bytes).
    Removing gpio.o(i.GPIOPinTypeUSBAnalog), (28 bytes).
    Removing gpio.o(i.GPIOPinTypeUSBDigital), (28 bytes).
    Removing gpio.o(i.GPIOPinTypeWakeHigh), (30 bytes).
    Removing gpio.o(i.GPIOPinTypeWakeLow), (30 bytes).
    Removing gpio.o(i.GPIOPinWakeStatus), (6 bytes).
    Removing sysctl.o(.emb_text), (6 bytes).
    Removing sysctl.o(i.SysCtlAltClkConfig), (12 bytes).
    Removing sysctl.o(i.SysCtlClockFreqSet), (740 bytes).
    Removing sysctl.o(i.SysCtlClockGet), (340 bytes).
    Removing sysctl.o(i.SysCtlClockOutConfig), (20 bytes).
    Removing sysctl.o(i.SysCtlClockSet), (288 bytes).
    Removing sysctl.o(i.SysCtlDeepSleep), (32 bytes).
    Removing sysctl.o(i.SysCtlDeepSleepClockConfigSet), (112 bytes).
    Removing sysctl.o(i.SysCtlDeepSleepClockSet), (12 bytes).
    Removing sysctl.o(i.SysCtlDeepSleepPowerSet), (12 bytes).
    Removing sysctl.o(i.SysCtlFlashSectorSizeGet), (56 bytes).
    Removing sysctl.o(i.SysCtlFlashSizeGet), (56 bytes).
    Removing sysctl.o(i.SysCtlGPIOAHBDisable), (28 bytes).
    Removing sysctl.o(i.SysCtlGPIOAHBEnable), (24 bytes).
    Removing sysctl.o(i.SysCtlIntClear), (12 bytes).
    Removing sysctl.o(i.SysCtlIntDisable), (16 bytes).
    Removing sysctl.o(i.SysCtlIntEnable), (16 bytes).
    Removing sysctl.o(i.SysCtlIntRegister), (20 bytes).
    Removing sysctl.o(i.SysCtlIntStatus), (16 bytes).
    Removing sysctl.o(i.SysCtlIntUnregister), (18 bytes).
    Removing sysctl.o(i.SysCtlLDODeepSleepGet), (12 bytes).
    Removing sysctl.o(i.SysCtlLDODeepSleepSet), (12 bytes).
    Removing sysctl.o(i.SysCtlLDOSleepGet), (12 bytes).
    Removing sysctl.o(i.SysCtlLDOSleepSet), (12 bytes).
    Removing sysctl.o(i.SysCtlMOSCConfigSet), (12 bytes).
    Removing sysctl.o(i.SysCtlNMIClear), (16 bytes).
    Removing sysctl.o(i.SysCtlNMIStatus), (12 bytes).
    Removing sysctl.o(i.SysCtlPIOSCCalibrate), (76 bytes).
    Removing sysctl.o(i.SysCtlPWMClockGet), (24 bytes).
    Removing sysctl.o(i.SysCtlPWMClockSet), (20 bytes).
    Removing sysctl.o(i.SysCtlPeripheralClockGating), (68 bytes).
    Removing sysctl.o(i.SysCtlPeripheralDeepSleepDisable), (40 bytes).
    Removing sysctl.o(i.SysCtlPeripheralDeepSleepEnable), (40 bytes).
    Removing sysctl.o(i.SysCtlPeripheralDisable), (40 bytes).
    Removing sysctl.o(i.SysCtlPeripheralEnable), (40 bytes).
    Removing sysctl.o(i.SysCtlPeripheralPowerOff), (40 bytes).
    Removing sysctl.o(i.SysCtlPeripheralPowerOn), (40 bytes).
    Removing sysctl.o(i.SysCtlPeripheralPresent), (44 bytes).
    Removing sysctl.o(i.SysCtlPeripheralReady), (44 bytes).
    Removing sysctl.o(i.SysCtlPeripheralReset), (60 bytes).
    Removing sysctl.o(i.SysCtlPeripheralSleepDisable), (40 bytes).
    Removing sysctl.o(i.SysCtlPeripheralSleepEnable), (40 bytes).
    Removing sysctl.o(i.SysCtlReset), (16 bytes).
    Removing sysctl.o(i.SysCtlResetBehaviorGet), (12 bytes).
    Removing sysctl.o(i.SysCtlResetBehaviorSet), (12 bytes).
    Removing sysctl.o(i.SysCtlResetCauseClear), (16 bytes).
    Removing sysctl.o(i.SysCtlResetCauseGet), (12 bytes).
    Removing sysctl.o(i.SysCtlSRAMSizeGet), (16 bytes).
    Removing sysctl.o(i.SysCtlSleep), (4 bytes).
    Removing sysctl.o(i.SysCtlSleepPowerSet), (12 bytes).
    Removing sysctl.o(i.SysCtlUSBPLLDisable), (16 bytes).
    Removing sysctl.o(i.SysCtlUSBPLLEnable), (16 bytes).
    Removing sysctl.o(i.SysCtlVCOGet), (120 bytes).
    Removing sysctl.o(i.SysCtlVoltageEventClear), (16 bytes).
    Removing sysctl.o(i.SysCtlVoltageEventConfig), (12 bytes).
    Removing sysctl.o(i.SysCtlVoltageEventStatus), (12 bytes).
    Removing sysctl.o(.constdata), (596 bytes).
    Removing uart.o(i.UART9BitAddrSend), (38 bytes).
    Removing uart.o(i.UART9BitAddrSet), (10 bytes).
    Removing uart.o(i.UART9BitDisable), (14 bytes).
    Removing uart.o(i.UART9BitEnable), (14 bytes).
    Removing uart.o(i.UARTBreakCtl), (18 bytes).
    Removing uart.o(i.UARTBusy), (8 bytes).
    Removing uart.o(i.UARTCharGet), (12 bytes).
    Removing uart.o(i.UARTCharGetNonBlocking), (16 bytes).
    Removing uart.o(i.UARTCharPut), (12 bytes).
    Removing uart.o(i.UARTCharPutNonBlocking), (16 bytes).
    Removing uart.o(i.UARTCharsAvail), (10 bytes).
    Removing uart.o(i.UARTClockSourceGet), (6 bytes).
    Removing uart.o(i.UARTConfigGetExpClk), (46 bytes).
    Removing uart.o(i.UARTConfigSetExpClk), (110 bytes).
    Removing uart.o(i.UARTDMADisable), (10 bytes).
    Removing uart.o(i.UARTDMAEnable), (8 bytes).
    Removing uart.o(i.UARTDisable), (30 bytes).
    Removing uart.o(i.UARTDisableSIR), (10 bytes).
    Removing uart.o(i.UARTEnable), (20 bytes).
    Removing uart.o(i.UARTEnableSIR), (18 bytes).
    Removing uart.o(i.UARTFIFODisable), (10 bytes).
    Removing uart.o(i.UARTFIFOEnable), (10 bytes).
    Removing uart.o(i.UARTFIFOLevelGet), (16 bytes).
    Removing uart.o(i.UARTFIFOLevelSet), (6 bytes).
    Removing uart.o(i.UARTFlowControlGet), (8 bytes).
    Removing uart.o(i.UARTFlowControlSet), (12 bytes).
    Removing uart.o(i.UARTIntClear), (4 bytes).
    Removing uart.o(i.UARTIntDisable), (10 bytes).
    Removing uart.o(i.UARTIntEnable), (8 bytes).
    Removing uart.o(i.UARTIntRegister), (88 bytes).
    Removing uart.o(i.UARTIntStatus), (10 bytes).
    Removing uart.o(i.UARTIntUnregister), (88 bytes).
    Removing uart.o(i.UARTLoopbackEnable), (10 bytes).
    Removing uart.o(i.UARTModemControlClear), (14 bytes).
    Removing uart.o(i.UARTModemControlGet), (8 bytes).
    Removing uart.o(i.UARTModemControlSet), (12 bytes).
    Removing uart.o(i.UARTModemStatusGet), (10 bytes).
    Removing uart.o(i.UARTParityModeGet), (8 bytes).
    Removing uart.o(i.UARTParityModeSet), (12 bytes).
    Removing uart.o(i.UARTRxErrorClear), (6 bytes).
    Removing uart.o(i.UARTRxErrorGet), (8 bytes).
    Removing uart.o(i.UARTSmartCardDisable), (10 bytes).
    Removing uart.o(i.UARTSmartCardEnable), (22 bytes).
    Removing uart.o(i.UARTSpaceAvail), (10 bytes).
    Removing uart.o(i.UARTTxIntModeGet), (8 bytes).
    Removing uart.o(i.UARTTxIntModeSet), (12 bytes).
    Removing uart.o(.constdata), (128 bytes).
    Removing cpu.o(.emb_text), (38 bytes).
    Removing interrupt.o(i.IntDisable), (100 bytes).
    Removing interrupt.o(i.IntIsEnabled), (96 bytes).
    Removing interrupt.o(i.IntMasterDisable), (14 bytes).
    Removing interrupt.o(i.IntMasterEnable), (14 bytes).
    Removing interrupt.o(i.IntPendClear), (68 bytes).
    Removing interrupt.o(i.IntPendSet), (84 bytes).
    Removing interrupt.o(i.IntPriorityGet), (28 bytes).
    Removing interrupt.o(i.IntPriorityGroupingGet), (36 bytes).
    Removing interrupt.o(i.IntPriorityGroupingSet), (28 bytes).
    Removing interrupt.o(i.IntPriorityMaskGet), (4 bytes).
    Removing interrupt.o(i.IntPriorityMaskSet), (4 bytes).
    Removing interrupt.o(i.IntPrioritySet), (40 bytes).
    Removing interrupt.o(i.IntTrigger), (12 bytes).
    Removing interrupt.o(i.IntUnregister), (20 bytes).
    Removing interrupt.o(i._IntDefaultHandler), (2 bytes).
    Removing ffixul.o(.text), (44 bytes).

235 unused section(s) (total 11375 bytes) removed from the image.

==============================================================================

Image Symbol Table

    Local Symbols

    Symbol Name                              Value     Ov Type        Size  Object(Section)

    RESET                                    0x00000000   Section      648  startup_rvmdk.o(RESET)
    ../clib/../cmprslib/zerorunl.c           0x00000000   Number         0  __dczerorl.o ABSOLUTE
    ../clib/microlib/init/entry.s            0x00000000   Number         0  entry10b.o ABSOLUTE
    ../clib/microlib/init/entry.s            0x00000000   Number         0  entry11a.o ABSOLUTE
    ../clib/microlib/init/entry.s            0x00000000   Number         0  entry2.o ABSOLUTE
    ../clib/microlib/init/entry.s            0x00000000   Number         0  entry5.o ABSOLUTE
    ../clib/microlib/init/entry.s            0x00000000   Number         0  entry7a.o ABSOLUTE
    ../clib/microlib/init/entry.s            0x00000000   Number         0  entry7b.o ABSOLUTE
    ../clib/microlib/init/entry.s            0x00000000   Number         0  entry.o ABSOLUTE
    ../clib/microlib/init/entry.s            0x00000000   Number         0  entry8a.o ABSOLUTE
    ../clib/microlib/init/entry.s            0x00000000   Number         0  entry8b.o ABSOLUTE
    ../clib/microlib/init/entry.s            0x00000000   Number         0  entry9a.o ABSOLUTE
    ../clib/microlib/init/entry.s            0x00000000   Number         0  entry11b.o ABSOLUTE
    ../clib/microlib/init/entry.s            0x00000000   Number         0  entry9b.o ABSOLUTE
    ../clib/microlib/init/entry.s            0x00000000   Number         0  entry10a.o ABSOLUTE
    ../clib/microlib/longlong.c              0x00000000   Number         0  llshl.o ABSOLUTE
    ../clib/microlib/string/memcpy.c         0x00000000   Number         0  memcpyb.o ABSOLUTE
    ../clib/microlib/string/memcpy.c         0x00000000   Number         0  memcpya.o ABSOLUTE
    ../clib/microlib/string/memset.c         0x00000000   Number         0  memseta.o ABSOLUTE
    ../clib/microlib/stubs.s                 0x00000000   Number         0  iusefp.o ABSOLUTE
    ../fplib/microlib/fpfix.c                0x00000000   Number         0  ffixul.o ABSOLUTE
    FreeRTOS\Source\list.c                   0x00000000   Number         0  list.o ABSOLUTE
    FreeRTOS\Source\portable\MemMang\heap_2.c 0x00000000   Number         0  heap_2.o ABSOLUTE
    FreeRTOS\Source\portable\RVDS\ARM_CM4F\port.c 0x00000000   Number         0  port.o ABSOLUTE
    FreeRTOS\Source\queue.c                  0x00000000   Number         0  queue.o ABSOLUTE
    FreeRTOS\Source\tasks.c                  0x00000000   Number         0  tasks.o ABSOLUTE
    FreeRTOS\\Source\\portable\\RVDS\\ARM_CM4F\\port.c 0x00000000   Number         0  port.o ABSOLUTE
    LCD.c                                    0x00000000   Number         0  lcd.o ABSOLUTE
    cpu.c                                    0x00000000   Number         0  cpu.o ABSOLUTE
    cpu.c                                    0x00000000   Number         0  cpu.o ABSOLUTE
    dc.s                                     0x00000000   Number         0  dc.o ABSOLUTE
    drivers\buttons.c                        0x00000000   Number         0  buttons.o ABSOLUTE
    drivers\rgb.c                            0x00000000   Number         0  rgb.o ABSOLUTE
    freertos_demo.c                          0x00000000   Number         0  freertos_demo.o ABSOLUTE
    gpio.c                                   0x00000000   Number         0  gpio.o ABSOLUTE
    handlers.s                               0x00000000   Number         0  handlers.o ABSOLUTE
    init.s                                   0x00000000   Number         0  init.o ABSOLUTE
    interrupt.c                              0x00000000   Number         0  interrupt.o ABSOLUTE
    led_task.c                               0x00000000   Number         0  led_task.o ABSOLUTE
    startup_rvmdk.S                          0x00000000   Number         0  startup_rvmdk.o ABSOLUTE
    switch_task.c                            0x00000000   Number         0  switch_task.o ABSOLUTE
    sysctl.c                                 0x00000000   Number         0  sysctl.o ABSOLUTE
    sysctl.c                                 0x00000000   Number         0  sysctl.o ABSOLUTE
    uart.c                                   0x00000000   Number         0  uart.o ABSOLUTE
    utils\uartstdio.c                        0x00000000   Number         0  uartstdio.o ABSOLUTE
    utils\ustdlib.c                          0x00000000   Number         0  ustdlib.o ABSOLUTE
    $v0                                      0x0000026c   Number         0  startup_rvmdk.o(RESET)
    NmiSR                                    0x00000281   Thumb Code     0  startup_rvmdk.o(RESET)
    FaultISR                                 0x00000283   Thumb Code     0  startup_rvmdk.o(RESET)
    IntDefaultHandler                        0x00000285   Thumb Code     0  startup_rvmdk.o(RESET)
    .ARM.Collect$$$$00000000                 0x00000288   Section        0  entry.o(.ARM.Collect$$$$00000000)
    .ARM.Collect$$$$00000001                 0x00000288   Section        4  entry2.o(.ARM.Collect$$$$00000001)
    .ARM.Collect$$$$00000004                 0x0000028c   Section        4  entry5.o(.ARM.Collect$$$$00000004)
    .ARM.Collect$$$$00000008                 0x00000290   Section        0  entry7b.o(.ARM.Collect$$$$00000008)
    .ARM.Collect$$$$0000000A                 0x00000290   Section        0  entry8b.o(.ARM.Collect$$$$0000000A)
    .ARM.Collect$$$$0000000B                 0x00000290   Section        8  entry9a.o(.ARM.Collect$$$$0000000B)
    .ARM.Collect$$$$0000000D                 0x00000298   Section        0  entry10a.o(.ARM.Collect$$$$0000000D)
    .ARM.Collect$$$$0000000F                 0x00000298   Section        0  entry11a.o(.ARM.Collect$$$$0000000F)
    .ARM.Collect$$$$00002712                 0x00000298   Section        4  entry2.o(.ARM.Collect$$$$00002712)
    __lit__00000000                          0x00000298   Data           4  entry2.o(.ARM.Collect$$$$00002712)
    .emb_text                                0x0000029c   Section      182  port.o(.emb_text)
    $v0                                      0x0000029c   Number         0  port.o(.emb_text)
    .text                                    0x00000352   Section        0  memcpya.o(.text)
    .text                                    0x00000376   Section        0  memseta.o(.text)
    .text                                    0x0000039c   Section       36  init.o(.text)
    .text                                    0x000003c0   Section        0  __dczerorl.o(.text)
    i.ButtonsInit                            0x000003fc   Section        0  buttons.o(i.ButtonsInit)
    i.CentralBtnDownPress                    0x000004c0   Section        0  switch_task.o(i.CentralBtnDownPress)
    i.CentralBtnDownRelease                  0x00000508   Section        0  switch_task.o(i.CentralBtnDownRelease)
    i.CentralBtnUpPress                      0x0000054c   Section        0  switch_task.o(i.CentralBtnUpPress)
    i.CentralBtnUpRelease                    0x0000056c   Section        0  switch_task.o(i.CentralBtnUpRelease)
    i.ConfigureUART                          0x0000058c   Section        0  freertos_demo.o(i.ConfigureUART)
    i.Delay_ms                               0x000005e8   Section        0  lcd.o(i.Delay_ms)
    i.Force_Window_Down                      0x0000060c   Section        0  switch_task.o(i.Force_Window_Down)
    i.Force_Window_Stop                      0x00000638   Section        0  switch_task.o(i.Force_Window_Stop)
    i.Force_Window_Up                        0x00000648   Section        0  switch_task.o(i.Force_Window_Up)
    i.GPIODirModeSet                         0x00000674   Section        0  gpio.o(i.GPIODirModeSet)
    i.GPIOIntClear                           0x0000069c   Section        0  gpio.o(i.GPIOIntClear)
    i.GPIOIntDisable                         0x000006a2   Section        0  gpio.o(i.GPIOIntDisable)
    i.GPIOIntEnable                          0x000006b0   Section        0  gpio.o(i.GPIOIntEnable)
    i.GPIOIntRegister                        0x000006bc   Section        0  gpio.o(i.GPIOIntRegister)
    i.GPIOIntStatus                          0x000006d6   Section        0  gpio.o(i.GPIOIntStatus)
    i.GPIOIntTypeSet                         0x000006e4   Section        0  gpio.o(i.GPIOIntTypeSet)
    i.GPIOPadConfigSet                       0x00000734   Section        0  gpio.o(i.GPIOPadConfigSet)
    i.GPIOPinTypeGPIOInput                   0x0000086c   Section        0  gpio.o(i.GPIOPinTypeGPIOInput)
    i.GPIOPinTypeGPIOOutput                  0x00000888   Section        0  gpio.o(i.GPIOPinTypeGPIOOutput)
    i.GPIOPinWrite                           0x000008a4   Section        0  gpio.o(i.GPIOPinWrite)
    i.IntEnable                              0x000008ac   Section        0  interrupt.o(i.IntEnable)
    i.IntRegister                            0x00000910   Section        0  interrupt.o(i.IntRegister)
    i.LCD_INIT                               0x00000944   Section        0  lcd.o(i.LCD_INIT)
    i.LCD_command                            0x000009ec   Section        0  lcd.o(i.LCD_command)
    i.LCD_data                               0x00000a18   Section        0  lcd.o(i.LCD_data)
    i.LCD_print_string                       0x00000a48   Section        0  lcd.o(i.LCD_print_string)
    i.LEDTask                                0x00000a68   Section        0  led_task.o(i.LEDTask)
    LEDTask                                  0x00000a69   Thumb Code    82  led_task.o(i.LEDTask)
    i.LEDTaskInit                            0x00000ac4   Section        0  led_task.o(i.LEDTaskInit)
    i.RGBColorSet                            0x00000b18   Section        0  rgb.o(i.RGBColorSet)
    i.RGBDisable                             0x00000ba8   Section        0  rgb.o(i.RGBDisable)
    i.RGBEnable                              0x00000c04   Section        0  rgb.o(i.RGBEnable)
    i.RGBInit                                0x00000cb0   Section        0  rgb.o(i.RGBInit)
    i.RGBIntensitySet                        0x00000d80   Section        0  rgb.o(i.RGBIntensitySet)
    i.RedLEDOff                              0x00000d94   Section        0  switch_task.o(i.RedLEDOff)
    i.RedLEDOn                               0x00000da4   Section        0  switch_task.o(i.RedLEDOn)
    i.SwitchTask                             0x00000db4   Section        0  switch_task.o(i.SwitchTask)
    SwitchTask                               0x00000db5   Thumb Code   172  switch_task.o(i.SwitchTask)
    i.SwitchTaskInit                         0x00000e6c   Section        0  switch_task.o(i.SwitchTaskInit)
    i.UARTClockSourceSet                     0x00000ecc   Section        0  uart.o(i.UARTClockSourceSet)
    i.UARTStdioConfig                        0x00000ed4   Section        0  uartstdio.o(i.UARTStdioConfig)
    i.UARTprintf                             0x00000f38   Section        0  uartstdio.o(i.UARTprintf)
    i.UARTvprintf                            0x00000f68   Section        0  uartstdio.o(i.UARTvprintf)
    i.UARTwrite                              0x0000111c   Section        0  uartstdio.o(i.UARTwrite)
    i._GPIOIntNumberGet                      0x00001158   Section        0  gpio.o(i._GPIOIntNumberGet)
    _GPIOIntNumberGet                        0x00001159   Thumb Code    62  gpio.o(i._GPIOIntNumberGet)
    i.__scatterload_copy                     0x000011a8   Section       14  handlers.o(i.__scatterload_copy)
    i.__scatterload_null                     0x000011b6   Section        2  handlers.o(i.__scatterload_null)
    i.__scatterload_zeroinit                 0x000011b8   Section       14  handlers.o(i.__scatterload_zeroinit)
    i.autoDown                               0x000011c8   Section        0  switch_task.o(i.autoDown)
    i.autoUp                                 0x00001214   Section        0  switch_task.o(i.autoUp)
    i.main                                   0x0000125c   Section        0  freertos_demo.o(i.main)
    i.onButtonInt                            0x000012b8   Section        0  buttons.o(i.onButtonInt)
    i.prvAddCurrentTaskToDelayedList         0x00001318   Section        0  tasks.o(i.prvAddCurrentTaskToDelayedList)
    prvAddCurrentTaskToDelayedList           0x00001319   Thumb Code    48  tasks.o(i.prvAddCurrentTaskToDelayedList)
    i.prvCheckTasksWaitingTermination        0x0000134c   Section        0  tasks.o(i.prvCheckTasksWaitingTermination)
    prvCheckTasksWaitingTermination          0x0000134d   Thumb Code    80  tasks.o(i.prvCheckTasksWaitingTermination)
    i.prvCopyDataFromQueue                   0x000013a4   Section        0  queue.o(i.prvCopyDataFromQueue)
    prvCopyDataFromQueue                     0x000013a5   Thumb Code    38  queue.o(i.prvCopyDataFromQueue)
    i.prvCopyDataToQueue                     0x000013ca   Section        0  queue.o(i.prvCopyDataToQueue)
    prvCopyDataToQueue                       0x000013cb   Thumb Code   110  queue.o(i.prvCopyDataToQueue)
    i.prvIdleTask                            0x00001438   Section        0  tasks.o(i.prvIdleTask)
    prvIdleTask                              0x00001439   Thumb Code     6  tasks.o(i.prvIdleTask)
    i.prvResetNextTaskUnblockTime            0x00001440   Section        0  tasks.o(i.prvResetNextTaskUnblockTime)
    prvResetNextTaskUnblockTime              0x00001441   Thumb Code    26  tasks.o(i.prvResetNextTaskUnblockTime)
    i.prvTaskExitError                       0x00001460   Section        0  port.o(i.prvTaskExitError)
    prvTaskExitError                         0x00001461   Thumb Code    16  port.o(i.prvTaskExitError)
    i.prvUnlockQueue                         0x00001470   Section        0  queue.o(i.prvUnlockQueue)
    prvUnlockQueue                           0x00001471   Thumb Code   100  queue.o(i.prvUnlockQueue)
    i.pvPortMalloc                           0x000014d4   Section        0  heap_2.o(i.pvPortMalloc)
    i.pvTaskIncrementMutexHeldCount          0x00001588   Section        0  tasks.o(i.pvTaskIncrementMutexHeldCount)
    i.pxPortInitialiseStack                  0x000015a0   Section        0  port.o(i.pxPortInitialiseStack)
    i.uxListRemove                           0x000015c8   Section        0  list.o(i.uxListRemove)
    i.vApplicationStackOverflowHook          0x000015ec   Section        0  freertos_demo.o(i.vApplicationStackOverflowHook)
    i.vListInitialise                        0x000015ee   Section        0  list.o(i.vListInitialise)
    i.vListInitialiseItem                    0x00001604   Section        0  list.o(i.vListInitialiseItem)
    i.vListInsert                            0x0000160a   Section        0  list.o(i.vListInsert)
    i.vListInsertEnd                         0x0000163a   Section        0  list.o(i.vListInsertEnd)
    i.vPortEnterCritical                     0x00001654   Section        0  port.o(i.vPortEnterCritical)
    i.vPortExitCritical                      0x00001670   Section        0  port.o(i.vPortExitCritical)
    i.vPortFree                              0x00001684   Section        0  heap_2.o(i.vPortFree)
    i.vPortSetupTimerInterrupt               0x000016c0   Section        0  port.o(i.vPortSetupTimerInterrupt)
    i.vTaskDelayUntil                        0x000016d0   Section        0  tasks.o(i.vTaskDelayUntil)
    i.vTaskMissedYield                       0x00001740   Section        0  tasks.o(i.vTaskMissedYield)
    i.vTaskPlaceOnEventList                  0x0000174c   Section        0  tasks.o(i.vTaskPlaceOnEventList)
    i.vTaskPriorityInherit                   0x0000179c   Section        0  tasks.o(i.vTaskPriorityInherit)
    i.vTaskSetTimeOutState                   0x00001820   Section        0  tasks.o(i.vTaskSetTimeOutState)
    i.vTaskStartScheduler                    0x00001830   Section        0  tasks.o(i.vTaskStartScheduler)
    i.vTaskSuspendAll                        0x00001884   Section        0  tasks.o(i.vTaskSuspendAll)
    i.vTaskSwitchContext                     0x00001894   Section        0  tasks.o(i.vTaskSwitchContext)
    i.xPortStartScheduler                    0x00001904   Section        0  port.o(i.xPortStartScheduler)
    i.xPortSysTickHandler                    0x00001944   Section        0  port.o(i.xPortSysTickHandler)
    i.xQueueCreateMutex                      0x00001970   Section        0  queue.o(i.xQueueCreateMutex)
    i.xQueueGenericCreate                    0x000019ba   Section        0  queue.o(i.xQueueGenericCreate)
    i.xQueueGenericReceive                   0x00001a04   Section        0  queue.o(i.xQueueGenericReceive)
    i.xQueueGenericReset                     0x00001b30   Section        0  queue.o(i.xQueueGenericReset)
    i.xQueueGenericSend                      0x00001ba0   Section        0  queue.o(i.xQueueGenericSend)
    i.xQueueGiveFromISR                      0x00001ca0   Section        0  queue.o(i.xQueueGiveFromISR)
    i.xTaskCheckForTimeOut                   0x00001cf8   Section        0  tasks.o(i.xTaskCheckForTimeOut)
    i.xTaskGenericCreate                     0x00001d40   Section        0  tasks.o(i.xTaskGenericCreate)
    i.xTaskGetTickCount                      0x00001ec8   Section        0  tasks.o(i.xTaskGetTickCount)
    i.xTaskIncrementTick                     0x00001ed4   Section        0  tasks.o(i.xTaskIncrementTick)
    i.xTaskPriorityDisinherit                0x00001f88   Section        0  tasks.o(i.xTaskPriorityDisinherit)
    i.xTaskRemoveFromEventList               0x00001ff8   Section        0  tasks.o(i.xTaskRemoveFromEventList)
    i.xTaskResumeAll                         0x0000205c   Section        0  tasks.o(i.xTaskResumeAll)
    .constdata                               0x0000210c   Section       28  uartstdio.o(.constdata)
    g_pcHex                                  0x0000210c   Data           4  uartstdio.o(.constdata)
    g_ui32UARTBase                           0x00002110   Data          12  uartstdio.o(.constdata)
    g_ui32UARTPeriph                         0x0000211c   Data          12  uartstdio.o(.constdata)
    .constdata                               0x00002128   Section       77  switch_task.o(.constdata)
    .constdata                               0x00002178   Section      552  gpio.o(.constdata)
    g_ppui32GPIOIntMapBlizzard               0x00002178   Data         192  gpio.o(.constdata)
    g_ppui32GPIOIntMapSnowflake              0x00002238   Data         216  gpio.o(.constdata)
    g_pui32GPIOBaseAddrs                     0x00002310   Data         144  gpio.o(.constdata)
    .constdata                               0x000023a0   Section      268  interrupt.o(.constdata)
    g_pui32Priority                          0x000023a0   Data          32  interrupt.o(.constdata)
    g_pui32Regs                              0x000023c0   Data         156  interrupt.o(.constdata)
    g_pui32EnRegs                            0x0000245c   Data          20  interrupt.o(.constdata)
    g_pui32Dii16Regs                         0x00002470   Data          20  interrupt.o(.constdata)
    g_pui32PendRegs                          0x00002484   Data          20  interrupt.o(.constdata)
    g_pui32UnpendRegs                        0x00002498   Data          20  interrupt.o(.constdata)
    .conststring                             0x000024ac   Section       17  uartstdio.o(.conststring)
    .data                                    0x20000000   Section       24  heap_2.o(.data)
    xFreeBytesRemaining                      0x20000000   Data           4  heap_2.o(.data)
    xHeapHasBeenInitialised                  0x20000004   Data           4  heap_2.o(.data)
    xStart                                   0x20000008   Data           8  heap_2.o(.data)
    xEnd                                     0x20000010   Data           8  heap_2.o(.data)
    .data                                    0x20000018   Section        8  led_task.o(.data)
    g_ui8ColorsIndx                          0x20000018   Data           1  led_task.o(.data)
    .data                                    0x20000020   Section        4  port.o(.data)
    uxCriticalNesting                        0x20000020   Data           4  port.o(.data)
    .data                                    0x20000024   Section        8  rgb.o(.data)
    g_fIntensity                             0x20000024   Data           4  rgb.o(.data)
    ulFlags                                  0x20000028   Data           4  rgb.o(.data)
    .data                                    0x2000002c   Section       56  tasks.o(.data)
    uxTasksDeleted                           0x20000030   Data           4  tasks.o(.data)
    uxCurrentNumberOfTasks                   0x20000034   Data           4  tasks.o(.data)
    xTickCount                               0x20000038   Data           4  tasks.o(.data)
    uxTopReadyPriority                       0x2000003c   Data           4  tasks.o(.data)
    xSchedulerRunning                        0x20000040   Data           4  tasks.o(.data)
    uxPendedTicks                            0x20000044   Data           4  tasks.o(.data)
    xYieldPending                            0x20000048   Data           4  tasks.o(.data)
    xNumOfOverflows                          0x2000004c   Data           4  tasks.o(.data)
    uxTaskNumber                             0x20000050   Data           4  tasks.o(.data)
    xNextTaskUnblockTime                     0x20000054   Data           4  tasks.o(.data)
    uxSchedulerSuspended                     0x20000058   Data           4  tasks.o(.data)
    pxDelayedTaskList                        0x2000005c   Data           4  tasks.o(.data)
    pxOverflowDelayedTaskList                0x20000060   Data           4  tasks.o(.data)
    .data                                    0x20000064   Section       12  uartstdio.o(.data)
    bLastWasCR                               0x20000064   Data           1  uartstdio.o(.data)
    g_ui32Base                               0x20000068   Data           4  uartstdio.o(.data)
    .data                                    0x20000070   Section        8  switch_task.o(.data)
    .data                                    0x20000078   Section        2  buttons.o(.data)
    vtable                                   0x20000400   Section      620  interrupt.o(vtable)
    g_pfnRAMVectors                          0x20000400   Data         620  interrupt.o(vtable)
    .bss                                     0x2000066c   Section    30000  heap_2.o(.bss)
    ucHeap                                   0x2000066c   Data       30000  heap_2.o(.bss)
    .bss                                     0x20007b9c   Section       12  led_task.o(.bss)
    g_pui32Colors                            0x20007b9c   Data          12  led_task.o(.bss)
    .bss                                     0x20007ba8   Section       12  rgb.o(.bss)
    g_ui32Colors                             0x20007ba8   Data          12  rgb.o(.bss)
    .bss                                     0x20007bb4   Section      420  tasks.o(.bss)
    pxReadyTasksLists                        0x20007bb4   Data         320  tasks.o(.bss)
    xDelayedTaskList1                        0x20007cf4   Data          20  tasks.o(.bss)
    xDelayedTaskList2                        0x20007d08   Data          20  tasks.o(.bss)
    xPendingReadyList                        0x20007d1c   Data          20  tasks.o(.bss)
    xTasksWaitingTermination                 0x20007d30   Data          20  tasks.o(.bss)
    xSuspendedTaskList                       0x20007d44   Data          20  tasks.o(.bss)
    STACK                                    0x20007d58   Section      512  startup_rvmdk.o(STACK)
    StackMem                                 0x20007d58   Data           0  startup_rvmdk.o(STACK)

    Global Symbols

    Symbol Name                              Value     Ov Type        Size  Object(Section)

    BuildAttributes$$THM_ISAv4$E$P$D$K$B$S$7EM$VFPi3$EXTD16$VFPS$VFMA$PE$A:L22UL41UL21$X:L11$S22US41US21$IEEE1$IW$USESV6$~STKCKD$USESV7$~SHL$OTIME$ROPI$EBA8$MICROLIB$REQ8$PRES8$EABIv2 0x00000000   Number         0  anon$$obj.o ABSOLUTE
    __ARM_use_no_argv                        0x00000000   Number         0  freertos_demo.o ABSOLUTE
    __Vectors                                0x00000000   Data           0  startup_rvmdk.o(RESET)
    __cpp_initialize__aeabi_                  - Undefined Weak Reference
    __cxa_finalize                            - Undefined Weak Reference
    _clock_init                               - Undefined Weak Reference
    _microlib_exit                            - Undefined Weak Reference
    Reset_Handler                            0x0000026d   Thumb Code     0  startup_rvmdk.o(RESET)
    __main                                   0x00000289   Thumb Code     0  entry.o(.ARM.Collect$$$$00000000)
    _main_stk                                0x00000289   Thumb Code     0  entry2.o(.ARM.Collect$$$$00000001)
    _main_scatterload                        0x0000028d   Thumb Code     0  entry5.o(.ARM.Collect$$$$00000004)
    __main_after_scatterload                 0x00000291   Thumb Code     0  entry5.o(.ARM.Collect$$$$00000004)
    _main_clock                              0x00000291   Thumb Code     0  entry7b.o(.ARM.Collect$$$$00000008)
    _main_cpp_init                           0x00000291   Thumb Code     0  entry8b.o(.ARM.Collect$$$$0000000A)
    _main_init                               0x00000291   Thumb Code     0  entry9a.o(.ARM.Collect$$$$0000000B)
    __rt_final_cpp                           0x00000299   Thumb Code     0  entry10a.o(.ARM.Collect$$$$0000000D)
    __rt_final_exit                          0x00000299   Thumb Code     0  entry11a.o(.ARM.Collect$$$$0000000F)
    vPortSVCHandler                          0x0000029d   Thumb Code    28  port.o(.emb_text)
    __asm___6_port_c_39a90d8d__prvStartFirstTask 0x000002bd   Thumb Code    28  port.o(.emb_text)
    __asm___6_port_c_39a90d8d__prvEnableVFP  0x000002dd   Thumb Code    16  port.o(.emb_text)
    xPortPendSVHandler                       0x000002f1   Thumb Code    88  port.o(.emb_text)
    vPortGetIPSR                             0x0000034d   Thumb Code     6  port.o(.emb_text)
    __aeabi_memcpy                           0x00000353   Thumb Code    36  memcpya.o(.text)
    __aeabi_memcpy4                          0x00000353   Thumb Code     0  memcpya.o(.text)
    __aeabi_memcpy8                          0x00000353   Thumb Code     0  memcpya.o(.text)
    __aeabi_memset                           0x00000377   Thumb Code    14  memseta.o(.text)
    __aeabi_memset4                          0x00000377   Thumb Code     0  memseta.o(.text)
    __aeabi_memset8                          0x00000377   Thumb Code     0  memseta.o(.text)
    __aeabi_memclr                           0x00000385   Thumb Code     4  memseta.o(.text)
    __aeabi_memclr4                          0x00000385   Thumb Code     0  memseta.o(.text)
    __aeabi_memclr8                          0x00000385   Thumb Code     0  memseta.o(.text)
    _memset$wrapper                          0x00000389   Thumb Code    18  memseta.o(.text)
    __scatterload                            0x0000039d   Thumb Code    28  init.o(.text)
    __scatterload_rt2                        0x0000039d   Thumb Code     0  init.o(.text)
    __decompress                             0x000003c1   Thumb Code     0  __dczerorl.o(.text)
    __decompress0                            0x000003c1   Thumb Code    58  __dczerorl.o(.text)
    ButtonsInit                              0x000003fd   Thumb Code   164  buttons.o(i.ButtonsInit)
    CentralBtnDownPress                      0x000004c1   Thumb Code    26  switch_task.o(i.CentralBtnDownPress)
    CentralBtnDownRelease                    0x00000509   Thumb Code    26  switch_task.o(i.CentralBtnDownRelease)
    CentralBtnUpPress                        0x0000054d   Thumb Code    28  switch_task.o(i.CentralBtnUpPress)
    CentralBtnUpRelease                      0x0000056d   Thumb Code    28  switch_task.o(i.CentralBtnUpRelease)
    ConfigureUART                            0x0000058d   Thumb Code    76  freertos_demo.o(i.ConfigureUART)
    Delay_ms                                 0x000005e9   Thumb Code    36  lcd.o(i.Delay_ms)
    Force_Window_Down                        0x0000060d   Thumb Code    38  switch_task.o(i.Force_Window_Down)
    Force_Window_Stop                        0x00000639   Thumb Code    10  switch_task.o(i.Force_Window_Stop)
    Force_Window_Up                          0x00000649   Thumb Code    38  switch_task.o(i.Force_Window_Up)
    GPIODirModeSet                           0x00000675   Thumb Code    40  gpio.o(i.GPIODirModeSet)
    GPIOIntClear                             0x0000069d   Thumb Code     6  gpio.o(i.GPIOIntClear)
    GPIOIntDisable                           0x000006a3   Thumb Code    14  gpio.o(i.GPIOIntDisable)
    GPIOIntEnable                            0x000006b1   Thumb Code    12  gpio.o(i.GPIOIntEnable)
    GPIOIntRegister                          0x000006bd   Thumb Code    26  gpio.o(i.GPIOIntRegister)
    GPIOIntStatus                            0x000006d7   Thumb Code    14  gpio.o(i.GPIOIntStatus)
    GPIOIntTypeSet                           0x000006e5   Thumb Code    80  gpio.o(i.GPIOIntTypeSet)
    GPIOPadConfigSet                         0x00000735   Thumb Code   312  gpio.o(i.GPIOPadConfigSet)
    GPIOPinTypeGPIOInput                     0x0000086d   Thumb Code    28  gpio.o(i.GPIOPinTypeGPIOInput)
    GPIOPinTypeGPIOOutput                    0x00000889   Thumb Code    28  gpio.o(i.GPIOPinTypeGPIOOutput)
    GPIOPinWrite                             0x000008a5   Thumb Code     6  gpio.o(i.GPIOPinWrite)
    IntEnable                                0x000008ad   Thumb Code    92  interrupt.o(i.IntEnable)
    IntRegister                              0x00000911   Thumb Code    44  interrupt.o(i.IntRegister)
    LCD_INIT                                 0x00000945   Thumb Code   158  lcd.o(i.LCD_INIT)
    LCD_command                              0x000009ed   Thumb Code    36  lcd.o(i.LCD_command)
    LCD_data                                 0x00000a19   Thumb Code    40  lcd.o(i.LCD_data)
    LCD_print_string                         0x00000a49   Thumb Code    30  lcd.o(i.LCD_print_string)
    LEDTaskInit                              0x00000ac5   Thumb Code    68  led_task.o(i.LEDTaskInit)
    RGBColorSet                              0x00000b19   Thumb Code   126  rgb.o(i.RGBColorSet)
    RGBDisable                               0x00000ba9   Thumb Code    78  rgb.o(i.RGBDisable)
    RGBEnable                                0x00000c05   Thumb Code   146  rgb.o(i.RGBEnable)
    RGBInit                                  0x00000cb1   Thumb Code   180  rgb.o(i.RGBInit)
    RGBIntensitySet                          0x00000d81   Thumb Code    12  rgb.o(i.RGBIntensitySet)
    RedLEDOff                                0x00000d95   Thumb Code    10  switch_task.o(i.RedLEDOff)
    RedLEDOn                                 0x00000da5   Thumb Code    10  switch_task.o(i.RedLEDOn)
    SwitchTaskInit                           0x00000e6d   Thumb Code    64  switch_task.o(i.SwitchTaskInit)
    UARTClockSourceSet                       0x00000ecd   Thumb Code     6  uart.o(i.UARTClockSourceSet)
    UARTStdioConfig                          0x00000ed5   Thumb Code    90  uartstdio.o(i.UARTStdioConfig)
    UARTprintf                               0x00000f39   Thumb Code    44  uartstdio.o(i.UARTprintf)
    UARTvprintf                              0x00000f69   Thumb Code   420  uartstdio.o(i.UARTvprintf)
    UARTwrite                                0x0000111d   Thumb Code    56  uartstdio.o(i.UARTwrite)
    __scatterload_copy                       0x000011a9   Thumb Code    14  handlers.o(i.__scatterload_copy)
    __scatterload_null                       0x000011b7   Thumb Code     2  handlers.o(i.__scatterload_null)
    __scatterload_zeroinit                   0x000011b9   Thumb Code    14  handlers.o(i.__scatterload_zeroinit)
    autoDown                                 0x000011c9   Thumb Code    26  switch_task.o(i.autoDown)
    autoUp                                   0x00001215   Thumb Code    26  switch_task.o(i.autoUp)
    main                                     0x0000125d   Thumb Code    48  freertos_demo.o(i.main)
    onButtonInt                              0x000012b9   Thumb Code    78  buttons.o(i.onButtonInt)
    pvPortMalloc                             0x000014d5   Thumb Code   172  heap_2.o(i.pvPortMalloc)
    pvTaskIncrementMutexHeldCount            0x00001589   Thumb Code    18  tasks.o(i.pvTaskIncrementMutexHeldCount)
    pxPortInitialiseStack                    0x000015a1   Thumb Code    36  port.o(i.pxPortInitialiseStack)
    uxListRemove                             0x000015c9   Thumb Code    36  list.o(i.uxListRemove)
    vApplicationStackOverflowHook            0x000015ed   Thumb Code     2  freertos_demo.o(i.vApplicationStackOverflowHook)
    vListInitialise                          0x000015ef   Thumb Code    22  list.o(i.vListInitialise)
    vListInitialiseItem                      0x00001605   Thumb Code     6  list.o(i.vListInitialiseItem)
    vListInsert                              0x0000160b   Thumb Code    48  list.o(i.vListInsert)
    vListInsertEnd                           0x0000163b   Thumb Code    24  list.o(i.vListInsertEnd)
    vPortEnterCritical                       0x00001655   Thumb Code    24  port.o(i.vPortEnterCritical)
    vPortExitCritical                        0x00001671   Thumb Code    16  port.o(i.vPortExitCritical)
    vPortFree                                0x00001685   Thumb Code    56  heap_2.o(i.vPortFree)
    vPortSetupTimerInterrupt                 0x000016c1   Thumb Code    16  port.o(i.vPortSetupTimerInterrupt)
    vTaskDelayUntil                          0x000016d1   Thumb Code   102  tasks.o(i.vTaskDelayUntil)
    vTaskMissedYield                         0x00001741   Thumb Code     8  tasks.o(i.vTaskMissedYield)
    vTaskPlaceOnEventList                    0x0000174d   Thumb Code    70  tasks.o(i.vTaskPlaceOnEventList)
    vTaskPriorityInherit                     0x0000179d   Thumb Code   124  tasks.o(i.vTaskPriorityInherit)
    vTaskSetTimeOutState                     0x00001821   Thumb Code    12  tasks.o(i.vTaskSetTimeOutState)
    vTaskStartScheduler                      0x00001831   Thumb Code    66  tasks.o(i.vTaskStartScheduler)
    vTaskSuspendAll                          0x00001885   Thumb Code    10  tasks.o(i.vTaskSuspendAll)
    vTaskSwitchContext                       0x00001895   Thumb Code   104  tasks.o(i.vTaskSwitchContext)
    xPortStartScheduler                      0x00001905   Thumb Code    52  port.o(i.xPortStartScheduler)
    xPortSysTickHandler                      0x00001945   Thumb Code    38  port.o(i.xPortSysTickHandler)
    xQueueCreateMutex                        0x00001971   Thumb Code    74  queue.o(i.xQueueCreateMutex)
    xQueueGenericCreate                      0x000019bb   Thumb Code    72  queue.o(i.xQueueGenericCreate)
    xQueueGenericReceive                     0x00001a05   Thumb Code   296  queue.o(i.xQueueGenericReceive)
    xQueueGenericReset                       0x00001b31   Thumb Code   106  queue.o(i.xQueueGenericReset)
    xQueueGenericSend                        0x00001ba1   Thumb Code   252  queue.o(i.xQueueGenericSend)
    xQueueGiveFromISR                        0x00001ca1   Thumb Code    86  queue.o(i.xQueueGiveFromISR)
    xTaskCheckForTimeOut                     0x00001cf9   Thumb Code    66  tasks.o(i.xTaskCheckForTimeOut)
    xTaskGenericCreate                       0x00001d41   Thumb Code   376  tasks.o(i.xTaskGenericCreate)
    xTaskGetTickCount                        0x00001ec9   Thumb Code     6  tasks.o(i.xTaskGetTickCount)
    xTaskIncrementTick                       0x00001ed5   Thumb Code   172  tasks.o(i.xTaskIncrementTick)
    xTaskPriorityDisinherit                  0x00001f89   Thumb Code   102  tasks.o(i.xTaskPriorityDisinherit)
    xTaskRemoveFromEventList                 0x00001ff9   Thumb Code    88  tasks.o(i.xTaskRemoveFromEventList)
    xTaskResumeAll                           0x0000205d   Thumb Code   164  tasks.o(i.xTaskResumeAll)
    Region$$Table$$Base                      0x000024c0   Number         0  anon$$obj.o(Region$$Table)
    Region$$Table$$Limit                     0x000024e0   Number         0  anon$$obj.o(Region$$Table)
    g_pLEDQueue                              0x2000001c   Data           4  led_task.o(.data)
    pxCurrentTCB                             0x2000002c   Data           4  tasks.o(.data)
    g_pUARTSemaphore                         0x2000006c   Data           4  uartstdio.o(.data)
    bCentralBtnDownPressed                   0x20000070   Data           1  switch_task.o(.data)
    bCentralBtnUpPressed                     0x20000071   Data           1  switch_task.o(.data)
    xButtonPressedSemaphore                  0x20000074   Data           4  switch_task.o(.data)
    INT_PIN_NUM                              0x20000078   Data           1  buttons.o(.data)
    bCentralBtnDebounceReady                 0x20000079   Data           1  buttons.o(.data)
    __initial_sp                             0x20007f58   Data           0  startup_rvmdk.o(STACK)



==============================================================================

Memory Map of the image

  Image Entry point : 0x0000026d

  Load Region LR_IROM (Base: 0x00000000, Size: 0x00002b4c, Max: 0x00040000, ABSOLUTE, COMPRESSED[0x000024fc])

    Execution Region ER_IROM (Base: 0x00000000, Size: 0x000024e0, Max: 0x00040000, ABSOLUTE)

    Base Addr    Size         Type   Attr      Idx    E Section Name        Object

    0x00000000   0x00000288   Code   RO          513  * RESET               startup_rvmdk.o
    0x00000288   0x00000000   Code   RO         2293  * .ARM.Collect$$$$00000000  mc_w.l(entry.o)
    0x00000288   0x00000004   Code   RO         2304    .ARM.Collect$$$$00000001  mc_w.l(entry2.o)
    0x0000028c   0x00000004   Code   RO         2307    .ARM.Collect$$$$00000004  mc_w.l(entry5.o)
    0x00000290   0x00000000   Code   RO         2309    .ARM.Collect$$$$00000008  mc_w.l(entry7b.o)
    0x00000290   0x00000000   Code   RO         2311    .ARM.Collect$$$$0000000A  mc_w.l(entry8b.o)
    0x00000290   0x00000008   Code   RO         2312    .ARM.Collect$$$$0000000B  mc_w.l(entry9a.o)
    0x00000298   0x00000000   Code   RO         2314    .ARM.Collect$$$$0000000D  mc_w.l(entry10a.o)
    0x00000298   0x00000000   Code   RO         2316    .ARM.Collect$$$$0000000F  mc_w.l(entry11a.o)
    0x00000298   0x00000004   Code   RO         2305    .ARM.Collect$$$$00002712  mc_w.l(entry2.o)
    0x0000029c   0x000000b6   Code   RO          175    .emb_text           port.o
    0x00000352   0x00000024   Code   RO         2296    .text               mc_w.l(memcpya.o)
    0x00000376   0x00000024   Code   RO         2298    .text               mc_w.l(memseta.o)
    0x0000039a   0x00000002   PAD
    0x0000039c   0x00000024   Code   RO         2321    .text               mc_w.l(init.o)
    0x000003c0   0x0000003a   Code   RO         2331    .text               mc_w.l(__dczerorl.o)
    0x000003fa   0x00000002   PAD
    0x000003fc   0x000000c4   Code   RO         1116    i.ButtonsInit       buttons.o
    0x000004c0   0x00000048   Code   RO         1025    i.CentralBtnDownPress  switch_task.o
    0x00000508   0x00000044   Code   RO         1026    i.CentralBtnDownRelease  switch_task.o
    0x0000054c   0x00000020   Code   RO         1027    i.CentralBtnUpPress  switch_task.o
    0x0000056c   0x00000020   Code   RO         1028    i.CentralBtnUpRelease  switch_task.o
    0x0000058c   0x0000005c   Code   RO          988    i.ConfigureUART     freertos_demo.o
    0x000005e8   0x00000024   Code   RO         1150    i.Delay_ms          lcd.o
    0x0000060c   0x0000002c   Code   RO         1029    i.Force_Window_Down  switch_task.o
    0x00000638   0x00000010   Code   RO         1030    i.Force_Window_Stop  switch_task.o
    0x00000648   0x0000002c   Code   RO         1031    i.Force_Window_Up   switch_task.o
    0x00000674   0x00000028   Code   RO         1198    i.GPIODirModeSet    driverlib.lib(gpio.o)
    0x0000069c   0x00000006   Code   RO         1199    i.GPIOIntClear      driverlib.lib(gpio.o)
    0x000006a2   0x0000000e   Code   RO         1200    i.GPIOIntDisable    driverlib.lib(gpio.o)
    0x000006b0   0x0000000c   Code   RO         1201    i.GPIOIntEnable     driverlib.lib(gpio.o)
    0x000006bc   0x0000001a   Code   RO         1202    i.GPIOIntRegister   driverlib.lib(gpio.o)
    0x000006d6   0x0000000e   Code   RO         1204    i.GPIOIntStatus     driverlib.lib(gpio.o)
    0x000006e4   0x00000050   Code   RO         1206    i.GPIOIntTypeSet    driverlib.lib(gpio.o)
    0x00000734   0x00000138   Code   RO         1210    i.GPIOPadConfigSet  driverlib.lib(gpio.o)
    0x0000086c   0x0000001c   Code   RO         1221    i.GPIOPinTypeGPIOInput  driverlib.lib(gpio.o)
    0x00000888   0x0000001c   Code   RO         1222    i.GPIOPinTypeGPIOOutput  driverlib.lib(gpio.o)
    0x000008a4   0x00000006   Code   RO         1240    i.GPIOPinWrite      driverlib.lib(gpio.o)
    0x000008aa   0x00000002   PAD
    0x000008ac   0x00000064   Code   RO         2184    i.IntEnable         driverlib.lib(interrupt.o)
    0x00000910   0x00000034   Code   RO         2196    i.IntRegister       driverlib.lib(interrupt.o)
    0x00000944   0x000000a8   Code   RO         1151    i.LCD_INIT          lcd.o
    0x000009ec   0x0000002c   Code   RO         1153    i.LCD_command       lcd.o
    0x00000a18   0x00000030   Code   RO         1154    i.LCD_data          lcd.o
    0x00000a48   0x0000001e   Code   RO         1155    i.LCD_print_string  lcd.o
    0x00000a66   0x00000002   PAD
    0x00000a68   0x0000005c   Code   RO           72    i.LEDTask           led_task.o
    0x00000ac4   0x00000054   Code   RO           73    i.LEDTaskInit       led_task.o
    0x00000b18   0x00000090   Code   RO          415    i.RGBColorSet       rgb.o
    0x00000ba8   0x0000005c   Code   RO          416    i.RGBDisable        rgb.o
    0x00000c04   0x000000ac   Code   RO          417    i.RGBEnable         rgb.o
    0x00000cb0   0x000000d0   Code   RO          418    i.RGBInit           rgb.o
    0x00000d80   0x00000014   Code   RO          419    i.RGBIntensitySet   rgb.o
    0x00000d94   0x00000010   Code   RO         1032    i.RedLEDOff         switch_task.o
    0x00000da4   0x00000010   Code   RO         1033    i.RedLEDOn          switch_task.o
    0x00000db4   0x000000b8   Code   RO         1034    i.SwitchTask        switch_task.o
    0x00000e6c   0x00000060   Code   RO         1035    i.SwitchTaskInit    switch_task.o
    0x00000ecc   0x00000006   Code   RO         1890    i.UARTClockSourceSet  driverlib.lib(uart.o)
    0x00000ed2   0x00000002   PAD
    0x00000ed4   0x00000064   Code   RO          813    i.UARTStdioConfig   uartstdio.o
    0x00000f38   0x00000030   Code   RO          816    i.UARTprintf        uartstdio.o
    0x00000f68   0x000001b4   Code   RO          817    i.UARTvprintf       uartstdio.o
    0x0000111c   0x0000003c   Code   RO          818    i.UARTwrite         uartstdio.o
    0x00001158   0x00000050   Code   RO         1241    i._GPIOIntNumberGet  driverlib.lib(gpio.o)
    0x000011a8   0x0000000e   Code   RO         2325    i.__scatterload_copy  mc_w.l(handlers.o)
    0x000011b6   0x00000002   Code   RO         2326    i.__scatterload_null  mc_w.l(handlers.o)
    0x000011b8   0x0000000e   Code   RO         2327    i.__scatterload_zeroinit  mc_w.l(handlers.o)
    0x000011c6   0x00000002   PAD
    0x000011c8   0x0000004c   Code   RO         1036    i.autoDown          switch_task.o
    0x00001214   0x00000048   Code   RO         1037    i.autoUp            switch_task.o
    0x0000125c   0x0000005c   Code   RO          989    i.main              freertos_demo.o
    0x000012b8   0x00000060   Code   RO         1117    i.onButtonInt       buttons.o
    0x00001318   0x00000034   Code   RO          517    i.prvAddCurrentTaskToDelayedList  tasks.o
    0x0000134c   0x00000058   Code   RO          518    i.prvCheckTasksWaitingTermination  tasks.o
    0x000013a4   0x00000026   Code   RO          244    i.prvCopyDataFromQueue  queue.o
    0x000013ca   0x0000006e   Code   RO          245    i.prvCopyDataToQueue  queue.o
    0x00001438   0x00000006   Code   RO          519    i.prvIdleTask       tasks.o
    0x0000143e   0x00000002   PAD
    0x00001440   0x00000020   Code   RO          521    i.prvResetNextTaskUnblockTime  tasks.o
    0x00001460   0x00000010   Code   RO          176    i.prvTaskExitError  port.o
    0x00001470   0x00000064   Code   RO          246    i.prvUnlockQueue    queue.o
    0x000014d4   0x000000b4   Code   RO            1    i.pvPortMalloc      heap_2.o
    0x00001588   0x00000018   Code   RO          524    i.pvTaskIncrementMutexHeldCount  tasks.o
    0x000015a0   0x00000028   Code   RO          177    i.pxPortInitialiseStack  port.o
    0x000015c8   0x00000024   Code   RO          139    i.uxListRemove      list.o
    0x000015ec   0x00000002   Code   RO          990    i.vApplicationStackOverflowHook  freertos_demo.o
    0x000015ee   0x00000016   Code   RO          140    i.vListInitialise   list.o
    0x00001604   0x00000006   Code   RO          141    i.vListInitialiseItem  list.o
    0x0000160a   0x00000030   Code   RO          142    i.vListInsert       list.o
    0x0000163a   0x00000018   Code   RO          143    i.vListInsertEnd    list.o
    0x00001652   0x00000002   PAD
    0x00001654   0x0000001c   Code   RO          179    i.vPortEnterCritical  port.o
    0x00001670   0x00000014   Code   RO          180    i.vPortExitCritical  port.o
    0x00001684   0x0000003c   Code   RO            2    i.vPortFree         heap_2.o
    0x000016c0   0x00000010   Code   RO          181    i.vPortSetupTimerInterrupt  port.o
    0x000016d0   0x00000070   Code   RO          534    i.vTaskDelayUntil   tasks.o
    0x00001740   0x0000000c   Code   RO          537    i.vTaskMissedYield  tasks.o
    0x0000174c   0x00000050   Code   RO          539    i.vTaskPlaceOnEventList  tasks.o
    0x0000179c   0x00000084   Code   RO          541    i.vTaskPriorityInherit  tasks.o
    0x00001820   0x00000010   Code   RO          545    i.vTaskSetTimeOutState  tasks.o
    0x00001830   0x00000054   Code   RO          546    i.vTaskStartScheduler  tasks.o
    0x00001884   0x00000010   Code   RO          548    i.vTaskSuspendAll   tasks.o
    0x00001894   0x00000070   Code   RO          549    i.vTaskSwitchContext  tasks.o
    0x00001904   0x00000040   Code   RO          182    i.xPortStartScheduler  port.o
    0x00001944   0x0000002c   Code   RO          183    i.xPortSysTickHandler  port.o
    0x00001970   0x0000004a   Code   RO          256    i.xQueueCreateMutex  queue.o
    0x000019ba   0x00000048   Code   RO          257    i.xQueueGenericCreate  queue.o
    0x00001a02   0x00000002   PAD
    0x00001a04   0x0000012c   Code   RO          258    i.xQueueGenericReceive  queue.o
    0x00001b30   0x00000070   Code   RO          259    i.xQueueGenericReset  queue.o
    0x00001ba0   0x00000100   Code   RO          260    i.xQueueGenericSend  queue.o
    0x00001ca0   0x00000056   Code   RO          262    i.xQueueGiveFromISR  queue.o
    0x00001cf6   0x00000002   PAD
    0x00001cf8   0x00000048   Code   RO          550    i.xTaskCheckForTimeOut  tasks.o
    0x00001d40   0x00000188   Code   RO          551    i.xTaskGenericCreate  tasks.o
    0x00001ec8   0x0000000c   Code   RO          555    i.xTaskGetTickCount  tasks.o
    0x00001ed4   0x000000b4   Code   RO          557    i.xTaskIncrementTick  tasks.o
    0x00001f88   0x00000070   Code   RO          560    i.xTaskPriorityDisinherit  tasks.o
    0x00001ff8   0x00000064   Code   RO          561    i.xTaskRemoveFromEventList  tasks.o
    0x0000205c   0x000000b0   Code   RO          563    i.xTaskResumeAll    tasks.o
    0x0000210c   0x0000001c   Data   RO          819    .constdata          uartstdio.o
    0x00002128   0x0000004d   Data   RO         1038    .constdata          switch_task.o
    0x00002175   0x00000003   PAD
    0x00002178   0x00000228   Data   RO         1242    .constdata          driverlib.lib(gpio.o)
    0x000023a0   0x0000010c   Data   RO         2200    .constdata          driverlib.lib(interrupt.o)
    0x000024ac   0x00000011   Data   RO          820    .conststring        uartstdio.o
    0x000024bd   0x00000003   PAD
    0x000024c0   0x00000020   Data   RO         2323    Region$$Table       anon$$obj.o


    Execution Region RW_IRAM (Base: 0x20000000, Size: 0x00007f58, Max: 0x00008000, ABSOLUTE, COMPRESSED[0x0000001c])

    Base Addr    Size         Type   Attr      Idx    E Section Name        Object

    0x20000000   0x00000018   Data   RW            6    .data               heap_2.o
    0x20000018   0x00000008   Data   RW           75    .data               led_task.o
    0x20000020   0x00000004   Data   RW          184    .data               port.o
    0x20000024   0x00000008   Data   RW          422    .data               rgb.o
    0x2000002c   0x00000038   Data   RW          566    .data               tasks.o
    0x20000064   0x0000000c   Data   RW          821    .data               uartstdio.o
    0x20000070   0x00000008   Data   RW         1039    .data               switch_task.o
    0x20000078   0x00000002   Data   RW         1118    .data               buttons.o
    0x2000007a   0x00000386   PAD
    0x20000400   0x0000026c   Data   RW         2201    vtable              driverlib.lib(interrupt.o)
    0x2000066c   0x00007530   Zero   RW            5    .bss                heap_2.o
    0x20007b9c   0x0000000c   Zero   RW           74    .bss                led_task.o
    0x20007ba8   0x0000000c   Zero   RW          421    .bss                rgb.o
    0x20007bb4   0x000001a4   Zero   RW          565    .bss                tasks.o
    0x20007d58   0x00000200   Zero   RW          511    STACK               startup_rvmdk.o


==============================================================================

Image component sizes


      Code (inc. data)   RO Data    RW Data    ZI Data      Debug   Object Name

       292         50          0          2          0       1299   buttons.o
       186         60          0          0          0       1983   freertos_demo.o
       240         12          0         24      30000      18435   heap_2.o
       326         26          0          0          0       3194   lcd.o
       176         26          0          8         12       7715   led_task.o
       136          0          0          0          0       2762   list.o
       410         46          0          4          0      14708   port.o
      1148         14          0          0          0      16358   queue.o
       636         94          0          8         12       3628   rgb.o
       648        622          0          0        512        196   startup_rvmdk.o
       768        266         77          8          0       7017   switch_task.o
      1810        162          0         56        420      16020   tasks.o
       644         34         45         12          0       4267   uartstdio.o

    ----------------------------------------------------------------------
      7430       1412        160       1024      30956      97582   Object Totals
         0          0         32          0          0          0   (incl. Generated)
        10          0          6        902          0          0   (incl. Padding)

    ----------------------------------------------------------------------

      Code (inc. data)   RO Data    RW Data    ZI Data      Debug   Library Member Name

       646         18        552          0          0      10805   gpio.o
       152         16        268        620          0       2150   interrupt.o
         6          0          0          0          0        497   uart.o
        58          0          0          0          0          0   __dczerorl.o
         0          0          0          0          0          0   entry.o
         0          0          0          0          0          0   entry10a.o
         0          0          0          0          0          0   entry11a.o
         8          4          0          0          0          0   entry2.o
         4          0          0          0          0          0   entry5.o
         0          0          0          0          0          0   entry7b.o
         0          0          0          0          0          0   entry8b.o
         8          4          0          0          0          0   entry9a.o
        30          0          0          0          0          0   handlers.o
        36          8          0          0          0         68   init.o
        36          0          0          0          0         68   memcpya.o
        36          0          0          0          0        108   memseta.o

    ----------------------------------------------------------------------
      1030         50        820        620          0      13696   Library Totals
        10          0          0          0          0          0   (incl. Padding)

    ----------------------------------------------------------------------

      Code (inc. data)   RO Data    RW Data    ZI Data      Debug   Library Name

       804         34        820        620          0      13452   driverlib.lib
       216         16          0          0          0        244   mc_w.l

    ----------------------------------------------------------------------
      1030         50        820        620          0      13696   Library Totals

    ----------------------------------------------------------------------

==============================================================================


      Code (inc. data)   RO Data    RW Data    ZI Data      Debug   

      8460       1462        980       1644      30956     102626   Grand Totals
      8460       1462        980         28      30956     102626   ELF Image Totals (compressed)
      8460       1462        980         28          0          0   ROM Totals

==============================================================================

    Total RO  Size (Code + RO Data)                 9440 (   9.22kB)
    Total RW  Size (RW Data + ZI Data)             32600 (  31.84kB)
    Total ROM Size (Code + RO Data + RW Data)       9468 (   9.25kB)

==============================================================================

