<html>
<body>
<pre>
<h1>µVision Build Log</h1>
<h2>Project:</h2>
C:\Keil\Powe Window\Power-Window-Tiva-C\Power Window.uvproj
Project File Date:  05/16/2018

<h2>Output:</h2>
Build target 'freertos_demo'
compiling states_tasks.c...
linking...
Program Size: Code=7288 RO-data=1012 RW-data=1644 ZI-data=30932  
After Build - User command #1: fromelf --bin --output .\rvmdk\Power Window.bin .\rvmdk\Power Window.axf
Error: Q0466E: An output file can only be specified if there is a single input file
Finished: 0 information, 0 warning and 1 error messages.
".\rvmdk\Power Window.axf" - 0 Error(s), 0 Warning(s).
</pre>
</body>
</html>
ttonsInit();
states_tasks.c(264): error:  #147: declaration is incompatible with "void ButtonsInit(void)" (declared at line 88 of "drivers/buttons.h")
                ButtonsInit();
states_tasks.c(265): warning:  #1295-D: Deprecated declaration semaphoresInit - give arg types
                semaphoresInit();
states_tasks.c(265): error:  #260-D: explicit type is missing ("int" assumed)
                semaphoresInit();
states_tasks.c(266): error:  #169: expected a declaration
                return(0);
states_tasks.c(268): error:  #169: expected a declaration
  }
states_tasks.c: 3 warnings, 6 errors
".\rvmdk\Power Window.axf" - 6 Error(s), 3 Warning(s).
Target not created
  semaphoresInit();
states_tasks.c(265): error:  #169: expected a declaration
                return(0);
states_tasks.c(267): error:  #169: expected a declaration
  }
states_tasks.c: 3 warnings, 8 errors
".\rvmdk\Power Window.axf" - 8 Error(s), 3 Warning(s).
Target not created
 not created
d a declaration
                return(0);
states_tasks.c(267): error:  #169: expected a declaration
  }
states_tasks.c: 4 warnings, 7 errors
".\rvmdk\Power Window.axf" - 8 Error(s), 4 Warning(s).
Target not created
or:  #260-D: explicit type is missing ("int" assumed)
                semaphoresInit();
states_tasks.c(265): error:  #169: expected a declaration
                return(0);
states_tasks.c(267): error:  #169: expected a declaration
  }
states_tasks.c: 4 warnings, 9 errors
".\rvmdk\Power Window.axf" - 11 Error(s), 4 Warning(s).
Target not created
();
states_tasks.c(257): error:  #260-D: explicit type is missing ("int" assumed)
                semaphoresInit();
states_tasks.c(258): error:  #169: expected a declaration
                return(0);
states_tasks.c(260): error:  #169: expected a declaration
  }
states_tasks.c: 7 warnings, 9 errors
".\rvmdk\Power Window.axf" - 11 Error(s), 7 Warning(s).
Target not created
d ButtonsInit(void)" (declared at line 88 of "drivers/buttons.h")
                ButtonsInit();
states_tasks.c(257): warning:  #1295-D: Deprecated declaration semaphoresInit - give arg types
                semaphoresInit();
states_tasks.c(257): error:  #260-D: explicit type is missing ("int" assumed)
                semaphoresInit();
states_tasks.c(258): error:  #169: expected a declaration
                return(0);
states_tasks.c(260): error:  #169: expected a declaration
  }
states_tasks.c: 7 warnings, 9 errors
".\rvmdk\Power Window.axf" - 13 Error(s), 7 Warning(s).
Target not created
